D, [2017-12-12T21:59:49.123637 #261] DEBUG -- : [df319b1a-5168-4aa8-9a95-62761134b381]   [1m[36mFeed Load (0.5ms)[0m  [1m[34mSELECT feeds.*,users.name FROM `feeds` INNER JOIN `users` ON `users`.`id` = `feeds`.`user_id` WHERE (user_id IN (6) and feeds.id > 27) ORDER BY id DESC[0m
I, [2017-12-12T21:59:49.124142 #261]  INFO -- : [df319b1a-5168-4aa8-9a95-62761134b381] Completed 200 OK in 8ms (Views: 0.2ms | ActiveRecord: 2.0ms)
I, [2017-12-12T21:59:50.135340 #261]  INFO -- : [5fc42ce0-2bb5-4233-b1c2-1d1074638c8f] Started GET "/feeds/18/find_new" for 127.0.0.1 at 2017-12-12 21:59:50 +0000
I, [2017-12-12T21:59:50.136291 #261]  INFO -- : [5fc42ce0-2bb5-4233-b1c2-1d1074638c8f] Processing by FeedsController#find_new as */*
I, [2017-12-12T21:59:50.136406 #261]  INFO -- : [5fc42ce0-2bb5-4233-b1c2-1d1074638c8f]   Parameters: {"id"=>"18"}
D, [2017-12-12T21:59:50.137591 #261] DEBUG -- : [5fc42ce0-2bb5-4233-b1c2-1d1074638c8f]   [1m[36mUser Load (0.4ms)[0m  [1m[34mSELECT  `users`.* FROM `users` WHERE `users`.`id` = 1 LIMIT 1[0m
D, [2017-12-12T21:59:50.139716 #261] DEBUG -- : [5fc42ce0-2bb5-4233-b1c2-1d1074638c8f]   [1m[35m (0.4ms)[0m  [1m[34mSELECT `users`.`id` FROM `users` INNER JOIN `friends` ON `users`.`id` = `friends`.`to_user_id` WHERE `friends`.`from_user_id` = 1[0m
D, [2017-12-12T21:59:50.141485 #261] DEBUG -- : [5fc42ce0-2bb5-4233-b1c2-1d1074638c8f]   [1m[35m (0.4ms)[0m  [1m[34mSELECT `users`.`id` FROM `users` INNER JOIN `friends` ON `users`.`id` = `friends`.`from_user_id` WHERE `friends`.`to_user_id` = 1[0m
D, [2017-12-12T21:59:50.143205 #261] DEBUG -- : [5fc42ce0-2bb5-4233-b1c2-1d1074638c8f]   [1m[36mFeed Load (0.6ms)[0m  [1m[34mSELECT feeds.*,users.name FROM `feeds` INNER JOIN `users` ON `users`.`id` = `feeds`.`user_id` WHERE (user_id IN (2, 1) and feeds.id > 18) ORDER BY id DESC[0m
I, [2017-12-12T21:59:50.143882 #261]  INFO -- : [5fc42ce0-2bb5-4233-b1c2-1d1074638c8f] Completed 200 OK in 7ms (Views: 0.2ms | ActiveRecord: 1.9ms)
I, [2017-12-12T21:59:53.002103 #261]  INFO -- : [4e009e84-046c-4c5e-9912-52a88096e36c] Started POST "/friends" for 127.0.0.1 at 2017-12-12 21:59:53 +0000
I, [2017-12-12T21:59:53.003123 #261]  INFO -- : [4e009e84-046c-4c5e-9912-52a88096e36c] Processing by FriendsController#create as */*
I, [2017-12-12T21:59:53.003232 #261]  INFO -- : [4e009e84-046c-4c5e-9912-52a88096e36c]   Parameters: {"login_id"=>"nishimunea"}
D, [2017-12-12T21:59:53.004900 #261] DEBUG -- : [4e009e84-046c-4c5e-9912-52a88096e36c]   [1m[36mUser Load (0.5ms)[0m  [1m[34mSELECT  `users`.* FROM `users` WHERE `users`.`id` = 6 LIMIT 1[0m
D, [2017-12-12T21:59:53.006099 #261] DEBUG -- : [4e009e84-046c-4c5e-9912-52a88096e36c]   [1m[36mUser Load (0.4ms)[0m  [1m[34mSELECT  `users`.* FROM `users` WHERE `users`.`login_id` = 'nishimunea' LIMIT 1[0m
D, [2017-12-12T21:59:53.006758 #261] DEBUG -- : [4e009e84-046c-4c5e-9912-52a88096e36c]   [1m[35m (0.1ms)[0m  [1m[35mBEGIN[0m
D, [2017-12-12T21:59:53.008564 #261] DEBUG -- : [4e009e84-046c-4c5e-9912-52a88096e36c]   [1m[36mCACHE User Load (0.0ms)[0m  [1m[34mSELECT  `users`.* FROM `users` WHERE `users`.`id` = 6 LIMIT 1[0m  [["id", 6], ["LIMIT", 1]]
D, [2017-12-12T21:59:53.009765 #261] DEBUG -- : [4e009e84-046c-4c5e-9912-52a88096e36c]   [1m[36mUser Load (0.4ms)[0m  [1m[34mSELECT  `users`.* FROM `users` WHERE `users`.`id` = 1 LIMIT 1[0m
D, [2017-12-12T21:59:53.010856 #261] DEBUG -- : [4e009e84-046c-4c5e-9912-52a88096e36c]   [1m[36mFriend Load (0.4ms)[0m  [1m[34mSELECT  `friends`.* FROM `friends` WHERE `friends`.`from_user_id` = 6 AND `friends`.`to_user_id` = 1 LIMIT 1[0m
D, [2017-12-12T21:59:53.012635 #261] DEBUG -- : [4e009e84-046c-4c5e-9912-52a88096e36c]   [1m[35mSQL (0.4ms)[0m  [1m[32mINSERT INTO `friends` (`from_user_id`, `to_user_id`, `created_at`, `updated_at`) VALUES (6, 1, '2017-12-12 21:59:53', '2017-12-12 21:59:53')[0m
D, [2017-12-12T21:59:53.075366 #261] DEBUG -- : [4e009e84-046c-4c5e-9912-52a88096e36c]   [1m[35m (61.3ms)[0m  [1m[35mCOMMIT[0m
I, [2017-12-12T21:59:53.076522 #261]  INFO -- : [4e009e84-046c-4c5e-9912-52a88096e36c] Completed 200 OK in 73ms (Views: 0.3ms | ActiveRecord: 63.6ms)
I, [2017-12-12T21:59:53.179502 #258]  INFO -- : [bcf423c2-d188-458f-8072-2f2c11cd4b16] Started GET "/users/6/icon" for 127.0.0.1 at 2017-12-12 21:59:53 +0000
I, [2017-12-12T21:59:53.182253 #258]  INFO -- : [bcf423c2-d188-458f-8072-2f2c11cd4b16] Processing by UsersController#icon as */*
I, [2017-12-12T21:59:53.182420 #258]  INFO -- : [bcf423c2-d188-458f-8072-2f2c11cd4b16]   Parameters: {"id"=>"6"}
D, [2017-12-12T21:59:53.185446 #258] DEBUG -- : [bcf423c2-d188-458f-8072-2f2c11cd4b16]   [1m[36mUser Load (0.9ms)[0m  [1m[34mSELECT  `users`.* FROM `users` WHERE `users`.`id` = 6 LIMIT 1[0m
I, [2017-12-12T21:59:53.186891 #258]  INFO -- : [bcf423c2-d188-458f-8072-2f2c11cd4b16] Sent data  (0.7ms)
I, [2017-12-12T21:59:53.187322 #258]  INFO -- : [bcf423c2-d188-458f-8072-2f2c11cd4b16] Completed 200 OK in 5ms (Views: 0.2ms | ActiveRecord: 0.9ms)
I, [2017-12-12T21:59:53.199635 #261]  INFO -- : [72dea98f-0b08-4c9a-820a-b3f52ea53756] Started GET "/feeds" for 127.0.0.1 at 2017-12-12 21:59:53 +0000
I, [2017-12-12T21:59:53.202104 #261]  INFO -- : [72dea98f-0b08-4c9a-820a-b3f52ea53756] Processing by FeedsController#index as */*
D, [2017-12-12T21:59:53.205569 #261] DEBUG -- : [72dea98f-0b08-4c9a-820a-b3f52ea53756]   [1m[36mUser Load (0.7ms)[0m  [1m[34mSELECT  `users`.* FROM `users` WHERE `users`.`id` = 6 LIMIT 1[0m
D, [2017-12-12T21:59:53.212982 #261] DEBUG -- : [72dea98f-0b08-4c9a-820a-b3f52ea53756]   [1m[35m (1.4ms)[0m  [1m[34mSELECT `users`.`id` FROM `users` INNER JOIN `friends` ON `users`.`id` = `friends`.`to_user_id` WHERE `friends`.`from_user_id` = 6[0m
D, [2017-12-12T21:59:53.218456 #261] DEBUG -- : [72dea98f-0b08-4c9a-820a-b3f52ea53756]   [1m[35m (0.6ms)[0m  [1m[34mSELECT `users`.`id` FROM `users` INNER JOIN `friends` ON `users`.`id` = `friends`.`from_user_id` WHERE `friends`.`to_user_id` = 6[0m
D, [2017-12-12T21:59:53.221079 #261] DEBUG -- : [72dea98f-0b08-4c9a-820a-b3f52ea53756]   [1m[35m (1.0ms)[0m  [1m[34mSELECT COUNT(count_column) FROM (SELECT  feeds.*,users.name AS count_column FROM `feeds` INNER JOIN `users` ON `users`.`id` = `feeds`.`user_id` WHERE (user_id IN (1, 6)) ORDER BY id DESC LIMIT 30) subquery_for_count[0m
D, [2017-12-12T21:59:53.222801 #261] DEBUG -- : [72dea98f-0b08-4c9a-820a-b3f52ea53756]   [1m[36mFeed Load (0.8ms)[0m  [1m[34mSELECT  feeds.*,users.name FROM `feeds` INNER JOIN `users` ON `users`.`id` = `feeds`.`user_id` WHERE (user_id IN (1, 6)) ORDER BY id DESC LIMIT 30[0m
I, [2017-12-12T21:59:53.230834 #261]  INFO -- : [72dea98f-0b08-4c9a-820a-b3f52ea53756] Completed 200 OK in 28ms (Views: 8.4ms | ActiveRecord: 4.6ms)
I, [2017-12-12T21:59:53.274652 #258]  INFO -- : [991fe0d9-28c0-47a9-bd44-09e7e52ce7f7] Started GET "/users/1/icon" for 127.0.0.1 at 2017-12-12 21:59:53 +0000
I, [2017-12-12T21:59:53.275427 #258]  INFO -- : [991fe0d9-28c0-47a9-bd44-09e7e52ce7f7] Processing by UsersController#icon as */*
I, [2017-12-12T21:59:53.275689 #258]  INFO -- : [991fe0d9-28c0-47a9-bd44-09e7e52ce7f7]   Parameters: {"id"=>"1"}
D, [2017-12-12T21:59:53.279060 #258] DEBUG -- : [991fe0d9-28c0-47a9-bd44-09e7e52ce7f7]   [1m[36mUser Load (1.4ms)[0m  [1m[34mSELECT  `users`.* FROM `users` WHERE `users`.`id` = 1 LIMIT 1[0m
I, [2017-12-12T21:59:53.282395 #258]  INFO -- : [991fe0d9-28c0-47a9-bd44-09e7e52ce7f7] Sent data  (0.9ms)
I, [2017-12-12T21:59:53.283185 #258]  INFO -- : [991fe0d9-28c0-47a9-bd44-09e7e52ce7f7] Completed 200 OK in 7ms (Views: 0.3ms | ActiveRecord: 1.4ms)
I, [2017-12-12T21:59:54.388537 #261]  INFO -- : [4a1aeeba-4999-4295-b49b-6ef1f15bf2cf] Started GET "/feeds/1/find_old" for 127.0.0.1 at 2017-12-12 21:59:54 +0000
I, [2017-12-12T21:59:54.389670 #261]  INFO -- : [4a1aeeba-4999-4295-b49b-6ef1f15bf2cf] Processing by FeedsController#find_old as */*
I, [2017-12-12T21:59:54.389801 #261]  INFO -- : [4a1aeeba-4999-4295-b49b-6ef1f15bf2cf]   Parameters: {"id"=>"1"}
D, [2017-12-12T21:59:54.391879 #261] DEBUG -- : [4a1aeeba-4999-4295-b49b-6ef1f15bf2cf]   [1m[36mUser Load (0.6ms)[0m  [1m[34mSELECT  `users`.* FROM `users` WHERE `users`.`id` = 6 LIMIT 1[0m
D, [2017-12-12T21:59:54.394887 #261] DEBUG -- : [4a1aeeba-4999-4295-b49b-6ef1f15bf2cf]   [1m[35m (1.0ms)[0m  [1m[34mSELECT `users`.`id` FROM `users` INNER JOIN `friends` ON `users`.`id` = `friends`.`to_user_id` WHERE `friends`.`from_user_id` = 6[0m
D, [2017-12-12T21:59:54.397874 #261] DEBUG -- : [4a1aeeba-4999-4295-b49b-6ef1f15bf2cf]   [1m[35m (0.5ms)[0m  [1m[34mSELECT `users`.`id` FROM `users` INNER JOIN `friends` ON `users`.`id` = `friends`.`from_user_id` WHERE `friends`.`to_user_id` = 6[0m
D, [2017-12-12T21:59:54.399341 #261] DEBUG -- : [4a1aeeba-4999-4295-b49b-6ef1f15bf2cf]   [1m[36mFeed Load (0.5ms)[0m  [1m[34mSELECT  feeds.*,users.name FROM `feeds` INNER JOIN `users` ON `users`.`id` = `feeds`.`user_id` WHERE (user_id IN (1, 6) and feeds.id < 1) ORDER BY id DESC LIMIT 30[0m
I, [2017-12-12T21:59:54.399876 #261]  INFO -- : [4a1aeeba-4999-4295-b49b-6ef1f15bf2cf] Completed 200 OK in 10ms (Views: 0.2ms | ActiveRecord: 2.6ms)
I, [2017-12-12T21:59:56.725718 #258]  INFO -- : [c05fd86e-4c27-4821-b260-0aae37b406df] Started GET "/feeds/18/find_new" for 127.0.0.1 at 2017-12-12 21:59:56 +0000
I, [2017-12-12T21:59:56.726839 #258]  INFO -- : [c05fd86e-4c27-4821-b260-0aae37b406df] Processing by FeedsController#find_new as */*
I, [2017-12-12T21:59:56.726984 #258]  INFO -- : [c05fd86e-4c27-4821-b260-0aae37b406df]   Parameters: {"id"=>"18"}
D, [2017-12-12T21:59:56.729015 #258] DEBUG -- : [c05fd86e-4c27-4821-b260-0aae37b406df]   [1m[36mUser Load (0.6ms)[0m  [1m[34mSELECT  `users`.* FROM `users` WHERE `users`.`id` = 1 LIMIT 1[0m
D, [2017-12-12T21:59:56.732243 #258] DEBUG -- : [c05fd86e-4c27-4821-b260-0aae37b406df]   [1m[35m (0.5ms)[0m  [1m[34mSELECT `users`.`id` FROM `users` INNER JOIN `friends` ON `users`.`id` = `friends`.`to_user_id` WHERE `friends`.`from_user_id` = 1[0m
D, [2017-12-12T21:59:56.734132 #258] DEBUG -- : [c05fd86e-4c27-4821-b260-0aae37b406df]   [1m[35m (0.5ms)[0m  [1m[34mSELECT `users`.`id` FROM `users` INNER JOIN `friends` ON `users`.`id` = `friends`.`from_user_id` WHERE `friends`.`to_user_id` = 1[0m
D, [2017-12-12T21:59:56.735722 #258] DEBUG -- : [c05fd86e-4c27-4821-b260-0aae37b406df]   [1m[36mFeed Load (0.6ms)[0m  [1m[34mSELECT feeds.*,users.name FROM `feeds` INNER JOIN `users` ON `users`.`id` = `feeds`.`user_id` WHERE (user_id IN (2, 6, 1) and feeds.id > 18) ORDER BY id DESC[0m
I, [2017-12-12T21:59:56.736366 #258]  INFO -- : [c05fd86e-4c27-4821-b260-0aae37b406df] Completed 200 OK in 9ms (Views: 0.2ms | ActiveRecord: 2.1ms)
I, [2017-12-12T21:59:59.681190 #261]  INFO -- : [3a62ec87-a59b-4af6-aece-20b55b8331b3] Started GET "/feeds/27/find_new" for 127.0.0.1 at 2017-12-12 21:59:59 +0000
I, [2017-12-12T21:59:59.682342 #261]  INFO -- : [3a62ec87-a59b-4af6-aece-20b55b8331b3] Processing by FeedsController#find_new as */*
I, [2017-12-12T21:59:59.682515 #261]  INFO -- : [3a62ec87-a59b-4af6-aece-20b55b8331b3]   Parameters: {"id"=>"27"}
D, [2017-12-12T21:59:59.684586 #261] DEBUG -- : [3a62ec87-a59b-4af6-aece-20b55b8331b3]   [1m[36mUser Load (0.6ms)[0m  [1m[34mSELECT  `users`.* FROM `users` WHERE `users`.`id` = 6 LIMIT 1[0m
D, [2017-12-12T21:59:59.687812 #261] DEBUG -- : [3a62ec87-a59b-4af6-aece-20b55b8331b3]   [1m[35m (0.5ms)[0m  [1m[34mSELECT `users`.`id` FROM `users` INNER JOIN `friends` ON `users`.`id` = `friends`.`to_user_id` WHERE `friends`.`from_user_id` = 6[0m
D, [2017-12-12T21:59:59.689608 #261] DEBUG -- : [3a62ec87-a59b-4af6-aece-20b55b8331b3]   [1m[35m (0.4ms)[0m  [1m[34mSELECT `users`.`id` FROM `users` INNER JOIN `friends` ON `users`.`id` = `friends`.`from_user_id` WHERE `friends`.`to_user_id` = 6[0m
D, [2017-12-12T21:59:59.691041 #261] DEBUG -- : [3a62ec87-a59b-4af6-aece-20b55b8331b3]   [1m[36mFeed Load (0.6ms)[0m  [1m[34mSELECT feeds.*,users.name FROM `feeds` INNER JOIN `users` ON `users`.`id` = `feeds`.`user_id` WHERE (user_id IN (1, 6) and feeds.id > 27) ORDER BY id DESC[0m
I, [2017-12-12T21:59:59.691542 #261]  INFO -- : [3a62ec87-a59b-4af6-aece-20b55b8331b3] Completed 200 OK in 9ms (Views: 0.2ms | ActiveRecord: 2.1ms)
I, [2017-12-12T21:59:59.663316 #258]  INFO -- : [eda49637-d9ab-46ec-8be6-89b95d96496b] Started POST "/feeds" for 127.0.0.1 at 2017-12-12 21:59:59 +0000
I, [2017-12-12T21:59:59.665679 #258]  INFO -- : [eda49637-d9ab-46ec-8be6-89b95d96496b] Processing by FeedsController#create as */*
I, [2017-12-12T21:59:59.666107 #258]  INFO -- : [eda49637-d9ab-46ec-8be6-89b95d96496b]   Parameters: {"comment"=>"é£¯ãƒ†ãƒ­ã—ã«æ¥ãŸãžã€œ", "feed_type"=>"text"}
D, [2017-12-12T21:59:59.669764 #258] DEBUG -- : [eda49637-d9ab-46ec-8be6-89b95d96496b]   [1m[36mUser Load (0.7ms)[0m  [1m[34mSELECT  `users`.* FROM `users` WHERE `users`.`id` = 6 LIMIT 1[0m
D, [2017-12-12T21:59:59.670919 #258] DEBUG -- : [eda49637-d9ab-46ec-8be6-89b95d96496b]   [1m[35m (0.2ms)[0m  [1m[35mBEGIN[0m
D, [2017-12-12T21:59:59.673982 #258] DEBUG -- : [eda49637-d9ab-46ec-8be6-89b95d96496b]   [1m[35mSQL (0.5ms)[0m  [1m[32mINSERT INTO `feeds` (`feed_type`, `user_id`, `comment`, `created_at`, `updated_at`) VALUES ('text', 6, 'é£¯ãƒ†ãƒ­ã—ã«æ¥ãŸãžã€œ', '2017-12-12 21:59:59', '2017-12-12 21:59:59')[0m
D, [2017-12-12T21:59:59.701325 #258] DEBUG -- : [eda49637-d9ab-46ec-8be6-89b95d96496b]   [1m[35m (26.7ms)[0m  [1m[35mCOMMIT[0m
I, [2017-12-12T21:59:59.702070 #258]  INFO -- : [eda49637-d9ab-46ec-8be6-89b95d96496b] Completed 200 OK in 36ms (Views: 0.3ms | ActiveRecord: 28.2ms)
I, [2017-12-12T21:59:59.794722 #261]  INFO -- : [2f840015-e758-4242-997d-7c0c9770b945] Started GET "/users/6/icon" for 127.0.0.1 at 2017-12-12 21:59:59 +0000
I, [2017-12-12T21:59:59.794756 #258]  INFO -- : [85a81f77-9204-4f2a-a8e1-4e03ed9a54d8] Started GET "/feeds" for 127.0.0.1 at 2017-12-12 21:59:59 +0000
I, [2017-12-12T21:59:59.796123 #258]  INFO -- : [85a81f77-9204-4f2a-a8e1-4e03ed9a54d8] Processing by FeedsController#index as */*
I, [2017-12-12T21:59:59.796621 #261]  INFO -- : [2f840015-e758-4242-997d-7c0c9770b945] Processing by UsersController#icon as */*
I, [2017-12-12T21:59:59.796966 #261]  INFO -- : [2f840015-e758-4242-997d-7c0c9770b945]   Parameters: {"id"=>"6"}
D, [2017-12-12T21:59:59.799468 #258] DEBUG -- : [85a81f77-9204-4f2a-a8e1-4e03ed9a54d8]   [1m[36mUser Load (1.1ms)[0m  [1m[34mSELECT  `users`.* FROM `users` WHERE `users`.`id` = 6 LIMIT 1[0m
D, [2017-12-12T21:59:59.801810 #261] DEBUG -- : [2f840015-e758-4242-997d-7c0c9770b945]   [1m[36mUser Load (1.4ms)[0m  [1m[34mSELECT  `users`.* FROM `users` WHERE `users`.`id` = 6 LIMIT 1[0m
D, [2017-12-12T21:59:59.804493 #258] DEBUG -- : [85a81f77-9204-4f2a-a8e1-4e03ed9a54d8]   [1m[35m (0.9ms)[0m  [1m[34mSELECT `users`.`id` FROM `users` INNER JOIN `friends` ON `users`.`id` = `friends`.`to_user_id` WHERE `friends`.`from_user_id` = 6[0m
I, [2017-12-12T21:59:59.804536 #261]  INFO -- : [2f840015-e758-4242-997d-7c0c9770b945] Sent data  (1.3ms)
I, [2017-12-12T21:59:59.804891 #261]  INFO -- : [2f840015-e758-4242-997d-7c0c9770b945] Completed 200 OK in 8ms (Views: 0.2ms | ActiveRecord: 1.4ms)
D, [2017-12-12T21:59:59.813161 #258] DEBUG -- : [85a81f77-9204-4f2a-a8e1-4e03ed9a54d8]   [1m[35m (0.7ms)[0m  [1m[34mSELECT `users`.`id` FROM `users` INNER JOIN `friends` ON `users`.`id` = `friends`.`from_user_id` WHERE `friends`.`to_user_id` = 6[0m
D, [2017-12-12T21:59:59.816936 #258] DEBUG -- : [85a81f77-9204-4f2a-a8e1-4e03ed9a54d8]   [1m[35m (1.8ms)[0m  [1m[34mSELECT COUNT(count_column) FROM (SELECT  feeds.*,users.name AS count_column FROM `feeds` INNER JOIN `users` ON `users`.`id` = `feeds`.`user_id` WHERE (user_id IN (1, 6)) ORDER BY id DESC LIMIT 30) subquery_for_count[0m
D, [2017-12-12T21:59:59.820624 #258] DEBUG -- : [85a81f77-9204-4f2a-a8e1-4e03ed9a54d8]   [1m[36mFeed Load (2.0ms)[0m  [1m[34mSELECT  feeds.*,users.name FROM `feeds` INNER JOIN `users` ON `users`.`id` = `feeds`.`user_id` WHERE (user_id IN (1, 6)) ORDER BY id DESC LIMIT 30[0m
I, [2017-12-12T21:59:59.833263 #258]  INFO -- : [85a81f77-9204-4f2a-a8e1-4e03ed9a54d8] Completed 200 OK in 37ms (Views: 13.5ms | ActiveRecord: 6.5ms)
I, [2017-12-12T21:59:59.896154 #258]  INFO -- : [758e4fa2-4523-48be-a234-6863177555ce] Started GET "/users/1/icon" for 127.0.0.1 at 2017-12-12 21:59:59 +0000
I, [2017-12-12T21:59:59.900023 #258]  INFO -- : [758e4fa2-4523-48be-a234-6863177555ce] Processing by UsersController#icon as */*
I, [2017-12-12T21:59:59.900220 #258]  INFO -- : [758e4fa2-4523-48be-a234-6863177555ce]   Parameters: {"id"=>"1"}
D, [2017-12-12T21:59:59.902599 #258] DEBUG -- : [758e4fa2-4523-48be-a234-6863177555ce]   [1m[36mUser Load (0.9ms)[0m  [1m[34mSELECT  `users`.* FROM `users` WHERE `users`.`id` = 1 LIMIT 1[0m
I, [2017-12-12T21:59:59.903698 #258]  INFO -- : [758e4fa2-4523-48be-a234-6863177555ce] Sent data  (0.4ms)
I, [2017-12-12T21:59:59.903962 #258]  INFO -- : [758e4fa2-4523-48be-a234-6863177555ce] Completed 200 OK in 4ms (Views: 0.1ms | ActiveRecord: 0.9ms)
I, [2017-12-12T22:00:01.010072 #258]  INFO -- : [a9ec375e-ecc1-46af-afb9-857a3f9b41b5] Started GET "/feeds/1/find_old" for 127.0.0.1 at 2017-12-12 22:00:01 +0000
I, [2017-12-12T22:00:01.010965 #258]  INFO -- : [a9ec375e-ecc1-46af-afb9-857a3f9b41b5] Processing by FeedsController#find_old as */*
I, [2017-12-12T22:00:01.011042 #258]  INFO -- : [a9ec375e-ecc1-46af-afb9-857a3f9b41b5]   Parameters: {"id"=>"1"}
D, [2017-12-12T22:00:01.012645 #258] DEBUG -- : [a9ec375e-ecc1-46af-afb9-857a3f9b41b5]   [1m[36mUser Load (0.5ms)[0m  [1m[34mSELECT  `users`.* FROM `users` WHERE `users`.`id` = 6 LIMIT 1[0m
D, [2017-12-12T22:00:01.017201 #258] DEBUG -- : [a9ec375e-ecc1-46af-afb9-857a3f9b41b5]   [1m[35m (1.0ms)[0m  [1m[34mSELECT `users`.`id` FROM `users` INNER JOIN `friends` ON `users`.`id` = `friends`.`to_user_id` WHERE `friends`.`from_user_id` = 6[0m
D, [2017-12-12T22:00:01.020178 #258] DEBUG -- : [a9ec375e-ecc1-46af-afb9-857a3f9b41b5]   [1m[35m (0.6ms)[0m  [1m[34mSELECT `users`.`id` FROM `users` INNER JOIN `friends` ON `users`.`id` = `friends`.`from_user_id` WHERE `friends`.`to_user_id` = 6[0m
D, [2017-12-12T22:00:01.021748 #258] DEBUG -- : [a9ec375e-ecc1-46af-afb9-857a3f9b41b5]   [1m[36mFeed Load (0.5ms)[0m  [1m[34mSELECT  feeds.*,users.name FROM `feeds` INNER JOIN `users` ON `users`.`id` = `feeds`.`user_id` WHERE (user_id IN (1, 6) and feeds.id < 1) ORDER BY id DESC LIMIT 30[0m
I, [2017-12-12T22:00:01.022333 #258]  INFO -- : [a9ec375e-ecc1-46af-afb9-857a3f9b41b5] Completed 200 OK in 11ms (Views: 0.2ms | ActiveRecord: 2.6ms)
I, [2017-12-12T22:00:01.879137 #258]  INFO -- : [8499423d-b30c-4dfe-85db-666e56e58bb6] Started GET "/feeds/18/find_new" for 127.0.0.1 at 2017-12-12 22:00:01 +0000
I, [2017-12-12T22:00:01.879872 #258]  INFO -- : [8499423d-b30c-4dfe-85db-666e56e58bb6] Processing by FeedsController#find_new as */*
I, [2017-12-12T22:00:01.879956 #258]  INFO -- : [8499423d-b30c-4dfe-85db-666e56e58bb6]   Parameters: {"id"=>"18"}
D, [2017-12-12T22:00:01.881562 #258] DEBUG -- : [8499423d-b30c-4dfe-85db-666e56e58bb6]   [1m[36mUser Load (0.6ms)[0m  [1m[34mSELECT  `users`.* FROM `users` WHERE `users`.`id` = 1 LIMIT 1[0m
D, [2017-12-12T22:00:01.884515 #258] DEBUG -- : [8499423d-b30c-4dfe-85db-666e56e58bb6]   [1m[35m (0.8ms)[0m  [1m[34mSELECT `users`.`id` FROM `users` INNER JOIN `friends` ON `users`.`id` = `friends`.`to_user_id` WHERE `friends`.`from_user_id` = 1[0m
D, [2017-12-12T22:00:01.887113 #258] DEBUG -- : [8499423d-b30c-4dfe-85db-666e56e58bb6]   [1m[35m (0.7ms)[0m  [1m[34mSELECT `users`.`id` FROM `users` INNER JOIN `friends` ON `users`.`id` = `friends`.`from_user_id` WHERE `friends`.`to_user_id` = 1[0m
D, [2017-12-12T22:00:01.888655 #258] DEBUG -- : [8499423d-b30c-4dfe-85db-666e56e58bb6]   [1m[36mFeed Load (0.6ms)[0m  [1m[34mSELECT feeds.*,users.name FROM `feeds` INNER JOIN `users` ON `users`.`id` = `feeds`.`user_id` WHERE (user_id IN (2, 6, 1) and feeds.id > 18) ORDER BY id DESC[0m
I, [2017-12-12T22:00:01.889300 #258]  INFO -- : [8499423d-b30c-4dfe-85db-666e56e58bb6] Completed 200 OK in 9ms (Views: 0.2ms | ActiveRecord: 2.6ms)
I, [2017-12-12T22:00:06.407140 #261]  INFO -- : [45186a56-2ff6-43f2-9090-c14fc4da55aa] Started GET "/feeds/28/find_new" for 127.0.0.1 at 2017-12-12 22:00:06 +0000
I, [2017-12-12T22:00:06.408290 #261]  INFO -- : [45186a56-2ff6-43f2-9090-c14fc4da55aa] Processing by FeedsController#find_new as */*
I, [2017-12-12T22:00:06.408427 #261]  INFO -- : [45186a56-2ff6-43f2-9090-c14fc4da55aa]   Parameters: {"id"=>"28"}
D, [2017-12-12T22:00:06.410515 #261] DEBUG -- : [45186a56-2ff6-43f2-9090-c14fc4da55aa]   [1m[36mUser Load (0.7ms)[0m  [1m[34mSELECT  `users`.* FROM `users` WHERE `users`.`id` = 6 LIMIT 1[0m
D, [2017-12-12T22:00:06.414811 #261] DEBUG -- : [45186a56-2ff6-43f2-9090-c14fc4da55aa]   [1m[35m (0.8ms)[0m  [1m[34mSELECT `users`.`id` FROM `users` INNER JOIN `friends` ON `users`.`id` = `friends`.`to_user_id` WHERE `friends`.`from_user_id` = 6[0m
D, [2017-12-12T22:00:06.417107 #261] DEBUG -- : [45186a56-2ff6-43f2-9090-c14fc4da55aa]   [1m[35m (0.4ms)[0m  [1m[34mSELECT `users`.`id` FROM `users` INNER JOIN `friends` ON `users`.`id` = `friends`.`from_user_id` WHERE `friends`.`to_user_id` = 6[0m
D, [2017-12-12T22:00:06.418503 #261] DEBUG -- : [45186a56-2ff6-43f2-9090-c14fc4da55aa]   [1m[36mFeed Load (0.5ms)[0m  [1m[34mSELECT feeds.*,users.name FROM `feeds` INNER JOIN `users` ON `users`.`id` = `feeds`.`user_id` WHERE (user_id IN (1, 6) and feeds.id > 28) ORDER BY id DESC[0m
I, [2017-12-12T22:00:06.419024 #261]  INFO -- : [45186a56-2ff6-43f2-9090-c14fc4da55aa] Completed 200 OK in 10ms (Views: 0.2ms | ActiveRecord: 2.3ms)
I, [2017-12-12T22:00:08.458377 #261]  INFO -- : [88778f7f-7b79-484b-8183-68b544a6bd11] Started GET "/feeds/18/find_new" for 127.0.0.1 at 2017-12-12 22:00:08 +0000
I, [2017-12-12T22:00:08.459090 #261]  INFO -- : [88778f7f-7b79-484b-8183-68b544a6bd11] Processing by FeedsController#find_new as */*
I, [2017-12-12T22:00:08.459198 #261]  INFO -- : [88778f7f-7b79-484b-8183-68b544a6bd11]   Parameters: {"id"=>"18"}
D, [2017-12-12T22:00:08.460469 #261] DEBUG -- : [88778f7f-7b79-484b-8183-68b544a6bd11]   [1m[36mUser Load (0.4ms)[0m  [1m[34mSELECT  `users`.* FROM `users` WHERE `users`.`id` = 1 LIMIT 1[0m
D, [2017-12-12T22:00:08.462727 #261] DEBUG -- : [88778f7f-7b79-484b-8183-68b544a6bd11]   [1m[35m (0.5ms)[0m  [1m[34mSELECT `users`.`id` FROM `users` INNER JOIN `friends` ON `users`.`id` = `friends`.`to_user_id` WHERE `friends`.`from_user_id` = 1[0m
D, [2017-12-12T22:00:08.464749 #261] DEBUG -- : [88778f7f-7b79-484b-8183-68b544a6bd11]   [1m[35m (0.5ms)[0m  [1m[34mSELECT `users`.`id` FROM `users` INNER JOIN `friends` ON `users`.`id` = `friends`.`from_user_id` WHERE `friends`.`to_user_id` = 1[0m
D, [2017-12-12T22:00:08.466529 #261] DEBUG -- : [88778f7f-7b79-484b-8183-68b544a6bd11]   [1m[36mFeed Load (0.5ms)[0m  [1m[34mSELECT feeds.*,users.name FROM `feeds` INNER JOIN `users` ON `users`.`id` = `feeds`.`user_id` WHERE (user_id IN (2, 6, 1) and feeds.id > 18) ORDER BY id DESC[0m
I, [2017-12-12T22:00:08.467177 #261]  INFO -- : [88778f7f-7b79-484b-8183-68b544a6bd11] Completed 200 OK in 8ms (Views: 0.2ms | ActiveRecord: 1.9ms)
I, [2017-12-12T22:00:10.136523 #258]  INFO -- : [b403bf26-c340-474a-8fe7-6dafae61d62d] Started POST "/feeds" for 127.0.0.1 at 2017-12-12 22:00:10 +0000
I, [2017-12-12T22:00:10.139597 #258]  INFO -- : [b403bf26-c340-474a-8fe7-6dafae61d62d] Processing by FeedsController#create as */*
I, [2017-12-12T22:00:10.139735 #258]  INFO -- : [b403bf26-c340-474a-8fe7-6dafae61d62d]   Parameters: {"image"=>#<ActionDispatch::Http::UploadedFile:0x0000000002346f50 @tempfile=#<Tempfile:/tmp/RackMultipart20171212-258-kz735g.jpg>, @original_filename="niku1.jpg", @content_type="image/jpeg", @headers="Content-Disposition: form-data; name=\"image\"; filename=\"niku1.jpg\"\r\nContent-Type: image/jpeg\r\n">, "feed_type"=>"image"}
D, [2017-12-12T22:00:10.141251 #258] DEBUG -- : [b403bf26-c340-474a-8fe7-6dafae61d62d]   [1m[36mUser Load (0.5ms)[0m  [1m[34mSELECT  `users`.* FROM `users` WHERE `users`.`id` = 6 LIMIT 1[0m
D, [2017-12-12T22:00:10.250553 #258] DEBUG -- : [b403bf26-c340-474a-8fe7-6dafae61d62d]   [1m[35m (0.3ms)[0m  [1m[35mBEGIN[0m
D, [2017-12-12T22:00:10.253644 #258] DEBUG -- : [b403bf26-c340-474a-8fe7-6dafae61d62d]   [1m[35mSQL (0.5ms)[0m  [1m[32mINSERT INTO `feeds` (`feed_type`, `user_id`, `image_file_name`, `exif`, `created_at`, `updated_at`) VALUES ('image', 6, 'default.png', ' ', '2017-12-12 22:00:10', '2017-12-12 22:00:10')[0m
D, [2017-12-12T22:00:10.308486 #258] DEBUG -- : [b403bf26-c340-474a-8fe7-6dafae61d62d]   [1m[35m (53.7ms)[0m  [1m[35mCOMMIT[0m
D, [2017-12-12T22:00:10.313438 #258] DEBUG -- : [b403bf26-c340-474a-8fe7-6dafae61d62d]   [1m[35m (0.3ms)[0m  [1m[35mBEGIN[0m
D, [2017-12-12T22:00:10.315718 #258] DEBUG -- : [b403bf26-c340-474a-8fe7-6dafae61d62d]   [1m[35mSQL (0.5ms)[0m  [1m[33mUPDATE `feeds` SET `image_file_name` = '29.jpg' WHERE `feeds`.`id` = 29[0m
D, [2017-12-12T22:00:10.364162 #258] DEBUG -- : [b403bf26-c340-474a-8fe7-6dafae61d62d]   [1m[35m (47.8ms)[0m  [1m[35mCOMMIT[0m
I, [2017-12-12T22:00:10.364861 #258]  INFO -- : [b403bf26-c340-474a-8fe7-6dafae61d62d] Completed 200 OK in 225ms (Views: 0.3ms | ActiveRecord: 103.5ms)
I, [2017-12-12T22:00:10.442447 #261]  INFO -- : [46c315ec-de1b-437f-a489-f9520163c340] Started GET "/users/6/icon" for 127.0.0.1 at 2017-12-12 22:00:10 +0000
I, [2017-12-12T22:00:10.443437 #258]  INFO -- : [0413af3c-d6cf-4904-801e-cb2a28b7f5dd] Started GET "/feeds" for 127.0.0.1 at 2017-12-12 22:00:10 +0000
I, [2017-12-12T22:00:10.443681 #261]  INFO -- : [46c315ec-de1b-437f-a489-f9520163c340] Processing by UsersController#icon as */*
I, [2017-12-12T22:00:10.443828 #261]  INFO -- : [46c315ec-de1b-437f-a489-f9520163c340]   Parameters: {"id"=>"6"}
I, [2017-12-12T22:00:10.445279 #258]  INFO -- : [0413af3c-d6cf-4904-801e-cb2a28b7f5dd] Processing by FeedsController#index as */*
D, [2017-12-12T22:00:10.446472 #261] DEBUG -- : [46c315ec-de1b-437f-a489-f9520163c340]   [1m[36mUser Load (0.9ms)[0m  [1m[34mSELECT  `users`.* FROM `users` WHERE `users`.`id` = 6 LIMIT 1[0m
D, [2017-12-12T22:00:10.447571 #258] DEBUG -- : [0413af3c-d6cf-4904-801e-cb2a28b7f5dd]   [1m[36mUser Load (0.6ms)[0m  [1m[34mSELECT  `users`.* FROM `users` WHERE `users`.`id` = 6 LIMIT 1[0m
I, [2017-12-12T22:00:10.447921 #261]  INFO -- : [46c315ec-de1b-437f-a489-f9520163c340] Sent data  (0.5ms)
I, [2017-12-12T22:00:10.449641 #261]  INFO -- : [46c315ec-de1b-437f-a489-f9520163c340] Completed 200 OK in 6ms (Views: 0.2ms | ActiveRecord: 0.9ms)
D, [2017-12-12T22:00:10.457173 #258] DEBUG -- : [0413af3c-d6cf-4904-801e-cb2a28b7f5dd]   [1m[35m (1.6ms)[0m  [1m[34mSELECT `users`.`id` FROM `users` INNER JOIN `friends` ON `users`.`id` = `friends`.`to_user_id` WHERE `friends`.`from_user_id` = 6[0m
D, [2017-12-12T22:00:10.463276 #258] DEBUG -- : [0413af3c-d6cf-4904-801e-cb2a28b7f5dd]   [1m[35m (1.1ms)[0m  [1m[34mSELECT `users`.`id` FROM `users` INNER JOIN `friends` ON `users`.`id` = `friends`.`from_user_id` WHERE `friends`.`to_user_id` = 6[0m
D, [2017-12-12T22:00:10.467850 #258] DEBUG -- : [0413af3c-d6cf-4904-801e-cb2a28b7f5dd]   [1m[35m (0.7ms)[0m  [1m[34mSELECT COUNT(count_column) FROM (SELECT  feeds.*,users.name AS count_column FROM `feeds` INNER JOIN `users` ON `users`.`id` = `feeds`.`user_id` WHERE (user_id IN (1, 6)) ORDER BY id DESC LIMIT 30) subquery_for_count[0m
D, [2017-12-12T22:00:10.469213 #258] DEBUG -- : [0413af3c-d6cf-4904-801e-cb2a28b7f5dd]   [1m[36mFeed Load (0.6ms)[0m  [1m[34mSELECT  feeds.*,users.name FROM `feeds` INNER JOIN `users` ON `users`.`id` = `feeds`.`user_id` WHERE (user_id IN (1, 6)) ORDER BY id DESC LIMIT 30[0m
I, [2017-12-12T22:00:10.485795 #258]  INFO -- : [0413af3c-d6cf-4904-801e-cb2a28b7f5dd] Completed 200 OK in 40ms (Views: 16.7ms | ActiveRecord: 4.5ms)
I, [2017-12-12T22:00:10.549672 #261]  INFO -- : [3b443f53-c836-46bd-86af-e1a277825c04] Started GET "/users/1/icon" for 127.0.0.1 at 2017-12-12 22:00:10 +0000
I, [2017-12-12T22:00:10.551346 #261]  INFO -- : [3b443f53-c836-46bd-86af-e1a277825c04] Processing by UsersController#icon as */*
I, [2017-12-12T22:00:10.551546 #261]  INFO -- : [3b443f53-c836-46bd-86af-e1a277825c04]   Parameters: {"id"=>"1"}
D, [2017-12-12T22:00:10.557894 #261] DEBUG -- : [3b443f53-c836-46bd-86af-e1a277825c04]   [1m[36mUser Load (2.6ms)[0m  [1m[34mSELECT  `users`.* FROM `users` WHERE `users`.`id` = 1 LIMIT 1[0m
I, [2017-12-12T22:00:10.559008 #261]  INFO -- : [3b443f53-c836-46bd-86af-e1a277825c04] Sent data  (0.3ms)
I, [2017-12-12T22:00:10.559313 #261]  INFO -- : [3b443f53-c836-46bd-86af-e1a277825c04] Completed 200 OK in 7ms (Views: 0.1ms | ActiveRecord: 2.6ms)
I, [2017-12-12T22:00:11.664693 #261]  INFO -- : [18708fce-cf67-448f-a040-c3034fb4e3da] Started GET "/feeds/1/find_old" for 127.0.0.1 at 2017-12-12 22:00:11 +0000
I, [2017-12-12T22:00:11.665674 #261]  INFO -- : [18708fce-cf67-448f-a040-c3034fb4e3da] Processing by FeedsController#find_old as */*
I, [2017-12-12T22:00:11.665872 #261]  INFO -- : [18708fce-cf67-448f-a040-c3034fb4e3da]   Parameters: {"id"=>"1"}
D, [2017-12-12T22:00:11.667300 #261] DEBUG -- : [18708fce-cf67-448f-a040-c3034fb4e3da]   [1m[36mUser Load (0.4ms)[0m  [1m[34mSELECT  `users`.* FROM `users` WHERE `users`.`id` = 6 LIMIT 1[0m
D, [2017-12-12T22:00:11.670207 #261] DEBUG -- : [18708fce-cf67-448f-a040-c3034fb4e3da]   [1m[35m (0.7ms)[0m  [1m[34mSELECT `users`.`id` FROM `users` INNER JOIN `friends` ON `users`.`id` = `friends`.`to_user_id` WHERE `friends`.`from_user_id` = 6[0m
D, [2017-12-12T22:00:11.672268 #261] DEBUG -- : [18708fce-cf67-448f-a040-c3034fb4e3da]   [1m[35m (0.5ms)[0m  [1m[34mSELECT `users`.`id` FROM `users` INNER JOIN `friends` ON `users`.`id` = `friends`.`from_user_id` WHERE `friends`.`to_user_id` = 6[0m
D, [2017-12-12T22:00:11.673676 #261] DEBUG -- : [18708fce-cf67-448f-a040-c3034fb4e3da]   [1m[36mFeed Load (0.5ms)[0m  [1m[34mSELECT  feeds.*,users.name FROM `feeds` INNER JOIN `users` ON `users`.`id` = `feeds`.`user_id` WHERE (user_id IN (1, 6) and feeds.id < 1) ORDER BY id DESC LIMIT 30[0m
I, [2017-12-12T22:00:11.674381 #261]  INFO -- : [18708fce-cf67-448f-a040-c3034fb4e3da] Completed 200 OK in 8ms (Views: 0.2ms | ActiveRecord: 2.0ms)
I, [2017-12-12T22:00:14.922922 #258]  INFO -- : [467c1cfa-661b-4286-9f4b-4f2093f3d829] Started GET "/feeds/18/find_new" for 127.0.0.1 at 2017-12-12 22:00:14 +0000
I, [2017-12-12T22:00:14.923685 #258]  INFO -- : [467c1cfa-661b-4286-9f4b-4f2093f3d829] Processing by FeedsController#find_new as */*
I, [2017-12-12T22:00:14.923754 #258]  INFO -- : [467c1cfa-661b-4286-9f4b-4f2093f3d829]   Parameters: {"id"=>"18"}
D, [2017-12-12T22:00:14.924958 #258] DEBUG -- : [467c1cfa-661b-4286-9f4b-4f2093f3d829]   [1m[36mUser Load (0.4ms)[0m  [1m[34mSELECT  `users`.* FROM `users` WHERE `users`.`id` = 1 LIMIT 1[0m
D, [2017-12-12T22:00:14.927154 #258] DEBUG -- : [467c1cfa-661b-4286-9f4b-4f2093f3d829]   [1m[35m (0.5ms)[0m  [1m[34mSELECT `users`.`id` FROM `users` INNER JOIN `friends` ON `users`.`id` = `friends`.`to_user_id` WHERE `friends`.`from_user_id` = 1[0m
D, [2017-12-12T22:00:14.929438 #258] DEBUG -- : [467c1cfa-661b-4286-9f4b-4f2093f3d829]   [1m[35m (0.5ms)[0m  [1m[34mSELECT `users`.`id` FROM `users` INNER JOIN `friends` ON `users`.`id` = `friends`.`from_user_id` WHERE `friends`.`to_user_id` = 1[0m
D, [2017-12-12T22:00:14.931171 #258] DEBUG -- : [467c1cfa-661b-4286-9f4b-4f2093f3d829]   [1m[36mFeed Load (0.6ms)[0m  [1m[34mSELECT feeds.*,users.name FROM `feeds` INNER JOIN `users` ON `users`.`id` = `feeds`.`user_id` WHERE (user_id IN (2, 6, 1) and feeds.id > 18) ORDER BY id DESC[0m
I, [2017-12-12T22:00:14.931915 #258]  INFO -- : [467c1cfa-661b-4286-9f4b-4f2093f3d829] Completed 200 OK in 8ms (Views: 0.2ms | ActiveRecord: 1.9ms)
I, [2017-12-12T22:00:15.485819 #261]  INFO -- : [ad5860f5-5e25-4f3e-8fd9-10d1e3d3a891] Started GET "/feeds/29/find_new" for 127.0.0.1 at 2017-12-12 22:00:15 +0000
I, [2017-12-12T22:00:15.486924 #261]  INFO -- : [ad5860f5-5e25-4f3e-8fd9-10d1e3d3a891] Processing by FeedsController#find_new as */*
I, [2017-12-12T22:00:15.487030 #261]  INFO -- : [ad5860f5-5e25-4f3e-8fd9-10d1e3d3a891]   Parameters: {"id"=>"29"}
D, [2017-12-12T22:00:15.488375 #261] DEBUG -- : [ad5860f5-5e25-4f3e-8fd9-10d1e3d3a891]   [1m[36mUser Load (0.4ms)[0m  [1m[34mSELECT  `users`.* FROM `users` WHERE `users`.`id` = 6 LIMIT 1[0m
D, [2017-12-12T22:00:15.490724 #261] DEBUG -- : [ad5860f5-5e25-4f3e-8fd9-10d1e3d3a891]   [1m[35m (0.5ms)[0m  [1m[34mSELECT `users`.`id` FROM `users` INNER JOIN `friends` ON `users`.`id` = `friends`.`to_user_id` WHERE `friends`.`from_user_id` = 6[0m
D, [2017-12-12T22:00:15.492884 #261] DEBUG -- : [ad5860f5-5e25-4f3e-8fd9-10d1e3d3a891]   [1m[35m (0.5ms)[0m  [1m[34mSELECT `users`.`id` FROM `users` INNER JOIN `friends` ON `users`.`id` = `friends`.`from_user_id` WHERE `friends`.`to_user_id` = 6[0m
D, [2017-12-12T22:00:15.495662 #261] DEBUG -- : [ad5860f5-5e25-4f3e-8fd9-10d1e3d3a891]   [1m[36mFeed Load (0.6ms)[0m  [1m[34mSELECT feeds.*,users.name FROM `feeds` INNER JOIN `users` ON `users`.`id` = `feeds`.`user_id` WHERE (user_id IN (1, 6) and feeds.id > 29) ORDER BY id DESC[0m
I, [2017-12-12T22:00:15.496230 #261]  INFO -- : [ad5860f5-5e25-4f3e-8fd9-10d1e3d3a891] Completed 200 OK in 9ms (Views: 0.2ms | ActiveRecord: 2.0ms)
I, [2017-12-12T22:00:17.822236 #258]  INFO -- : [1dab2994-e623-492e-95e6-a93c048efe89] Started POST "/feeds" for 127.0.0.1 at 2017-12-12 22:00:17 +0000
I, [2017-12-12T22:00:17.830071 #258]  INFO -- : [1dab2994-e623-492e-95e6-a93c048efe89] Processing by FeedsController#create as */*
I, [2017-12-12T22:00:17.830622 #258]  INFO -- : [1dab2994-e623-492e-95e6-a93c048efe89]   Parameters: {"image"=>#<ActionDispatch::Http::UploadedFile:0x0000000001b12f28 @tempfile=#<Tempfile:/tmp/RackMultipart20171212-258-1253f2h.jpg>, @original_filename="niku2.jpg", @content_type="image/jpeg", @headers="Content-Disposition: form-data; name=\"image\"; filename=\"niku2.jpg\"\r\nContent-Type: image/jpeg\r\n">, "feed_type"=>"image"}
D, [2017-12-12T22:00:17.834184 #258] DEBUG -- : [1dab2994-e623-492e-95e6-a93c048efe89]   [1m[36mUser Load (1.0ms)[0m  [1m[34mSELECT  `users`.* FROM `users` WHERE `users`.`id` = 6 LIMIT 1[0m
D, [2017-12-12T22:00:17.942129 #258] DEBUG -- : [1dab2994-e623-492e-95e6-a93c048efe89]   [1m[35m (0.2ms)[0m  [1m[35mBEGIN[0m
D, [2017-12-12T22:00:17.944774 #258] DEBUG -- : [1dab2994-e623-492e-95e6-a93c048efe89]   [1m[35mSQL (0.4ms)[0m  [1m[32mINSERT INTO `feeds` (`feed_type`, `user_id`, `image_file_name`, `exif`, `created_at`, `updated_at`) VALUES ('image', 6, 'default.png', ' ', '2017-12-12 22:00:17', '2017-12-12 22:00:17')[0m
D, [2017-12-12T22:00:17.976608 #258] DEBUG -- : [1dab2994-e623-492e-95e6-a93c048efe89]   [1m[35m (31.2ms)[0m  [1m[35mCOMMIT[0m
D, [2017-12-12T22:00:17.981843 #258] DEBUG -- : [1dab2994-e623-492e-95e6-a93c048efe89]   [1m[35m (0.4ms)[0m  [1m[35mBEGIN[0m
D, [2017-12-12T22:00:17.983692 #258] DEBUG -- : [1dab2994-e623-492e-95e6-a93c048efe89]   [1m[35mSQL (0.5ms)[0m  [1m[33mUPDATE `feeds` SET `image_file_name` = '30.jpg' WHERE `feeds`.`id` = 30[0m
D, [2017-12-12T22:00:18.014018 #258] DEBUG -- : [1dab2994-e623-492e-95e6-a93c048efe89]   [1m[35m (29.8ms)[0m  [1m[35mCOMMIT[0m
I, [2017-12-12T22:00:18.014528 #258]  INFO -- : [1dab2994-e623-492e-95e6-a93c048efe89] Completed 200 OK in 184ms (Views: 0.2ms | ActiveRecord: 63.5ms)
I, [2017-12-12T22:00:18.162708 #258]  INFO -- : [e17adb0c-e184-49d4-a6e0-d1d8e76d7dc0] Started GET "/users/6/icon" for 127.0.0.1 at 2017-12-12 22:00:18 +0000
I, [2017-12-12T22:00:18.163580 #261]  INFO -- : [6429859f-8e66-4eda-98ea-06afafe3b5d2] Started GET "/feeds" for 127.0.0.1 at 2017-12-12 22:00:18 +0000
I, [2017-12-12T22:00:18.165241 #258]  INFO -- : [e17adb0c-e184-49d4-a6e0-d1d8e76d7dc0] Processing by UsersController#icon as */*
I, [2017-12-12T22:00:18.165863 #258]  INFO -- : [e17adb0c-e184-49d4-a6e0-d1d8e76d7dc0]   Parameters: {"id"=>"6"}
I, [2017-12-12T22:00:18.167264 #261]  INFO -- : [6429859f-8e66-4eda-98ea-06afafe3b5d2] Processing by FeedsController#index as */*
D, [2017-12-12T22:00:18.169616 #258] DEBUG -- : [e17adb0c-e184-49d4-a6e0-d1d8e76d7dc0]   [1m[36mUser Load (0.6ms)[0m  [1m[34mSELECT  `users`.* FROM `users` WHERE `users`.`id` = 6 LIMIT 1[0m
I, [2017-12-12T22:00:18.170701 #258]  INFO -- : [e17adb0c-e184-49d4-a6e0-d1d8e76d7dc0] Sent data  (0.4ms)
I, [2017-12-12T22:00:18.170972 #258]  INFO -- : [e17adb0c-e184-49d4-a6e0-d1d8e76d7dc0] Completed 200 OK in 5ms (Views: 0.1ms | ActiveRecord: 0.6ms)
D, [2017-12-12T22:00:18.171997 #261] DEBUG -- : [6429859f-8e66-4eda-98ea-06afafe3b5d2]   [1m[36mUser Load (0.8ms)[0m  [1m[34mSELECT  `users`.* FROM `users` WHERE `users`.`id` = 6 LIMIT 1[0m
D, [2017-12-12T22:00:18.178612 #261] DEBUG -- : [6429859f-8e66-4eda-98ea-06afafe3b5d2]   [1m[35m (1.2ms)[0m  [1m[34mSELECT `users`.`id` FROM `users` INNER JOIN `friends` ON `users`.`id` = `friends`.`to_user_id` WHERE `friends`.`from_user_id` = 6[0m
D, [2017-12-12T22:00:18.183482 #261] DEBUG -- : [6429859f-8e66-4eda-98ea-06afafe3b5d2]   [1m[35m (0.9ms)[0m  [1m[34mSELECT `users`.`id` FROM `users` INNER JOIN `friends` ON `users`.`id` = `friends`.`from_user_id` WHERE `friends`.`to_user_id` = 6[0m
D, [2017-12-12T22:00:18.186903 #261] DEBUG -- : [6429859f-8e66-4eda-98ea-06afafe3b5d2]   [1m[35m (1.6ms)[0m  [1m[34mSELECT COUNT(count_column) FROM (SELECT  feeds.*,users.name AS count_column FROM `feeds` INNER JOIN `users` ON `users`.`id` = `feeds`.`user_id` WHERE (user_id IN (1, 6)) ORDER BY id DESC LIMIT 30) subquery_for_count[0m
D, [2017-12-12T22:00:18.189681 #261] DEBUG -- : [6429859f-8e66-4eda-98ea-06afafe3b5d2]   [1m[36mFeed Load (0.8ms)[0m  [1m[34mSELECT  feeds.*,users.name FROM `feeds` INNER JOIN `users` ON `users`.`id` = `feeds`.`user_id` WHERE (user_id IN (1, 6)) ORDER BY id DESC LIMIT 30[0m
I, [2017-12-12T22:00:18.197546 #261]  INFO -- : [6429859f-8e66-4eda-98ea-06afafe3b5d2] Completed 200 OK in 29ms (Views: 9.0ms | ActiveRecord: 5.3ms)
I, [2017-12-12T22:00:18.278308 #261]  INFO -- : [b5269cc2-8f73-4465-bad6-830fc7eed522] Started GET "/users/1/icon" for 127.0.0.1 at 2017-12-12 22:00:18 +0000
I, [2017-12-12T22:00:18.280021 #261]  INFO -- : [b5269cc2-8f73-4465-bad6-830fc7eed522] Processing by UsersController#icon as */*
I, [2017-12-12T22:00:18.280309 #261]  INFO -- : [b5269cc2-8f73-4465-bad6-830fc7eed522]   Parameters: {"id"=>"1"}
D, [2017-12-12T22:00:18.282399 #261] DEBUG -- : [b5269cc2-8f73-4465-bad6-830fc7eed522]   [1m[36mUser Load (0.7ms)[0m  [1m[34mSELECT  `users`.* FROM `users` WHERE `users`.`id` = 1 LIMIT 1[0m
I, [2017-12-12T22:00:18.284447 #261]  INFO -- : [b5269cc2-8f73-4465-bad6-830fc7eed522] Sent data  (0.8ms)
I, [2017-12-12T22:00:18.285342 #261]  INFO -- : [b5269cc2-8f73-4465-bad6-830fc7eed522] Completed 200 OK in 4ms (Views: 0.4ms | ActiveRecord: 0.7ms)
I, [2017-12-12T22:00:19.389017 #258]  INFO -- : [f7a6b9d7-37b1-4ef9-8cb6-e932d2e7d855] Started GET "/feeds/1/find_old" for 127.0.0.1 at 2017-12-12 22:00:19 +0000
I, [2017-12-12T22:00:19.389982 #258]  INFO -- : [f7a6b9d7-37b1-4ef9-8cb6-e932d2e7d855] Processing by FeedsController#find_old as */*
I, [2017-12-12T22:00:19.390061 #258]  INFO -- : [f7a6b9d7-37b1-4ef9-8cb6-e932d2e7d855]   Parameters: {"id"=>"1"}
D, [2017-12-12T22:00:19.391265 #258] DEBUG -- : [f7a6b9d7-37b1-4ef9-8cb6-e932d2e7d855]   [1m[36mUser Load (0.4ms)[0m  [1m[34mSELECT  `users`.* FROM `users` WHERE `users`.`id` = 6 LIMIT 1[0m
D, [2017-12-12T22:00:19.393588 #258] DEBUG -- : [f7a6b9d7-37b1-4ef9-8cb6-e932d2e7d855]   [1m[35m (0.5ms)[0m  [1m[34mSELECT `users`.`id` FROM `users` INNER JOIN `friends` ON `users`.`id` = `friends`.`to_user_id` WHERE `friends`.`from_user_id` = 6[0m
D, [2017-12-12T22:00:19.395933 #258] DEBUG -- : [f7a6b9d7-37b1-4ef9-8cb6-e932d2e7d855]   [1m[35m (0.4ms)[0m  [1m[34mSELECT `users`.`id` FROM `users` INNER JOIN `friends` ON `users`.`id` = `friends`.`from_user_id` WHERE `friends`.`to_user_id` = 6[0m
D, [2017-12-12T22:00:19.397444 #258] DEBUG -- : [f7a6b9d7-37b1-4ef9-8cb6-e932d2e7d855]   [1m[36mFeed Load (0.5ms)[0m  [1m[34mSELECT  feeds.*,users.name FROM `feeds` INNER JOIN `users` ON `users`.`id` = `feeds`.`user_id` WHERE (user_id IN (1, 6) and feeds.id < 1) ORDER BY id DESC LIMIT 30[0m
I, [2017-12-12T22:00:19.397959 #258]  INFO -- : [f7a6b9d7-37b1-4ef9-8cb6-e932d2e7d855] Completed 200 OK in 8ms (Views: 0.2ms | ActiveRecord: 1.8ms)
I, [2017-12-12T22:00:20.060759 #261]  INFO -- : [bf878872-d1d0-44ee-8c45-020d35845ceb] Started GET "/feeds/18/find_new" for 127.0.0.1 at 2017-12-12 22:00:20 +0000
I, [2017-12-12T22:00:20.061542 #261]  INFO -- : [bf878872-d1d0-44ee-8c45-020d35845ceb] Processing by FeedsController#find_new as */*
I, [2017-12-12T22:00:20.061627 #261]  INFO -- : [bf878872-d1d0-44ee-8c45-020d35845ceb]   Parameters: {"id"=>"18"}
D, [2017-12-12T22:00:20.062925 #261] DEBUG -- : [bf878872-d1d0-44ee-8c45-020d35845ceb]   [1m[36mUser Load (0.4ms)[0m  [1m[34mSELECT  `users`.* FROM `users` WHERE `users`.`id` = 1 LIMIT 1[0m
D, [2017-12-12T22:00:20.065605 #261] DEBUG -- : [bf878872-d1d0-44ee-8c45-020d35845ceb]   [1m[35m (0.8ms)[0m  [1m[34mSELECT `users`.`id` FROM `users` INNER JOIN `friends` ON `users`.`id` = `friends`.`to_user_id` WHERE `friends`.`from_user_id` = 1[0m
D, [2017-12-12T22:00:20.068208 #261] DEBUG -- : [bf878872-d1d0-44ee-8c45-020d35845ceb]   [1m[35m (0.7ms)[0m  [1m[34mSELECT `users`.`id` FROM `users` INNER JOIN `friends` ON `users`.`id` = `friends`.`from_user_id` WHERE `friends`.`to_user_id` = 1[0m
D, [2017-12-12T22:00:20.070049 #261] DEBUG -- : [bf878872-d1d0-44ee-8c45-020d35845ceb]   [1m[36mFeed Load (0.6ms)[0m  [1m[34mSELECT feeds.*,users.name FROM `feeds` INNER JOIN `users` ON `users`.`id` = `feeds`.`user_id` WHERE (user_id IN (2, 6, 1) and feeds.id > 18) ORDER BY id DESC[0m
I, [2017-12-12T22:00:20.070881 #261]  INFO -- : [bf878872-d1d0-44ee-8c45-020d35845ceb] Completed 200 OK in 9ms (Views: 0.2ms | ActiveRecord: 2.5ms)
I, [2017-12-12T22:00:24.772118 #258]  INFO -- : [b8ff48b1-9bbf-42b7-aae2-e7c7a303e8fa] Started GET "/feeds/30/find_new" for 127.0.0.1 at 2017-12-12 22:00:24 +0000
I, [2017-12-12T22:00:24.773160 #258]  INFO -- : [b8ff48b1-9bbf-42b7-aae2-e7c7a303e8fa] Processing by FeedsController#find_new as */*
I, [2017-12-12T22:00:24.773285 #258]  INFO -- : [b8ff48b1-9bbf-42b7-aae2-e7c7a303e8fa]   Parameters: {"id"=>"30"}
D, [2017-12-12T22:00:24.776288 #258] DEBUG -- : [b8ff48b1-9bbf-42b7-aae2-e7c7a303e8fa]   [1m[36mUser Load (1.2ms)[0m  [1m[34mSELECT  `users`.* FROM `users` WHERE `users`.`id` = 6 LIMIT 1[0m
D, [2017-12-12T22:00:24.783748 #258] DEBUG -- : [b8ff48b1-9bbf-42b7-aae2-e7c7a303e8fa]   [1m[35m (0.9ms)[0m  [1m[34mSELECT `users`.`id` FROM `users` INNER JOIN `friends` ON `users`.`id` = `friends`.`to_user_id` WHERE `friends`.`from_user_id` = 6[0m
D, [2017-12-12T22:00:24.789158 #258] DEBUG -- : [b8ff48b1-9bbf-42b7-aae2-e7c7a303e8fa]   [1m[35m (0.6ms)[0m  [1m[34mSELECT `users`.`id` FROM `users` INNER JOIN `friends` ON `users`.`id` = `friends`.`from_user_id` WHERE `friends`.`to_user_id` = 6[0m
D, [2017-12-12T22:00:24.791228 #258] DEBUG -- : [b8ff48b1-9bbf-42b7-aae2-e7c7a303e8fa]   [1m[36mFeed Load (0.7ms)[0m  [1m[34mSELECT feeds.*,users.name FROM `feeds` INNER JOIN `users` ON `users`.`id` = `feeds`.`user_id` WHERE (user_id IN (1, 6) and feeds.id > 30) ORDER BY id DESC[0m
I, [2017-12-12T22:00:24.791978 #258]  INFO -- : [b8ff48b1-9bbf-42b7-aae2-e7c7a303e8fa] Completed 200 OK in 18ms (Views: 0.2ms | ActiveRecord: 3.4ms)
I, [2017-12-12T22:00:26.658513 #258]  INFO -- : [ac17947c-7e5b-414e-8666-5e64b95c28dc] Started POST "/feeds" for 127.0.0.1 at 2017-12-12 22:00:26 +0000
I, [2017-12-12T22:00:26.665340 #258]  INFO -- : [ac17947c-7e5b-414e-8666-5e64b95c28dc] Processing by FeedsController#create as */*
I, [2017-12-12T22:00:26.665513 #258]  INFO -- : [ac17947c-7e5b-414e-8666-5e64b95c28dc]   Parameters: {"image"=>#<ActionDispatch::Http::UploadedFile:0x0000000002ae07e8 @tempfile=#<Tempfile:/tmp/RackMultipart20171212-258-157eaf1.jpg>, @original_filename="niku3.jpg", @content_type="image/jpeg", @headers="Content-Disposition: form-data; name=\"image\"; filename=\"niku3.jpg\"\r\nContent-Type: image/jpeg\r\n">, "feed_type"=>"image"}
I, [2017-12-12T22:00:26.670265 #261]  INFO -- : [82481e89-a0f7-4900-97ba-691afcb885db] Started GET "/feeds/18/find_new" for 127.0.0.1 at 2017-12-12 22:00:26 +0000
I, [2017-12-12T22:00:26.671430 #261]  INFO -- : [82481e89-a0f7-4900-97ba-691afcb885db] Processing by FeedsController#find_new as */*
I, [2017-12-12T22:00:26.671638 #261]  INFO -- : [82481e89-a0f7-4900-97ba-691afcb885db]   Parameters: {"id"=>"18"}
D, [2017-12-12T22:00:26.673195 #258] DEBUG -- : [ac17947c-7e5b-414e-8666-5e64b95c28dc]   [1m[36mUser Load (1.6ms)[0m  [1m[34mSELECT  `users`.* FROM `users` WHERE `users`.`id` = 6 LIMIT 1[0m
D, [2017-12-12T22:00:26.674517 #261] DEBUG -- : [82481e89-a0f7-4900-97ba-691afcb885db]   [1m[36mUser Load (0.7ms)[0m  [1m[34mSELECT  `users`.* FROM `users` WHERE `users`.`id` = 1 LIMIT 1[0m
D, [2017-12-12T22:00:26.679469 #261] DEBUG -- : [82481e89-a0f7-4900-97ba-691afcb885db]   [1m[35m (0.6ms)[0m  [1m[34mSELECT `users`.`id` FROM `users` INNER JOIN `friends` ON `users`.`id` = `friends`.`to_user_id` WHERE `friends`.`from_user_id` = 1[0m
D, [2017-12-12T22:00:26.681415 #261] DEBUG -- : [82481e89-a0f7-4900-97ba-691afcb885db]   [1m[35m (0.5ms)[0m  [1m[34mSELECT `users`.`id` FROM `users` INNER JOIN `friends` ON `users`.`id` = `friends`.`from_user_id` WHERE `friends`.`to_user_id` = 1[0m
D, [2017-12-12T22:00:26.682882 #261] DEBUG -- : [82481e89-a0f7-4900-97ba-691afcb885db]   [1m[36mFeed Load (0.5ms)[0m  [1m[34mSELECT feeds.*,users.name FROM `feeds` INNER JOIN `users` ON `users`.`id` = `feeds`.`user_id` WHERE (user_id IN (2, 6, 1) and feeds.id > 18) ORDER BY id DESC[0m
I, [2017-12-12T22:00:26.683920 #261]  INFO -- : [82481e89-a0f7-4900-97ba-691afcb885db] Completed 200 OK in 12ms (Views: 0.2ms | ActiveRecord: 2.3ms)
D, [2017-12-12T22:00:26.776163 #258] DEBUG -- : [ac17947c-7e5b-414e-8666-5e64b95c28dc]   [1m[35m (0.3ms)[0m  [1m[35mBEGIN[0m
D, [2017-12-12T22:00:26.779134 #258] DEBUG -- : [ac17947c-7e5b-414e-8666-5e64b95c28dc]   [1m[35mSQL (0.4ms)[0m  [1m[32mINSERT INTO `feeds` (`feed_type`, `user_id`, `image_file_name`, `exif`, `created_at`, `updated_at`) VALUES ('image', 6, 'default.png', ' ', '2017-12-12 22:00:26', '2017-12-12 22:00:26')[0m
D, [2017-12-12T22:00:26.809588 #258] DEBUG -- : [ac17947c-7e5b-414e-8666-5e64b95c28dc]   [1m[35m (29.9ms)[0m  [1m[35mCOMMIT[0m
D, [2017-12-12T22:00:26.813096 #258] DEBUG -- : [ac17947c-7e5b-414e-8666-5e64b95c28dc]   [1m[35m (0.3ms)[0m  [1m[35mBEGIN[0m
D, [2017-12-12T22:00:26.814953 #258] DEBUG -- : [ac17947c-7e5b-414e-8666-5e64b95c28dc]   [1m[35mSQL (0.5ms)[0m  [1m[33mUPDATE `feeds` SET `image_file_name` = '31.jpg' WHERE `feeds`.`id` = 31[0m
D, [2017-12-12T22:00:26.843639 #258] DEBUG -- : [ac17947c-7e5b-414e-8666-5e64b95c28dc]   [1m[35m (28.1ms)[0m  [1m[35mCOMMIT[0m
I, [2017-12-12T22:00:26.844375 #258]  INFO -- : [ac17947c-7e5b-414e-8666-5e64b95c28dc] Completed 200 OK in 179ms (Views: 0.3ms | ActiveRecord: 61.1ms)
I, [2017-12-12T22:00:26.942009 #261]  INFO -- : [85ee8f2e-cc32-452e-80db-98c2cf5cbafe] Started GET "/users/6/icon" for 127.0.0.1 at 2017-12-12 22:00:26 +0000
I, [2017-12-12T22:00:26.947453 #261]  INFO -- : [85ee8f2e-cc32-452e-80db-98c2cf5cbafe] Processing by UsersController#icon as */*
I, [2017-12-12T22:00:26.948161 #261]  INFO -- : [85ee8f2e-cc32-452e-80db-98c2cf5cbafe]   Parameters: {"id"=>"6"}
I, [2017-12-12T22:00:26.951131 #258]  INFO -- : [215ea4a3-f0ba-446a-8bf0-ee015641f2fe] Started GET "/feeds" for 127.0.0.1 at 2017-12-12 22:00:26 +0000
D, [2017-12-12T22:00:26.955460 #261] DEBUG -- : [85ee8f2e-cc32-452e-80db-98c2cf5cbafe]   [1m[36mUser Load (1.6ms)[0m  [1m[34mSELECT  `users`.* FROM `users` WHERE `users`.`id` = 6 LIMIT 1[0m
I, [2017-12-12T22:00:26.955592 #258]  INFO -- : [215ea4a3-f0ba-446a-8bf0-ee015641f2fe] Processing by FeedsController#index as */*
I, [2017-12-12T22:00:26.956752 #261]  INFO -- : [85ee8f2e-cc32-452e-80db-98c2cf5cbafe] Sent data  (0.5ms)
I, [2017-12-12T22:00:26.957116 #261]  INFO -- : [85ee8f2e-cc32-452e-80db-98c2cf5cbafe] Completed 200 OK in 7ms (Views: 0.1ms | ActiveRecord: 1.6ms)
D, [2017-12-12T22:00:26.957377 #258] DEBUG -- : [215ea4a3-f0ba-446a-8bf0-ee015641f2fe]   [1m[36mUser Load (0.6ms)[0m  [1m[34mSELECT  `users`.* FROM `users` WHERE `users`.`id` = 6 LIMIT 1[0m
D, [2017-12-12T22:00:26.963670 #258] DEBUG -- : [215ea4a3-f0ba-446a-8bf0-ee015641f2fe]   [1m[35m (1.6ms)[0m  [1m[34mSELECT `users`.`id` FROM `users` INNER JOIN `friends` ON `users`.`id` = `friends`.`to_user_id` WHERE `friends`.`from_user_id` = 6[0m
D, [2017-12-12T22:00:26.967960 #258] DEBUG -- : [215ea4a3-f0ba-446a-8bf0-ee015641f2fe]   [1m[35m (0.8ms)[0m  [1m[34mSELECT `users`.`id` FROM `users` INNER JOIN `friends` ON `users`.`id` = `friends`.`from_user_id` WHERE `friends`.`to_user_id` = 6[0m
D, [2017-12-12T22:00:26.973767 #258] DEBUG -- : [215ea4a3-f0ba-446a-8bf0-ee015641f2fe]   [1m[35m (0.8ms)[0m  [1m[34mSELECT COUNT(count_column) FROM (SELECT  feeds.*,users.name AS count_column FROM `feeds` INNER JOIN `users` ON `users`.`id` = `feeds`.`user_id` WHERE (user_id IN (1, 6)) ORDER BY id DESC LIMIT 30) subquery_for_count[0m
D, [2017-12-12T22:00:26.975116 #258] DEBUG -- : [215ea4a3-f0ba-446a-8bf0-ee015641f2fe]   [1m[36mFeed Load (0.6ms)[0m  [1m[34mSELECT  feeds.*,users.name FROM `feeds` INNER JOIN `users` ON `users`.`id` = `feeds`.`user_id` WHERE (user_id IN (1, 6)) ORDER BY id DESC LIMIT 30[0m
