D, [2017-12-12T21:47:58.578882 #233] DEBUG -- :   [1m[35m (0.4ms)[0m  [1m[35mSET NAMES utf8,  @@SESSION.sql_mode = CONCAT(CONCAT(@@sql_mode, ',STRICT_ALL_TABLES'), ',NO_AUTO_VALUE_ON_ZERO'),  @@SESSION.sql_auto_is_null = 0, @@SESSION.wait_timeout = 2147483[0m
D, [2017-12-12T21:47:58.848593 #233] DEBUG -- :   [1m[35m (267.7ms)[0m  [1m[35mCREATE TABLE `schema_migrations` (`version` varchar(255) NOT NULL PRIMARY KEY) ENGINE=InnoDB[0m
D, [2017-12-12T21:47:59.034833 #233] DEBUG -- :   [1m[35m (182.2ms)[0m  [1m[35mCREATE TABLE `ar_internal_metadata` (`key` varchar(255) NOT NULL PRIMARY KEY, `value` varchar(255), `created_at` datetime NOT NULL, `updated_at` datetime NOT NULL) ENGINE=InnoDB[0m
D, [2017-12-12T21:47:59.037118 #233] DEBUG -- :   [1m[35m (0.6ms)[0m  [1m[34mSELECT GET_LOCK(5952683224169812620, 0)[0m
D, [2017-12-12T21:47:59.070666 #233] DEBUG -- :   [1m[35m (1.3ms)[0m  [1m[34mSELECT `schema_migrations`.`version` FROM `schema_migrations` ORDER BY `schema_migrations`.`version` ASC[0m
I, [2017-12-12T21:47:59.074163 #233]  INFO -- : Migrating to CreateFeeds (20171103073854)
D, [2017-12-12T21:47:59.305177 #233] DEBUG -- :   [1m[35m (213.3ms)[0m  [1m[35mCREATE TABLE `feeds` (`id` bigint NOT NULL AUTO_INCREMENT PRIMARY KEY, `feed_type` varchar(255), `user_id` int, `image_file_name` varchar(255), `exif` varchar(1000), `comment` varchar(255), `created_at` datetime NOT NULL, `updated_at` datetime NOT NULL) ENGINE=InnoDB[0m
D, [2017-12-12T21:47:59.310700 #233] DEBUG -- :   [1m[35m (0.8ms)[0m  [1m[35mBEGIN[0m
D, [2017-12-12T21:47:59.317083 #233] DEBUG -- :   [1m[35mSQL (1.7ms)[0m  [1m[32mINSERT INTO `schema_migrations` (`version`) VALUES ('20171103073854')[0m
D, [2017-12-12T21:47:59.347842 #233] DEBUG -- :   [1m[35m (29.7ms)[0m  [1m[35mCOMMIT[0m
I, [2017-12-12T21:47:59.348264 #233]  INFO -- : Migrating to CreateFriends (20171103073856)
D, [2017-12-12T21:47:59.568935 #233] DEBUG -- :   [1m[35m (218.4ms)[0m  [1m[35mCREATE TABLE `friends` (`id` bigint NOT NULL AUTO_INCREMENT PRIMARY KEY, `from_user_id` int, `to_user_id` int, `created_at` datetime NOT NULL, `updated_at` datetime NOT NULL) ENGINE=InnoDB[0m
D, [2017-12-12T21:47:59.572540 #233] DEBUG -- :   [1m[35m (1.0ms)[0m  [1m[35mBEGIN[0m
D, [2017-12-12T21:47:59.579227 #233] DEBUG -- :   [1m[35mSQL (5.4ms)[0m  [1m[32mINSERT INTO `schema_migrations` (`version`) VALUES ('20171103073856')[0m
D, [2017-12-12T21:47:59.632604 #233] DEBUG -- :   [1m[35m (52.8ms)[0m  [1m[35mCOMMIT[0m
I, [2017-12-12T21:47:59.632855 #233]  INFO -- : Migrating to CreateUsers (20171103073857)
D, [2017-12-12T21:47:59.866427 #233] DEBUG -- :   [1m[35m (232.0ms)[0m  [1m[35mCREATE TABLE `users` (`id` bigint NOT NULL AUTO_INCREMENT PRIMARY KEY, `login_id` varchar(255), `name` varchar(255), `pass` varchar(255), `icon_file_name` varchar(255), `created_at` datetime NOT NULL, `updated_at` datetime NOT NULL) ENGINE=InnoDB[0m
D, [2017-12-12T21:47:59.867541 #233] DEBUG -- :   [1m[35m (0.5ms)[0m  [1m[35mBEGIN[0m
D, [2017-12-12T21:47:59.869042 #233] DEBUG -- :   [1m[35mSQL (0.7ms)[0m  [1m[32mINSERT INTO `schema_migrations` (`version`) VALUES ('20171103073857')[0m
D, [2017-12-12T21:47:59.899458 #233] DEBUG -- :   [1m[35m (30.0ms)[0m  [1m[35mCOMMIT[0m
D, [2017-12-12T21:47:59.903550 #233] DEBUG -- :   [1m[36mActiveRecord::InternalMetadata Load (0.7ms)[0m  [1m[34mSELECT  `ar_internal_metadata`.* FROM `ar_internal_metadata` WHERE `ar_internal_metadata`.`key` = 'environment' LIMIT 1[0m
D, [2017-12-12T21:47:59.908324 #233] DEBUG -- :   [1m[35m (0.3ms)[0m  [1m[35mBEGIN[0m
D, [2017-12-12T21:47:59.910043 #233] DEBUG -- :   [1m[35mSQL (0.5ms)[0m  [1m[32mINSERT INTO `ar_internal_metadata` (`key`, `value`, `created_at`, `updated_at`) VALUES ('environment', 'production', '2017-12-12 21:47:59', '2017-12-12 21:47:59')[0m
D, [2017-12-12T21:47:59.938527 #233] DEBUG -- :   [1m[35m (28.0ms)[0m  [1m[35mCOMMIT[0m
D, [2017-12-12T21:47:59.939535 #233] DEBUG -- :   [1m[35m (0.6ms)[0m  [1m[34mSELECT RELEASE_LOCK(5952683224169812620)[0m
D, [2017-12-12T21:48:01.062659 #255] DEBUG -- :   [1m[35m (0.4ms)[0m  [1m[35mSET NAMES utf8,  @@SESSION.sql_mode = CONCAT(CONCAT(@@sql_mode, ',STRICT_ALL_TABLES'), ',NO_AUTO_VALUE_ON_ZERO'),  @@SESSION.sql_auto_is_null = 0, @@SESSION.wait_timeout = 2147483[0m
I, [2017-12-12T21:49:40.852317 #261]  INFO -- : [6b3ac0b1-cb17-4e71-b030-acba305cddfe] Started POST "/icons" for 127.0.0.1 at 2017-12-12 21:49:40 +0000
I, [2017-12-12T21:49:40.884336 #261]  INFO -- : [6b3ac0b1-cb17-4e71-b030-acba305cddfe] Processing by IconsController#create as */*
I, [2017-12-12T21:49:40.884816 #261]  INFO -- : [6b3ac0b1-cb17-4e71-b030-acba305cddfe]   Parameters: {"image"=>#<ActionDispatch::Http::UploadedFile:0x0000000001fe4560 @tempfile=#<Tempfile:/tmp/RackMultipart20171212-261-qv4bsi.jpg>, @original_filename="nishimunea.jpg", @content_type="image/jpeg", @headers="Content-Disposition: form-data; name=\"image\"; filename=\"nishimunea.jpg\"\r\nContent-Type: image/jpeg\r\n">, "resize_max_pixel"=>"240"}
I, [2017-12-12T21:49:40.909292 #261]  INFO -- : [6b3ac0b1-cb17-4e71-b030-acba305cddfe] Completed 200 OK in 24ms (Views: 0.5ms)
I, [2017-12-12T21:49:43.363255 #258]  INFO -- : [26464c64-b03f-46e8-a901-a5b96326bbd7] Started POST "/users" for 127.0.0.1 at 2017-12-12 21:49:43 +0000
I, [2017-12-12T21:49:43.375193 #258]  INFO -- : [26464c64-b03f-46e8-a901-a5b96326bbd7] Processing by UsersController#create as */*
I, [2017-12-12T21:49:43.375304 #258]  INFO -- : [26464c64-b03f-46e8-a901-a5b96326bbd7]   Parameters: {"login_id"=>"nishimunea", "name"=>"nishimunea", "pass"=>"1qaz2wsx", "icon_file_name"=>"47c0427a-1661-4b34-9a75-57f3701b3831.jpg"}
D, [2017-12-12T21:49:43.378963 #258] DEBUG -- : [26464c64-b03f-46e8-a901-a5b96326bbd7]   [1m[35m (0.6ms)[0m  [1m[35mSET NAMES utf8,  @@SESSION.sql_mode = CONCAT(CONCAT(@@sql_mode, ',STRICT_ALL_TABLES'), ',NO_AUTO_VALUE_ON_ZERO'),  @@SESSION.sql_auto_is_null = 0, @@SESSION.wait_timeout = 2147483[0m
D, [2017-12-12T21:49:43.395564 #258] DEBUG -- : [26464c64-b03f-46e8-a901-a5b96326bbd7]   [1m[35m (0.3ms)[0m  [1m[35mBEGIN[0m
D, [2017-12-12T21:49:43.401049 #258] DEBUG -- : [26464c64-b03f-46e8-a901-a5b96326bbd7]   [1m[36mUser Exists (0.6ms)[0m  [1m[34mSELECT  1 AS one FROM `users` WHERE `users`.`login_id` = BINARY 'nishimunea' LIMIT 1[0m
D, [2017-12-12T21:49:43.405198 #258] DEBUG -- : [26464c64-b03f-46e8-a901-a5b96326bbd7]   [1m[35mSQL (0.4ms)[0m  [1m[32mINSERT INTO `users` (`login_id`, `name`, `pass`, `icon_file_name`, `created_at`, `updated_at`) VALUES ('nishimunea', 'nishimunea', '059a00192592d5444bc0caad7203f98b506332e2cf7abb35d684ea9bf7c18f08', '47c0427a-1661-4b34-9a75-57f3701b3831.jpg', '2017-12-12 21:49:43', '2017-12-12 21:49:43')[0m
D, [2017-12-12T21:49:43.431302 #258] DEBUG -- : [26464c64-b03f-46e8-a901-a5b96326bbd7]   [1m[35m (25.2ms)[0m  [1m[35mCOMMIT[0m
D, [2017-12-12T21:49:43.433632 #258] DEBUG -- : [26464c64-b03f-46e8-a901-a5b96326bbd7]   [1m[36mUser Load (0.5ms)[0m  [1m[34mSELECT  `users`.* FROM `users` WHERE (login_id = 'nishimunea') LIMIT 1[0m
I, [2017-12-12T21:49:43.442082 #258]  INFO -- : [26464c64-b03f-46e8-a901-a5b96326bbd7] Completed 200 OK in 67ms (Views: 0.5ms | ActiveRecord: 29.9ms)
I, [2017-12-12T21:49:43.508564 #261]  INFO -- : [dbbbcc1b-ef5e-494a-8740-6cf9c22cd374] Started GET "/feeds" for 127.0.0.1 at 2017-12-12 21:49:43 +0000
I, [2017-12-12T21:49:43.509823 #258]  INFO -- : [6797c6ee-4fa9-4f28-a2e5-fd2c23e8f0d1] Started GET "/users/1/icon" for 127.0.0.1 at 2017-12-12 21:49:43 +0000
I, [2017-12-12T21:49:43.511486 #258]  INFO -- : [6797c6ee-4fa9-4f28-a2e5-fd2c23e8f0d1] Processing by UsersController#icon as HTML
I, [2017-12-12T21:49:43.511665 #258]  INFO -- : [6797c6ee-4fa9-4f28-a2e5-fd2c23e8f0d1]   Parameters: {"id"=>"1"}
I, [2017-12-12T21:49:43.512240 #261]  INFO -- : [dbbbcc1b-ef5e-494a-8740-6cf9c22cd374] Processing by FeedsController#index as */*
D, [2017-12-12T21:49:43.516010 #258] DEBUG -- : [6797c6ee-4fa9-4f28-a2e5-fd2c23e8f0d1]   [1m[36mUser Load (0.5ms)[0m  [1m[34mSELECT  `users`.* FROM `users` WHERE `users`.`id` = 1 LIMIT 1[0m
I, [2017-12-12T21:49:43.518569 #258]  INFO -- : [6797c6ee-4fa9-4f28-a2e5-fd2c23e8f0d1] Sent data  (1.2ms)
D, [2017-12-12T21:49:43.519700 #261] DEBUG -- : [dbbbcc1b-ef5e-494a-8740-6cf9c22cd374]   [1m[35m (1.2ms)[0m  [1m[35mSET NAMES utf8,  @@SESSION.sql_mode = CONCAT(CONCAT(@@sql_mode, ',STRICT_ALL_TABLES'), ',NO_AUTO_VALUE_ON_ZERO'),  @@SESSION.sql_auto_is_null = 0, @@SESSION.wait_timeout = 2147483[0m
I, [2017-12-12T21:49:43.518999 #258]  INFO -- : [6797c6ee-4fa9-4f28-a2e5-fd2c23e8f0d1] Completed 200 OK in 7ms (Views: 0.2ms | ActiveRecord: 0.5ms)
D, [2017-12-12T21:49:43.542112 #261] DEBUG -- : [dbbbcc1b-ef5e-494a-8740-6cf9c22cd374]   [1m[36mUser Load (1.2ms)[0m  [1m[34mSELECT  `users`.* FROM `users` WHERE `users`.`id` = 1 LIMIT 1[0m
D, [2017-12-12T21:49:43.575130 #261] DEBUG -- : [dbbbcc1b-ef5e-494a-8740-6cf9c22cd374]   [1m[35m (0.7ms)[0m  [1m[34mSELECT `users`.`id` FROM `users` INNER JOIN `friends` ON `users`.`id` = `friends`.`to_user_id` WHERE `friends`.`from_user_id` = 1[0m
D, [2017-12-12T21:49:43.577292 #261] DEBUG -- : [dbbbcc1b-ef5e-494a-8740-6cf9c22cd374]   [1m[35m (0.5ms)[0m  [1m[34mSELECT `users`.`id` FROM `users` INNER JOIN `friends` ON `users`.`id` = `friends`.`from_user_id` WHERE `friends`.`to_user_id` = 1[0m
D, [2017-12-12T21:49:43.584598 #261] DEBUG -- : [dbbbcc1b-ef5e-494a-8740-6cf9c22cd374]   [1m[35m (2.1ms)[0m  [1m[34mSELECT COUNT(count_column) FROM (SELECT  feeds.*,users.name AS count_column FROM `feeds` INNER JOIN `users` ON `users`.`id` = `feeds`.`user_id` WHERE (user_id IN (1)) ORDER BY id DESC LIMIT 30) subquery_for_count[0m
D, [2017-12-12T21:49:43.585996 #261] DEBUG -- : [dbbbcc1b-ef5e-494a-8740-6cf9c22cd374]   [1m[36mFeed Load (0.5ms)[0m  [1m[34mSELECT  feeds.*,users.name FROM `feeds` INNER JOIN `users` ON `users`.`id` = `feeds`.`user_id` WHERE (user_id IN (1)) ORDER BY id DESC LIMIT 30[0m
I, [2017-12-12T21:49:43.586391 #261]  INFO -- : [dbbbcc1b-ef5e-494a-8740-6cf9c22cd374] Completed 200 OK in 74ms (Views: 0.7ms | ActiveRecord: 11.5ms)
I, [2017-12-12T21:49:49.495877 #258]  INFO -- : [033e6bf1-efa3-4566-a2e4-eb470c252621] Started GET "/feeds/0/find_new" for 127.0.0.1 at 2017-12-12 21:49:49 +0000
I, [2017-12-12T21:49:49.497657 #258]  INFO -- : [033e6bf1-efa3-4566-a2e4-eb470c252621] Processing by FeedsController#find_new as */*
I, [2017-12-12T21:49:49.497793 #258]  INFO -- : [033e6bf1-efa3-4566-a2e4-eb470c252621]   Parameters: {"id"=>"0"}
D, [2017-12-12T21:49:49.501322 #258] DEBUG -- : [033e6bf1-efa3-4566-a2e4-eb470c252621]   [1m[36mUser Load (0.6ms)[0m  [1m[34mSELECT  `users`.* FROM `users` WHERE `users`.`id` = 1 LIMIT 1[0m
D, [2017-12-12T21:49:49.507792 #258] DEBUG -- : [033e6bf1-efa3-4566-a2e4-eb470c252621]   [1m[35m (0.5ms)[0m  [1m[34mSELECT `users`.`id` FROM `users` INNER JOIN `friends` ON `users`.`id` = `friends`.`to_user_id` WHERE `friends`.`from_user_id` = 1[0m
D, [2017-12-12T21:49:49.509843 #258] DEBUG -- : [033e6bf1-efa3-4566-a2e4-eb470c252621]   [1m[35m (0.5ms)[0m  [1m[34mSELECT `users`.`id` FROM `users` INNER JOIN `friends` ON `users`.`id` = `friends`.`from_user_id` WHERE `friends`.`to_user_id` = 1[0m
D, [2017-12-12T21:49:49.514509 #258] DEBUG -- : [033e6bf1-efa3-4566-a2e4-eb470c252621]   [1m[36mFeed Load (0.6ms)[0m  [1m[34mSELECT feeds.*,users.name FROM `feeds` INNER JOIN `users` ON `users`.`id` = `feeds`.`user_id` WHERE (user_id IN (1) and feeds.id > 0) ORDER BY id DESC[0m
I, [2017-12-12T21:49:49.515072 #258]  INFO -- : [033e6bf1-efa3-4566-a2e4-eb470c252621] Completed 200 OK in 17ms (Views: 0.2ms | ActiveRecord: 2.9ms)
I, [2017-12-12T21:49:55.262696 #261]  INFO -- : [537c904d-a9c4-4e7b-89e3-de0dc4fb47d8] Started POST "/feeds" for 127.0.0.1 at 2017-12-12 21:49:55 +0000
I, [2017-12-12T21:49:55.264176 #261]  INFO -- : [537c904d-a9c4-4e7b-89e3-de0dc4fb47d8] Processing by FeedsController#create as */*
I, [2017-12-12T21:49:55.264680 #261]  INFO -- : [537c904d-a9c4-4e7b-89e3-de0dc4fb47d8]   Parameters: {"comment"=>"ç™ºè¨€ãƒ†ã‚¹ãƒˆã€‚ã‚¢ãƒ—ãƒªã¡ã‚ƒã‚“ã¨å‹•ãã‹ãª", "feed_type"=>"text"}
D, [2017-12-12T21:49:55.267015 #261] DEBUG -- : [537c904d-a9c4-4e7b-89e3-de0dc4fb47d8]   [1m[36mUser Load (0.5ms)[0m  [1m[34mSELECT  `users`.* FROM `users` WHERE `users`.`id` = 1 LIMIT 1[0m
D, [2017-12-12T21:49:55.269503 #261] DEBUG -- : [537c904d-a9c4-4e7b-89e3-de0dc4fb47d8]   [1m[35m (0.3ms)[0m  [1m[35mBEGIN[0m
D, [2017-12-12T21:49:55.285047 #261] DEBUG -- : [537c904d-a9c4-4e7b-89e3-de0dc4fb47d8]   [1m[35mSQL (0.5ms)[0m  [1m[32mINSERT INTO `feeds` (`feed_type`, `user_id`, `comment`, `created_at`, `updated_at`) VALUES ('text', 1, 'ç™ºè¨€ãƒ†ã‚¹ãƒˆã€‚ã‚¢ãƒ—ãƒªã¡ã‚ƒã‚“ã¨å‹•ãã‹ãª', '2017-12-12 21:49:55', '2017-12-12 21:49:55')[0m
D, [2017-12-12T21:49:55.316904 #261] DEBUG -- : [537c904d-a9c4-4e7b-89e3-de0dc4fb47d8]   [1m[35m (31.1ms)[0m  [1m[35mCOMMIT[0m
I, [2017-12-12T21:49:55.317885 #261]  INFO -- : [537c904d-a9c4-4e7b-89e3-de0dc4fb47d8] Completed 200 OK in 53ms (Views: 0.4ms | ActiveRecord: 33.0ms)
I, [2017-12-12T21:49:55.367727 #258]  INFO -- : [ccd7f497-3ff3-45c8-a49a-1c06f27bdfcd] Started GET "/feeds" for 127.0.0.1 at 2017-12-12 21:49:55 +0000
I, [2017-12-12T21:49:55.367976 #261]  INFO -- : [c32fd699-78be-486b-a988-a1ea6de332b8] Started GET "/users/1/icon" for 127.0.0.1 at 2017-12-12 21:49:55 +0000
I, [2017-12-12T21:49:55.369129 #258]  INFO -- : [ccd7f497-3ff3-45c8-a49a-1c06f27bdfcd] Processing by FeedsController#index as */*
I, [2017-12-12T21:49:55.370373 #261]  INFO -- : [c32fd699-78be-486b-a988-a1ea6de332b8] Processing by UsersController#icon as HTML
I, [2017-12-12T21:49:55.370654 #261]  INFO -- : [c32fd699-78be-486b-a988-a1ea6de332b8]   Parameters: {"id"=>"1"}
D, [2017-12-12T21:49:55.372358 #258] DEBUG -- : [ccd7f497-3ff3-45c8-a49a-1c06f27bdfcd]   [1m[36mUser Load (1.2ms)[0m  [1m[34mSELECT  `users`.* FROM `users` WHERE `users`.`id` = 1 LIMIT 1[0m
D, [2017-12-12T21:49:55.374610 #261] DEBUG -- : [c32fd699-78be-486b-a988-a1ea6de332b8]   [1m[36mUser Load (0.8ms)[0m  [1m[34mSELECT  `users`.* FROM `users` WHERE `users`.`id` = 1 LIMIT 1[0m
I, [2017-12-12T21:49:55.376670 #261]  INFO -- : [c32fd699-78be-486b-a988-a1ea6de332b8] Sent data  (0.9ms)
I, [2017-12-12T21:49:55.377194 #261]  INFO -- : [c32fd699-78be-486b-a988-a1ea6de332b8] Completed 200 OK in 6ms (Views: 0.2ms | ActiveRecord: 0.8ms)
D, [2017-12-12T21:49:55.377995 #258] DEBUG -- : [ccd7f497-3ff3-45c8-a49a-1c06f27bdfcd]   [1m[35m (0.9ms)[0m  [1m[34mSELECT `users`.`id` FROM `users` INNER JOIN `friends` ON `users`.`id` = `friends`.`to_user_id` WHERE `friends`.`from_user_id` = 1[0m
D, [2017-12-12T21:49:55.383991 #258] DEBUG -- : [ccd7f497-3ff3-45c8-a49a-1c06f27bdfcd]   [1m[35m (0.9ms)[0m  [1m[34mSELECT `users`.`id` FROM `users` INNER JOIN `friends` ON `users`.`id` = `friends`.`from_user_id` WHERE `friends`.`to_user_id` = 1[0m
D, [2017-12-12T21:49:55.386253 #258] DEBUG -- : [ccd7f497-3ff3-45c8-a49a-1c06f27bdfcd]   [1m[35m (0.6ms)[0m  [1m[34mSELECT COUNT(count_column) FROM (SELECT  feeds.*,users.name AS count_column FROM `feeds` INNER JOIN `users` ON `users`.`id` = `feeds`.`user_id` WHERE (user_id IN (1)) ORDER BY id DESC LIMIT 30) subquery_for_count[0m
D, [2017-12-12T21:49:55.387242 #258] DEBUG -- : [ccd7f497-3ff3-45c8-a49a-1c06f27bdfcd]   [1m[36mFeed Load (0.4ms)[0m  [1m[34mSELECT  feeds.*,users.name FROM `feeds` INNER JOIN `users` ON `users`.`id` = `feeds`.`user_id` WHERE (user_id IN (1)) ORDER BY id DESC LIMIT 30[0m
I, [2017-12-12T21:49:55.399032 #258]  INFO -- : [ccd7f497-3ff3-45c8-a49a-1c06f27bdfcd] Completed 200 OK in 29ms (Views: 11.2ms | ActiveRecord: 4.3ms)
I, [2017-12-12T21:49:56.494043 #258]  INFO -- : [173ef264-019b-4ee4-b264-63d28d3857fa] Started GET "/feeds/1/find_old" for 127.0.0.1 at 2017-12-12 21:49:56 +0000
I, [2017-12-12T21:49:56.494896 #258]  INFO -- : [173ef264-019b-4ee4-b264-63d28d3857fa] Processing by FeedsController#find_old as */*
I, [2017-12-12T21:49:56.494972 #258]  INFO -- : [173ef264-019b-4ee4-b264-63d28d3857fa]   Parameters: {"id"=>"1"}
D, [2017-12-12T21:49:56.496352 #258] DEBUG -- : [173ef264-019b-4ee4-b264-63d28d3857fa]   [1m[36mUser Load (0.4ms)[0m  [1m[34mSELECT  `users`.* FROM `users` WHERE `users`.`id` = 1 LIMIT 1[0m
D, [2017-12-12T21:49:56.500529 #258] DEBUG -- : [173ef264-019b-4ee4-b264-63d28d3857fa]   [1m[35m (0.6ms)[0m  [1m[34mSELECT `users`.`id` FROM `users` INNER JOIN `friends` ON `users`.`id` = `friends`.`to_user_id` WHERE `friends`.`from_user_id` = 1[0m
D, [2017-12-12T21:49:56.502439 #258] DEBUG -- : [173ef264-019b-4ee4-b264-63d28d3857fa]   [1m[35m (0.4ms)[0m  [1m[34mSELECT `users`.`id` FROM `users` INNER JOIN `friends` ON `users`.`id` = `friends`.`from_user_id` WHERE `friends`.`to_user_id` = 1[0m
D, [2017-12-12T21:49:56.503901 #258] DEBUG -- : [173ef264-019b-4ee4-b264-63d28d3857fa]   [1m[36mFeed Load (0.5ms)[0m  [1m[34mSELECT  feeds.*,users.name FROM `feeds` INNER JOIN `users` ON `users`.`id` = `feeds`.`user_id` WHERE (user_id IN (1) and feeds.id < 1) ORDER BY id DESC LIMIT 30[0m
I, [2017-12-12T21:49:56.504457 #258]  INFO -- : [173ef264-019b-4ee4-b264-63d28d3857fa] Completed 200 OK in 9ms (Views: 0.2ms | ActiveRecord: 2.0ms)
I, [2017-12-12T21:50:01.856288 #258]  INFO -- : [97e33a6b-1562-4d73-9059-56c536e6cc78] Started GET "/feeds/1/find_new" for 127.0.0.1 at 2017-12-12 21:50:01 +0000
I, [2017-12-12T21:50:01.856980 #258]  INFO -- : [97e33a6b-1562-4d73-9059-56c536e6cc78] Processing by FeedsController#find_new as */*
I, [2017-12-12T21:50:01.857056 #258]  INFO -- : [97e33a6b-1562-4d73-9059-56c536e6cc78]   Parameters: {"id"=>"1"}
D, [2017-12-12T21:50:01.860770 #258] DEBUG -- : [97e33a6b-1562-4d73-9059-56c536e6cc78]   [1m[36mUser Load (2.6ms)[0m  [1m[34mSELECT  `users`.* FROM `users` WHERE `users`.`id` = 1 LIMIT 1[0m
D, [2017-12-12T21:50:01.863674 #258] DEBUG -- : [97e33a6b-1562-4d73-9059-56c536e6cc78]   [1m[35m (0.4ms)[0m  [1m[34mSELECT `users`.`id` FROM `users` INNER JOIN `friends` ON `users`.`id` = `friends`.`to_user_id` WHERE `friends`.`from_user_id` = 1[0m
D, [2017-12-12T21:50:01.865439 #258] DEBUG -- : [97e33a6b-1562-4d73-9059-56c536e6cc78]   [1m[35m (0.4ms)[0m  [1m[34mSELECT `users`.`id` FROM `users` INNER JOIN `friends` ON `users`.`id` = `friends`.`from_user_id` WHERE `friends`.`to_user_id` = 1[0m
D, [2017-12-12T21:50:01.866898 #258] DEBUG -- : [97e33a6b-1562-4d73-9059-56c536e6cc78]   [1m[36mFeed Load (0.5ms)[0m  [1m[34mSELECT feeds.*,users.name FROM `feeds` INNER JOIN `users` ON `users`.`id` = `feeds`.`user_id` WHERE (user_id IN (1) and feeds.id > 1) ORDER BY id DESC[0m
I, [2017-12-12T21:50:01.867480 #258]  INFO -- : [97e33a6b-1562-4d73-9059-56c536e6cc78] Completed 200 OK in 10ms (Views: 0.2ms | ActiveRecord: 3.9ms)
I, [2017-12-12T21:50:03.824028 #261]  INFO -- : [4b00b508-7b6b-48a3-9a57-ee6f2d3982ff] Started POST "/feeds" for 127.0.0.1 at 2017-12-12 21:50:03 +0000
I, [2017-12-12T21:50:03.824909 #261]  INFO -- : [4b00b508-7b6b-48a3-9a57-ee6f2d3982ff] Processing by FeedsController#create as */*
I, [2017-12-12T21:50:03.824983 #261]  INFO -- : [4b00b508-7b6b-48a3-9a57-ee6f2d3982ff]   Parameters: {"comment"=>"ã“ã„ã¤ãƒ»ãƒ»ãƒ»å‹•ããžï¼", "feed_type"=>"text"}
D, [2017-12-12T21:50:03.826357 #261] DEBUG -- : [4b00b508-7b6b-48a3-9a57-ee6f2d3982ff]   [1m[36mUser Load (0.6ms)[0m  [1m[34mSELECT  `users`.* FROM `users` WHERE `users`.`id` = 1 LIMIT 1[0m
D, [2017-12-12T21:50:03.827689 #261] DEBUG -- : [4b00b508-7b6b-48a3-9a57-ee6f2d3982ff]   [1m[35m (0.3ms)[0m  [1m[35mBEGIN[0m
D, [2017-12-12T21:50:03.831806 #261] DEBUG -- : [4b00b508-7b6b-48a3-9a57-ee6f2d3982ff]   [1m[35mSQL (0.5ms)[0m  [1m[32mINSERT INTO `feeds` (`feed_type`, `user_id`, `comment`, `created_at`, `updated_at`) VALUES ('text', 1, 'ã“ã„ã¤ãƒ»ãƒ»ãƒ»å‹•ããžï¼', '2017-12-12 21:50:03', '2017-12-12 21:50:03')[0m
D, [2017-12-12T21:50:03.884061 #261] DEBUG -- : [4b00b508-7b6b-48a3-9a57-ee6f2d3982ff]   [1m[35m (51.3ms)[0m  [1m[35mCOMMIT[0m
I, [2017-12-12T21:50:03.884826 #261]  INFO -- : [4b00b508-7b6b-48a3-9a57-ee6f2d3982ff] Completed 200 OK in 60ms (Views: 0.3ms | ActiveRecord: 52.6ms)
I, [2017-12-12T21:50:03.929311 #258]  INFO -- : [ac1ed2ce-de44-4dd7-aa65-67aa4b743633] Started GET "/users/1/icon" for 127.0.0.1 at 2017-12-12 21:50:03 +0000
I, [2017-12-12T21:50:03.929716 #261]  INFO -- : [504df60f-4239-4433-951f-e5c10ad37a40] Started GET "/feeds" for 127.0.0.1 at 2017-12-12 21:50:03 +0000
I, [2017-12-12T21:50:03.931085 #261]  INFO -- : [504df60f-4239-4433-951f-e5c10ad37a40] Processing by FeedsController#index as */*
I, [2017-12-12T21:50:03.931672 #258]  INFO -- : [ac1ed2ce-de44-4dd7-aa65-67aa4b743633] Processing by UsersController#icon as HTML
I, [2017-12-12T21:50:03.931890 #258]  INFO -- : [ac1ed2ce-de44-4dd7-aa65-67aa4b743633]   Parameters: {"id"=>"1"}
D, [2017-12-12T21:50:03.933953 #258] DEBUG -- : [ac1ed2ce-de44-4dd7-aa65-67aa4b743633]   [1m[36mUser Load (0.5ms)[0m  [1m[34mSELECT  `users`.* FROM `users` WHERE `users`.`id` = 1 LIMIT 1[0m
D, [2017-12-12T21:50:03.934057 #261] DEBUG -- : [504df60f-4239-4433-951f-e5c10ad37a40]   [1m[36mUser Load (0.9ms)[0m  [1m[34mSELECT  `users`.* FROM `users` WHERE `users`.`id` = 1 LIMIT 1[0m
I, [2017-12-12T21:50:03.935400 #258]  INFO -- : [ac1ed2ce-de44-4dd7-aa65-67aa4b743633] Sent data  (0.5ms)
I, [2017-12-12T21:50:03.935798 #258]  INFO -- : [ac1ed2ce-de44-4dd7-aa65-67aa4b743633] Completed 200 OK in 4ms (Views: 0.2ms | ActiveRecord: 0.5ms)
D, [2017-12-12T21:50:03.940094 #261] DEBUG -- : [504df60f-4239-4433-951f-e5c10ad37a40]   [1m[35m (1.9ms)[0m  [1m[34mSELECT `users`.`id` FROM `users` INNER JOIN `friends` ON `users`.`id` = `friends`.`to_user_id` WHERE `friends`.`from_user_id` = 1[0m
D, [2017-12-12T21:50:03.946128 #261] DEBUG -- : [504df60f-4239-4433-951f-e5c10ad37a40]   [1m[35m (1.3ms)[0m  [1m[34mSELECT `users`.`id` FROM `users` INNER JOIN `friends` ON `users`.`id` = `friends`.`from_user_id` WHERE `friends`.`to_user_id` = 1[0m
D, [2017-12-12T21:50:03.949636 #261] DEBUG -- : [504df60f-4239-4433-951f-e5c10ad37a40]   [1m[35m (0.7ms)[0m  [1m[34mSELECT COUNT(count_column) FROM (SELECT  feeds.*,users.name AS count_column FROM `feeds` INNER JOIN `users` ON `users`.`id` = `feeds`.`user_id` WHERE (user_id IN (1)) ORDER BY id DESC LIMIT 30) subquery_for_count[0m
D, [2017-12-12T21:50:03.951510 #261] DEBUG -- : [504df60f-4239-4433-951f-e5c10ad37a40]   [1m[36mFeed Load (0.8ms)[0m  [1m[34mSELECT  feeds.*,users.name FROM `feeds` INNER JOIN `users` ON `users`.`id` = `feeds`.`user_id` WHERE (user_id IN (1)) ORDER BY id DESC LIMIT 30[0m
I, [2017-12-12T21:50:03.953561 #261]  INFO -- : [504df60f-4239-4433-951f-e5c10ad37a40] Completed 200 OK in 22ms (Views: 2.6ms | ActiveRecord: 5.5ms)
I, [2017-12-12T21:50:04.977149 #258]  INFO -- : [cf2e99ba-e5ce-43f2-a755-bf335250cbf3] Started GET "/feeds/1/find_old" for 127.0.0.1 at 2017-12-12 21:50:04 +0000
I, [2017-12-12T21:50:04.977905 #258]  INFO -- : [cf2e99ba-e5ce-43f2-a755-bf335250cbf3] Processing by FeedsController#find_old as */*
I, [2017-12-12T21:50:04.978002 #258]  INFO -- : [cf2e99ba-e5ce-43f2-a755-bf335250cbf3]   Parameters: {"id"=>"1"}
D, [2017-12-12T21:50:04.979267 #258] DEBUG -- : [cf2e99ba-e5ce-43f2-a755-bf335250cbf3]   [1m[36mUser Load (0.4ms)[0m  [1m[34mSELECT  `users`.* FROM `users` WHERE `users`.`id` = 1 LIMIT 1[0m
D, [2017-12-12T21:50:04.981463 #258] DEBUG -- : [cf2e99ba-e5ce-43f2-a755-bf335250cbf3]   [1m[35m (0.4ms)[0m  [1m[34mSELECT `users`.`id` FROM `users` INNER JOIN `friends` ON `users`.`id` = `friends`.`to_user_id` WHERE `friends`.`from_user_id` = 1[0m
D, [2017-12-12T21:50:04.983453 #258] DEBUG -- : [cf2e99ba-e5ce-43f2-a755-bf335250cbf3]   [1m[35m (0.4ms)[0m  [1m[34mSELECT `users`.`id` FROM `users` INNER JOIN `friends` ON `users`.`id` = `friends`.`from_user_id` WHERE `friends`.`to_user_id` = 1[0m
D, [2017-12-12T21:50:04.985227 #258] DEBUG -- : [cf2e99ba-e5ce-43f2-a755-bf335250cbf3]   [1m[36mFeed Load (0.7ms)[0m  [1m[34mSELECT  feeds.*,users.name FROM `feeds` INNER JOIN `users` ON `users`.`id` = `feeds`.`user_id` WHERE (user_id IN (1) and feeds.id < 1) ORDER BY id DESC LIMIT 30[0m
I, [2017-12-12T21:50:04.985774 #258]  INFO -- : [cf2e99ba-e5ce-43f2-a755-bf335250cbf3] Completed 200 OK in 8ms (Views: 0.2ms | ActiveRecord: 1.9ms)
I, [2017-12-12T21:50:09.892592 #258]  INFO -- : [61f6dd3a-3bdd-47e7-b47a-cff425218c1f] Started GET "/feeds/2/find_new" for 127.0.0.1 at 2017-12-12 21:50:09 +0000
I, [2017-12-12T21:50:09.893417 #258]  INFO -- : [61f6dd3a-3bdd-47e7-b47a-cff425218c1f] Processing by FeedsController#find_new as */*
I, [2017-12-12T21:50:09.893482 #258]  INFO -- : [61f6dd3a-3bdd-47e7-b47a-cff425218c1f]   Parameters: {"id"=>"2"}
D, [2017-12-12T21:50:09.894578 #258] DEBUG -- : [61f6dd3a-3bdd-47e7-b47a-cff425218c1f]   [1m[36mUser Load (0.4ms)[0m  [1m[34mSELECT  `users`.* FROM `users` WHERE `users`.`id` = 1 LIMIT 1[0m
D, [2017-12-12T21:50:09.897606 #258] DEBUG -- : [61f6dd3a-3bdd-47e7-b47a-cff425218c1f]   [1m[35m (0.6ms)[0m  [1m[34mSELECT `users`.`id` FROM `users` INNER JOIN `friends` ON `users`.`id` = `friends`.`to_user_id` WHERE `friends`.`from_user_id` = 1[0m
D, [2017-12-12T21:50:09.900633 #258] DEBUG -- : [61f6dd3a-3bdd-47e7-b47a-cff425218c1f]   [1m[35m (0.5ms)[0m  [1m[34mSELECT `users`.`id` FROM `users` INNER JOIN `friends` ON `users`.`id` = `friends`.`from_user_id` WHERE `friends`.`to_user_id` = 1[0m
D, [2017-12-12T21:50:09.902272 #258] DEBUG -- : [61f6dd3a-3bdd-47e7-b47a-cff425218c1f]   [1m[36mFeed Load (0.5ms)[0m  [1m[34mSELECT feeds.*,users.name FROM `feeds` INNER JOIN `users` ON `users`.`id` = `feeds`.`user_id` WHERE (user_id IN (1) and feeds.id > 2) ORDER BY id DESC[0m
I, [2017-12-12T21:50:09.902763 #258]  INFO -- : [61f6dd3a-3bdd-47e7-b47a-cff425218c1f] Completed 200 OK in 9ms (Views: 0.2ms | ActiveRecord: 1.9ms)
I, [2017-12-12T21:50:11.345605 #258]  INFO -- : [5f9e506e-b3ce-4c06-891d-4c84071d26d4] Started POST "/feeds" for 127.0.0.1 at 2017-12-12 21:50:11 +0000
I, [2017-12-12T21:50:11.346679 #258]  INFO -- : [5f9e506e-b3ce-4c06-891d-4c84071d26d4] Processing by FeedsController#create as */*
I, [2017-12-12T21:50:11.346765 #258]  INFO -- : [5f9e506e-b3ce-4c06-891d-4c84071d26d4]   Parameters: {"comment"=>"ç”»åƒæŠ•ç¨¿ãƒ†ã‚¹ãƒˆ", "feed_type"=>"text"}
D, [2017-12-12T21:50:11.347976 #258] DEBUG -- : [5f9e506e-b3ce-4c06-891d-4c84071d26d4]   [1m[36mUser Load (0.4ms)[0m  [1m[34mSELECT  `users`.* FROM `users` WHERE `users`.`id` = 1 LIMIT 1[0m
D, [2017-12-12T21:50:11.349296 #258] DEBUG -- : [5f9e506e-b3ce-4c06-891d-4c84071d26d4]   [1m[35m (0.2ms)[0m  [1m[35mBEGIN[0m
D, [2017-12-12T21:50:11.352928 #258] DEBUG -- : [5f9e506e-b3ce-4c06-891d-4c84071d26d4]   [1m[35mSQL (0.3ms)[0m  [1m[32mINSERT INTO `feeds` (`feed_type`, `user_id`, `comment`, `created_at`, `updated_at`) VALUES ('text', 1, 'ç”»åƒæŠ•ç¨¿ãƒ†ã‚¹ãƒˆ', '2017-12-12 21:50:11', '2017-12-12 21:50:11')[0m
D, [2017-12-12T21:50:11.379970 #258] DEBUG -- : [5f9e506e-b3ce-4c06-891d-4c84071d26d4]   [1m[35m (26.5ms)[0m  [1m[35mCOMMIT[0m
I, [2017-12-12T21:50:11.380762 #258]  INFO -- : [5f9e506e-b3ce-4c06-891d-4c84071d26d4] Completed 200 OK in 34ms (Views: 0.3ms | ActiveRecord: 27.4ms)
I, [2017-12-12T21:50:11.432073 #258]  INFO -- : [01286d7b-5c37-4926-a502-7b0d2f1ff114] Started GET "/users/1/icon" for 127.0.0.1 at 2017-12-12 21:50:11 +0000
I, [2017-12-12T21:50:11.432476 #261]  INFO -- : [2a6d1d2a-4261-4cb1-9167-4976842bb108] Started GET "/feeds" for 127.0.0.1 at 2017-12-12 21:50:11 +0000
I, [2017-12-12T21:50:11.433565 #258]  INFO -- : [01286d7b-5c37-4926-a502-7b0d2f1ff114] Processing by UsersController#icon as HTML
I, [2017-12-12T21:50:11.433777 #258]  INFO -- : [01286d7b-5c37-4926-a502-7b0d2f1ff114]   Parameters: {"id"=>"1"}
I, [2017-12-12T21:50:11.434034 #261]  INFO -- : [2a6d1d2a-4261-4cb1-9167-4976842bb108] Processing by FeedsController#index as */*
D, [2017-12-12T21:50:11.435828 #258] DEBUG -- : [01286d7b-5c37-4926-a502-7b0d2f1ff114]   [1m[36mUser Load (0.7ms)[0m  [1m[34mSELECT  `users`.* FROM `users` WHERE `users`.`id` = 1 LIMIT 1[0m
D, [2017-12-12T21:50:11.436675 #261] DEBUG -- : [2a6d1d2a-4261-4cb1-9167-4976842bb108]   [1m[36mUser Load (0.7ms)[0m  [1m[34mSELECT  `users`.* FROM `users` WHERE `users`.`id` = 1 LIMIT 1[0m
I, [2017-12-12T21:50:11.437410 #258]  INFO -- : [01286d7b-5c37-4926-a502-7b0d2f1ff114] Sent data  (0.6ms)
I, [2017-12-12T21:50:11.437869 #258]  INFO -- : [01286d7b-5c37-4926-a502-7b0d2f1ff114] Completed 200 OK in 4ms (Views: 0.2ms | ActiveRecord: 0.7ms)
D, [2017-12-12T21:50:11.441092 #261] DEBUG -- : [2a6d1d2a-4261-4cb1-9167-4976842bb108]   [1m[35m (0.9ms)[0m  [1m[34mSELECT `users`.`id` FROM `users` INNER JOIN `friends` ON `users`.`id` = `friends`.`to_user_id` WHERE `friends`.`from_user_id` = 1[0m
D, [2017-12-12T21:50:11.445145 #261] DEBUG -- : [2a6d1d2a-4261-4cb1-9167-4976842bb108]   [1m[35m (0.7ms)[0m  [1m[34mSELECT `users`.`id` FROM `users` INNER JOIN `friends` ON `users`.`id` = `friends`.`from_user_id` WHERE `friends`.`to_user_id` = 1[0m
D, [2017-12-12T21:50:11.449040 #261] DEBUG -- : [2a6d1d2a-4261-4cb1-9167-4976842bb108]   [1m[35m (0.6ms)[0m  [1m[34mSELECT COUNT(count_column) FROM (SELECT  feeds.*,users.name AS count_column FROM `feeds` INNER JOIN `users` ON `users`.`id` = `feeds`.`user_id` WHERE (user_id IN (1)) ORDER BY id DESC LIMIT 30) subquery_for_count[0m
D, [2017-12-12T21:50:11.450194 #261] DEBUG -- : [2a6d1d2a-4261-4cb1-9167-4976842bb108]   [1m[36mFeed Load (0.4ms)[0m  [1m[34mSELECT  feeds.*,users.name FROM `feeds` INNER JOIN `users` ON `users`.`id` = `feeds`.`user_id` WHERE (user_id IN (1)) ORDER BY id DESC LIMIT 30[0m
I, [2017-12-12T21:50:11.451541 #261]  INFO -- : [2a6d1d2a-4261-4cb1-9167-4976842bb108] Completed 200 OK in 17ms (Views: 1.7ms | ActiveRecord: 3.4ms)
I, [2017-12-12T21:50:12.479846 #258]  INFO -- : [0e98d84a-6c1c-4f7e-9b00-a1c49d54ea00] Started GET "/feeds/1/find_old" for 127.0.0.1 at 2017-12-12 21:50:12 +0000
I, [2017-12-12T21:50:12.480641 #258]  INFO -- : [0e98d84a-6c1c-4f7e-9b00-a1c49d54ea00] Processing by FeedsController#find_old as */*
I, [2017-12-12T21:50:12.480713 #258]  INFO -- : [0e98d84a-6c1c-4f7e-9b00-a1c49d54ea00]   Parameters: {"id"=>"1"}
D, [2017-12-12T21:50:12.481939 #258] DEBUG -- : [0e98d84a-6c1c-4f7e-9b00-a1c49d54ea00]   [1m[36mUser Load (0.4ms)[0m  [1m[34mSELECT  `users`.* FROM `users` WHERE `users`.`id` = 1 LIMIT 1[0m
D, [2017-12-12T21:50:12.484412 #258] DEBUG -- : [0e98d84a-6c1c-4f7e-9b00-a1c49d54ea00]   [1m[35m (0.4ms)[0m  [1m[34mSELECT `users`.`id` FROM `users` INNER JOIN `friends` ON `users`.`id` = `friends`.`to_user_id` WHERE `friends`.`from_user_id` = 1[0m
D, [2017-12-12T21:50:12.486643 #258] DEBUG -- : [0e98d84a-6c1c-4f7e-9b00-a1c49d54ea00]   [1m[35m (0.5ms)[0m  [1m[34mSELECT `users`.`id` FROM `users` INNER JOIN `friends` ON `users`.`id` = `friends`.`from_user_id` WHERE `friends`.`to_user_id` = 1[0m
D, [2017-12-12T21:50:12.488074 #258] DEBUG -- : [0e98d84a-6c1c-4f7e-9b00-a1c49d54ea00]   [1m[36mFeed Load (0.5ms)[0m  [1m[34mSELECT  feeds.*,users.name FROM `feeds` INNER JOIN `users` ON `users`.`id` = `feeds`.`user_id` WHERE (user_id IN (1) and feeds.id < 1) ORDER BY id DESC LIMIT 30[0m
I, [2017-12-12T21:50:12.488618 #258]  INFO -- : [0e98d84a-6c1c-4f7e-9b00-a1c49d54ea00] Completed 200 OK in 8ms (Views: 0.2ms | ActiveRecord: 1.8ms)
I, [2017-12-12T21:50:17.436265 #258]  INFO -- : [7dd2ef94-8334-4010-9fd3-d23dbaad97f8] Started GET "/feeds/3/find_new" for 127.0.0.1 at 2017-12-12 21:50:17 +0000
I, [2017-12-12T21:50:17.436917 #258]  INFO -- : [7dd2ef94-8334-4010-9fd3-d23dbaad97f8] Processing by FeedsController#find_new as */*
I, [2017-12-12T21:50:17.436989 #258]  INFO -- : [7dd2ef94-8334-4010-9fd3-d23dbaad97f8]   Parameters: {"id"=>"3"}
D, [2017-12-12T21:50:17.438180 #258] DEBUG -- : [7dd2ef94-8334-4010-9fd3-d23dbaad97f8]   [1m[36mUser Load (0.4ms)[0m  [1m[34mSELECT  `users`.* FROM `users` WHERE `users`.`id` = 1 LIMIT 1[0m
D, [2017-12-12T21:50:17.440219 #258] DEBUG -- : [7dd2ef94-8334-4010-9fd3-d23dbaad97f8]   [1m[35m (0.4ms)[0m  [1m[34mSELECT `users`.`id` FROM `users` INNER JOIN `friends` ON `users`.`id` = `friends`.`to_user_id` WHERE `friends`.`from_user_id` = 1[0m
D, [2017-12-12T21:50:17.442884 #258] DEBUG -- : [7dd2ef94-8334-4010-9fd3-d23dbaad97f8]   [1m[35m (0.7ms)[0m  [1m[34mSELECT `users`.`id` FROM `users` INNER JOIN `friends` ON `users`.`id` = `friends`.`from_user_id` WHERE `friends`.`to_user_id` = 1[0m
D, [2017-12-12T21:50:17.444466 #258] DEBUG -- : [7dd2ef94-8334-4010-9fd3-d23dbaad97f8]   [1m[36mFeed Load (0.5ms)[0m  [1m[34mSELECT feeds.*,users.name FROM `feeds` INNER JOIN `users` ON `users`.`id` = `feeds`.`user_id` WHERE (user_id IN (1) and feeds.id > 3) ORDER BY id DESC[0m
I, [2017-12-12T21:50:17.445029 #258]  INFO -- : [7dd2ef94-8334-4010-9fd3-d23dbaad97f8] Completed 200 OK in 8ms (Views: 0.2ms | ActiveRecord: 2.0ms)
I, [2017-12-12T21:50:21.879274 #258]  INFO -- : [c5436b62-3445-4d1f-a645-8546b2415c18] Started POST "/feeds" for 127.0.0.1 at 2017-12-12 21:50:21 +0000
I, [2017-12-12T21:50:22.019546 #258]  INFO -- : [c5436b62-3445-4d1f-a645-8546b2415c18] Processing by FeedsController#create as */*
I, [2017-12-12T21:50:22.019701 #258]  INFO -- : [c5436b62-3445-4d1f-a645-8546b2415c18]   Parameters: {"image"=>#<ActionDispatch::Http::UploadedFile:0x0000000002b1e2f0 @tempfile=#<Tempfile:/tmp/RackMultipart20171212-258-dfrbwp.JPG>, @original_filename="DSC_0677.JPG", @content_type="image/jpeg", @headers="Content-Disposition: form-data; name=\"image\"; filename=\"DSC_0677.JPG\"\r\nContent-Type: image/jpeg\r\n">, "feed_type"=>"image"}
D, [2017-12-12T21:50:22.020791 #258] DEBUG -- : [c5436b62-3445-4d1f-a645-8546b2415c18]   [1m[36mUser Load (0.3ms)[0m  [1m[34mSELECT  `users`.* FROM `users` WHERE `users`.`id` = 1 LIMIT 1[0m
D, [2017-12-12T21:50:22.529272 #258] DEBUG -- : [c5436b62-3445-4d1f-a645-8546b2415c18]   [1m[35m (0.3ms)[0m  [1m[35mBEGIN[0m
D, [2017-12-12T21:50:22.537560 #258] DEBUG -- : [c5436b62-3445-4d1f-a645-8546b2415c18]   [1m[35mSQL (5.0ms)[0m  [1m[32mINSERT INTO `feeds` (`feed_type`, `user_id`, `image_file_name`, `exif`, `created_at`, `updated_at`) VALUES ('image', 1, 'default.png', 'Sony SO-04H', '2017-12-12 21:50:22', '2017-12-12 21:50:22')[0m
D, [2017-12-12T21:50:22.579671 #258] DEBUG -- : [c5436b62-3445-4d1f-a645-8546b2415c18]   [1m[35m (41.4ms)[0m  [1m[35mCOMMIT[0m
D, [2017-12-12T21:50:22.586234 #258] DEBUG -- : [c5436b62-3445-4d1f-a645-8546b2415c18]   [1m[35m (0.4ms)[0m  [1m[35mBEGIN[0m
D, [2017-12-12T21:50:22.589571 #258] DEBUG -- : [c5436b62-3445-4d1f-a645-8546b2415c18]   [1m[35mSQL (1.0ms)[0m  [1m[33mUPDATE `feeds` SET `image_file_name` = '4.jpg' WHERE `feeds`.`id` = 4[0m
D, [2017-12-12T21:50:22.614119 #258] DEBUG -- : [c5436b62-3445-4d1f-a645-8546b2415c18]   [1m[35m (23.7ms)[0m  [1m[35mCOMMIT[0m
I, [2017-12-12T21:50:22.614802 #258]  INFO -- : [c5436b62-3445-4d1f-a645-8546b2415c18] Completed 200 OK in 595ms (Views: 0.3ms | ActiveRecord: 72.2ms)
I, [2017-12-12T21:50:22.672543 #258]  INFO -- : [d7a67a7d-adb0-422c-8df9-a1b3272a6471] Started GET "/users/1/icon" for 127.0.0.1 at 2017-12-12 21:50:22 +0000
I, [2017-12-12T21:50:22.673872 #258]  INFO -- : [d7a67a7d-adb0-422c-8df9-a1b3272a6471] Processing by UsersController#icon as HTML
I, [2017-12-12T21:50:22.674035 #258]  INFO -- : [d7a67a7d-adb0-422c-8df9-a1b3272a6471]   Parameters: {"id"=>"1"}
D, [2017-12-12T21:50:22.675465 #258] DEBUG -- : [d7a67a7d-adb0-422c-8df9-a1b3272a6471]   [1m[36mUser Load (0.5ms)[0m  [1m[34mSELECT  `users`.* FROM `users` WHERE `users`.`id` = 1 LIMIT 1[0m
I, [2017-12-12T21:50:22.676419 #258]  INFO -- : [d7a67a7d-adb0-422c-8df9-a1b3272a6471] Sent data  (0.4ms)
I, [2017-12-12T21:50:22.676607 #258]  INFO -- : [d7a67a7d-adb0-422c-8df9-a1b3272a6471] Completed 200 OK in 2ms (Views: 0.1ms | ActiveRecord: 0.5ms)
I, [2017-12-12T21:50:22.680005 #258]  INFO -- : [c9241bd5-85ca-427e-8656-66dfcf6138c7] Started GET "/feeds" for 127.0.0.1 at 2017-12-12 21:50:22 +0000
I, [2017-12-12T21:50:22.680713 #258]  INFO -- : [c9241bd5-85ca-427e-8656-66dfcf6138c7] Processing by FeedsController#index as */*
D, [2017-12-12T21:50:22.683482 #258] DEBUG -- : [c9241bd5-85ca-427e-8656-66dfcf6138c7]   [1m[36mUser Load (0.6ms)[0m  [1m[34mSELECT  `users`.* FROM `users` WHERE `users`.`id` = 1 LIMIT 1[0m
D, [2017-12-12T21:50:22.687356 #258] DEBUG -- : [c9241bd5-85ca-427e-8656-66dfcf6138c7]   [1m[35m (0.7ms)[0m  [1m[34mSELECT `users`.`id` FROM `users` INNER JOIN `friends` ON `users`.`id` = `friends`.`to_user_id` WHERE `friends`.`from_user_id` = 1[0m
D, [2017-12-12T21:50:22.690731 #258] DEBUG -- : [c9241bd5-85ca-427e-8656-66dfcf6138c7]   [1m[35m (0.9ms)[0m  [1m[34mSELECT `users`.`id` FROM `users` INNER JOIN `friends` ON `users`.`id` = `friends`.`from_user_id` WHERE `friends`.`to_user_id` = 1[0m
D, [2017-12-12T21:50:22.693304 #258] DEBUG -- : [c9241bd5-85ca-427e-8656-66dfcf6138c7]   [1m[35m (0.8ms)[0m  [1m[34mSELECT COUNT(count_column) FROM (SELECT  feeds.*,users.name AS count_column FROM `feeds` INNER JOIN `users` ON `users`.`id` = `feeds`.`user_id` WHERE (user_id IN (1)) ORDER BY id DESC LIMIT 30) subquery_for_count[0m
D, [2017-12-12T21:50:22.695011 #258] DEBUG -- : [c9241bd5-85ca-427e-8656-66dfcf6138c7]   [1m[36mFeed Load (0.7ms)[0m  [1m[34mSELECT  feeds.*,users.name FROM `feeds` INNER JOIN `users` ON `users`.`id` = `feeds`.`user_id` WHERE (user_id IN (1)) ORDER BY id DESC LIMIT 30[0m
I, [2017-12-12T21:50:22.699926 #258]  INFO -- : [c9241bd5-85ca-427e-8656-66dfcf6138c7] Completed 200 OK in 19ms (Views: 5.4ms | ActiveRecord: 3.8ms)
I, [2017-12-12T21:50:23.731086 #261]  INFO -- : [6fd9f372-9133-4ec9-9710-34da95b806bf] Started GET "/feeds/1/find_old" for 127.0.0.1 at 2017-12-12 21:50:23 +0000
I, [2017-12-12T21:50:23.732273 #261]  INFO -- : [6fd9f372-9133-4ec9-9710-34da95b806bf] Processing by FeedsController#find_old as */*
I, [2017-12-12T21:50:23.732407 #261]  INFO -- : [6fd9f372-9133-4ec9-9710-34da95b806bf]   Parameters: {"id"=>"1"}
D, [2017-12-12T21:50:23.734340 #261] DEBUG -- : [6fd9f372-9133-4ec9-9710-34da95b806bf]   [1m[36mUser Load (0.6ms)[0m  [1m[34mSELECT  `users`.* FROM `users` WHERE `users`.`id` = 1 LIMIT 1[0m
D, [2017-12-12T21:50:23.737660 #261] DEBUG -- : [6fd9f372-9133-4ec9-9710-34da95b806bf]   [1m[35m (0.4ms)[0m  [1m[34mSELECT `users`.`id` FROM `users` INNER JOIN `friends` ON `users`.`id` = `friends`.`to_user_id` WHERE `friends`.`from_user_id` = 1[0m
D, [2017-12-12T21:50:23.739538 #261] DEBUG -- : [6fd9f372-9133-4ec9-9710-34da95b806bf]   [1m[35m (0.4ms)[0m  [1m[34mSELECT `users`.`id` FROM `users` INNER JOIN `friends` ON `users`.`id` = `friends`.`from_user_id` WHERE `friends`.`to_user_id` = 1[0m
D, [2017-12-12T21:50:23.741033 #261] DEBUG -- : [6fd9f372-9133-4ec9-9710-34da95b806bf]   [1m[36mFeed Load (0.6ms)[0m  [1m[34mSELECT  feeds.*,users.name FROM `feeds` INNER JOIN `users` ON `users`.`id` = `feeds`.`user_id` WHERE (user_id IN (1) and feeds.id < 1) ORDER BY id DESC LIMIT 30[0m
I, [2017-12-12T21:50:23.741525 #261]  INFO -- : [6fd9f372-9133-4ec9-9710-34da95b806bf] Completed 200 OK in 9ms (Views: 0.2ms | ActiveRecord: 2.0ms)
I, [2017-12-12T21:50:28.111368 #258]  INFO -- : [a7469241-d484-4e69-a476-764da9a515dc] Started GET "/feeds/4/find_new" for 127.0.0.1 at 2017-12-12 21:50:28 +0000
I, [2017-12-12T21:50:28.112373 #258]  INFO -- : [a7469241-d484-4e69-a476-764da9a515dc] Processing by FeedsController#find_new as */*
I, [2017-12-12T21:50:28.112503 #258]  INFO -- : [a7469241-d484-4e69-a476-764da9a515dc]   Parameters: {"id"=>"4"}
D, [2017-12-12T21:50:28.113644 #258] DEBUG -- : [a7469241-d484-4e69-a476-764da9a515dc]   [1m[36mUser Load (0.4ms)[0m  [1m[34mSELECT  `users`.* FROM `users` WHERE `users`.`id` = 1 LIMIT 1[0m
D, [2017-12-12T21:50:28.115802 #258] DEBUG -- : [a7469241-d484-4e69-a476-764da9a515dc]   [1m[35m (0.5ms)[0m  [1m[34mSELECT `users`.`id` FROM `users` INNER JOIN `friends` ON `users`.`id` = `friends`.`to_user_id` WHERE `friends`.`from_user_id` = 1[0m
D, [2017-12-12T21:50:28.118424 #258] DEBUG -- : [a7469241-d484-4e69-a476-764da9a515dc]   [1m[35m (0.7ms)[0m  [1m[34mSELECT `users`.`id` FROM `users` INNER JOIN `friends` ON `users`.`id` = `friends`.`from_user_id` WHERE `friends`.`to_user_id` = 1[0m
D, [2017-12-12T21:50:28.120332 #258] DEBUG -- : [a7469241-d484-4e69-a476-764da9a515dc]   [1m[36mFeed Load (0.6ms)[0m  [1m[34mSELECT feeds.*,users.name FROM `feeds` INNER JOIN `users` ON `users`.`id` = `feeds`.`user_id` WHERE (user_id IN (1) and feeds.id > 4) ORDER BY id DESC[0m
I, [2017-12-12T21:50:28.120900 #258]  INFO -- : [a7469241-d484-4e69-a476-764da9a515dc] Completed 200 OK in 8ms (Views: 0.2ms | ActiveRecord: 2.1ms)
I, [2017-12-12T21:50:33.270896 #258]  INFO -- : [3c2da013-6bbb-40a5-b5e6-e2aa95c2b6a9] Started POST "/feeds" for 127.0.0.1 at 2017-12-12 21:50:33 +0000
I, [2017-12-12T21:50:33.272043 #258]  INFO -- : [3c2da013-6bbb-40a5-b5e6-e2aa95c2b6a9] Processing by FeedsController#create as */*
I, [2017-12-12T21:50:33.272162 #258]  INFO -- : [3c2da013-6bbb-40a5-b5e6-e2aa95c2b6a9]   Parameters: {"comment"=>"ãŠãƒ»ãƒ»ãƒ»ç”»åƒã‚‚æŠ•ç¨¿ã§ããŸ", "feed_type"=>"text"}
D, [2017-12-12T21:50:33.273857 #258] DEBUG -- : [3c2da013-6bbb-40a5-b5e6-e2aa95c2b6a9]   [1m[36mUser Load (0.5ms)[0m  [1m[34mSELECT  `users`.* FROM `users` WHERE `users`.`id` = 1 LIMIT 1[0m
D, [2017-12-12T21:50:33.274754 #258] DEBUG -- : [3c2da013-6bbb-40a5-b5e6-e2aa95c2b6a9]   [1m[35m (0.3ms)[0m  [1m[35mBEGIN[0m
D, [2017-12-12T21:50:33.277636 #258] DEBUG -- : [3c2da013-6bbb-40a5-b5e6-e2aa95c2b6a9]   [1m[35mSQL (0.5ms)[0m  [1m[32mINSERT INTO `feeds` (`feed_type`, `user_id`, `comment`, `created_at`, `updated_at`) VALUES ('text', 1, 'ãŠãƒ»ãƒ»ãƒ»ç”»åƒã‚‚æŠ•ç¨¿ã§ããŸ', '2017-12-12 21:50:33', '2017-12-12 21:50:33')[0m
D, [2017-12-12T21:50:33.331871 #258] DEBUG -- : [3c2da013-6bbb-40a5-b5e6-e2aa95c2b6a9]   [1m[35m (53.7ms)[0m  [1m[35mCOMMIT[0m
I, [2017-12-12T21:50:33.332612 #258]  INFO -- : [3c2da013-6bbb-40a5-b5e6-e2aa95c2b6a9] Completed 200 OK in 60ms (Views: 0.3ms | ActiveRecord: 55.0ms)
I, [2017-12-12T21:50:33.380032 #261]  INFO -- : [a2b5aa1d-ac00-4b82-8d2e-fab020e9e66e] Started GET "/users/1/icon" for 127.0.0.1 at 2017-12-12 21:50:33 +0000
I, [2017-12-12T21:50:33.380747 #258]  INFO -- : [7c9f24e9-9df1-4b6e-8276-510df3db9acf] Started GET "/feeds" for 127.0.0.1 at 2017-12-12 21:50:33 +0000
I, [2017-12-12T21:50:33.381118 #261]  INFO -- : [a2b5aa1d-ac00-4b82-8d2e-fab020e9e66e] Processing by UsersController#icon as HTML
I, [2017-12-12T21:50:33.381252 #261]  INFO -- : [a2b5aa1d-ac00-4b82-8d2e-fab020e9e66e]   Parameters: {"id"=>"1"}
I, [2017-12-12T21:50:33.381879 #258]  INFO -- : [7c9f24e9-9df1-4b6e-8276-510df3db9acf] Processing by FeedsController#index as */*
D, [2017-12-12T21:50:33.383135 #261] DEBUG -- : [a2b5aa1d-ac00-4b82-8d2e-fab020e9e66e]   [1m[36mUser Load (0.8ms)[0m  [1m[34mSELECT  `users`.* FROM `users` WHERE `users`.`id` = 1 LIMIT 1[0m
D, [2017-12-12T21:50:33.384783 #258] DEBUG -- : [7c9f24e9-9df1-4b6e-8276-510df3db9acf]   [1m[36mUser Load (0.8ms)[0m  [1m[34mSELECT  `users`.* FROM `users` WHERE `users`.`id` = 1 LIMIT 1[0m
I, [2017-12-12T21:50:33.384805 #261]  INFO -- : [a2b5aa1d-ac00-4b82-8d2e-fab020e9e66e] Sent data  (0.6ms)
I, [2017-12-12T21:50:33.385142 #261]  INFO -- : [a2b5aa1d-ac00-4b82-8d2e-fab020e9e66e] Completed 200 OK in 4ms (Views: 0.3ms | ActiveRecord: 0.8ms)
D, [2017-12-12T21:50:33.391509 #258] DEBUG -- : [7c9f24e9-9df1-4b6e-8276-510df3db9acf]   [1m[35m (1.1ms)[0m  [1m[34mSELECT `users`.`id` FROM `users` INNER JOIN `friends` ON `users`.`id` = `friends`.`to_user_id` WHERE `friends`.`from_user_id` = 1[0m
D, [2017-12-12T21:50:33.396880 #258] DEBUG -- : [7c9f24e9-9df1-4b6e-8276-510df3db9acf]   [1m[35m (0.9ms)[0m  [1m[34mSELECT `users`.`id` FROM `users` INNER JOIN `friends` ON `users`.`id` = `friends`.`from_user_id` WHERE `friends`.`to_user_id` = 1[0m
D, [2017-12-12T21:50:33.402521 #258] DEBUG -- : [7c9f24e9-9df1-4b6e-8276-510df3db9acf]   [1m[35m (0.8ms)[0m  [1m[34mSELECT COUNT(count_column) FROM (SELECT  feeds.*,users.name AS count_column FROM `feeds` INNER JOIN `users` ON `users`.`id` = `feeds`.`user_id` WHERE (user_id IN (1)) ORDER BY id DESC LIMIT 30) subquery_for_count[0m
D, [2017-12-12T21:50:33.403877 #258] DEBUG -- : [7c9f24e9-9df1-4b6e-8276-510df3db9acf]   [1m[36mFeed Load (0.6ms)[0m  [1m[34mSELECT  feeds.*,users.name FROM `feeds` INNER JOIN `users` ON `users`.`id` = `feeds`.`user_id` WHERE (user_id IN (1)) ORDER BY id DESC LIMIT 30[0m
I, [2017-12-12T21:50:33.407215 #258]  INFO -- : [7c9f24e9-9df1-4b6e-8276-510df3db9acf] Completed 200 OK in 25ms (Views: 3.5ms | ActiveRecord: 4.2ms)
I, [2017-12-12T21:50:34.519011 #261]  INFO -- : [d5302adc-cb97-4597-92bb-b533e4ae464a] Started GET "/feeds/1/find_old" for 127.0.0.1 at 2017-12-12 21:50:34 +0000
I, [2017-12-12T21:50:34.519662 #261]  INFO -- : [d5302adc-cb97-4597-92bb-b533e4ae464a] Processing by FeedsController#find_old as */*
I, [2017-12-12T21:50:34.519742 #261]  INFO -- : [d5302adc-cb97-4597-92bb-b533e4ae464a]   Parameters: {"id"=>"1"}
D, [2017-12-12T21:50:34.521056 #261] DEBUG -- : [d5302adc-cb97-4597-92bb-b533e4ae464a]   [1m[36mUser Load (0.5ms)[0m  [1m[34mSELECT  `users`.* FROM `users` WHERE `users`.`id` = 1 LIMIT 1[0m
D, [2017-12-12T21:50:34.524268 #261] DEBUG -- : [d5302adc-cb97-4597-92bb-b533e4ae464a]   [1m[35m (0.7ms)[0m  [1m[34mSELECT `users`.`id` FROM `users` INNER JOIN `friends` ON `users`.`id` = `friends`.`to_user_id` WHERE `friends`.`from_user_id` = 1[0m
D, [2017-12-12T21:50:34.527857 #261] DEBUG -- : [d5302adc-cb97-4597-92bb-b533e4ae464a]   [1m[35m (0.7ms)[0m  [1m[34mSELECT `users`.`id` FROM `users` INNER JOIN `friends` ON `users`.`id` = `friends`.`from_user_id` WHERE `friends`.`to_user_id` = 1[0m
D, [2017-12-12T21:50:34.530664 #261] DEBUG -- : [d5302adc-cb97-4597-92bb-b533e4ae464a]   [1m[36mFeed Load (0.9ms)[0m  [1m[34mSELECT  feeds.*,users.name FROM `feeds` INNER JOIN `users` ON `users`.`id` = `feeds`.`user_id` WHERE (user_id IN (1) and feeds.id < 1) ORDER BY id DESC LIMIT 30[0m
I, [2017-12-12T21:50:34.531709 #261]  INFO -- : [d5302adc-cb97-4597-92bb-b533e4ae464a] Completed 200 OK in 12ms (Views: 0.3ms | ActiveRecord: 2.9ms)
I, [2017-12-12T21:50:39.615825 #261]  INFO -- : [fd45ced9-7994-4e49-aa70-300db7062730] Started GET "/feeds/5/find_new" for 127.0.0.1 at 2017-12-12 21:50:39 +0000
I, [2017-12-12T21:50:39.616929 #261]  INFO -- : [fd45ced9-7994-4e49-aa70-300db7062730] Processing by FeedsController#find_new as */*
I, [2017-12-12T21:50:39.617073 #261]  INFO -- : [fd45ced9-7994-4e49-aa70-300db7062730]   Parameters: {"id"=>"5"}
D, [2017-12-12T21:50:39.619202 #261] DEBUG -- : [fd45ced9-7994-4e49-aa70-300db7062730]   [1m[36mUser Load (0.6ms)[0m  [1m[34mSELECT  `users`.* FROM `users` WHERE `users`.`id` = 1 LIMIT 1[0m
D, [2017-12-12T21:50:39.623177 #261] DEBUG -- : [fd45ced9-7994-4e49-aa70-300db7062730]   [1m[35m (0.6ms)[0m  [1m[34mSELECT `users`.`id` FROM `users` INNER JOIN `friends` ON `users`.`id` = `friends`.`to_user_id` WHERE `friends`.`from_user_id` = 1[0m
D, [2017-12-12T21:50:39.628690 #261] DEBUG -- : [fd45ced9-7994-4e49-aa70-300db7062730]   [1m[35m (2.2ms)[0m  [1m[34mSELECT `users`.`id` FROM `users` INNER JOIN `friends` ON `users`.`id` = `friends`.`from_user_id` WHERE `friends`.`to_user_id` = 1[0m
D, [2017-12-12T21:50:39.631534 #261] DEBUG -- : [fd45ced9-7994-4e49-aa70-300db7062730]   [1m[36mFeed Load (0.9ms)[0m  [1m[34mSELECT feeds.*,users.name FROM `feeds` INNER JOIN `users` ON `users`.`id` = `feeds`.`user_id` WHERE (user_id IN (1) and feeds.id > 5) ORDER BY id DESC[0m
I, [2017-12-12T21:50:39.632296 #261]  INFO -- : [fd45ced9-7994-4e49-aa70-300db7062730] Completed 200 OK in 15ms (Views: 0.2ms | ActiveRecord: 4.4ms)
I, [2017-12-12T21:50:45.619867 #261]  INFO -- : [8eadfcb9-9111-469b-81cc-11e777e6a799] Started GET "/feeds/5/find_new" for 127.0.0.1 at 2017-12-12 21:50:45 +0000
I, [2017-12-12T21:50:45.620746 #261]  INFO -- : [8eadfcb9-9111-469b-81cc-11e777e6a799] Processing by FeedsController#find_new as */*
I, [2017-12-12T21:50:45.620903 #261]  INFO -- : [8eadfcb9-9111-469b-81cc-11e777e6a799]   Parameters: {"id"=>"5"}
D, [2017-12-12T21:50:45.623244 #261] DEBUG -- : [8eadfcb9-9111-469b-81cc-11e777e6a799]   [1m[36mUser Load (1.0ms)[0m  [1m[34mSELECT  `users`.* FROM `users` WHERE `users`.`id` = 1 LIMIT 1[0m
D, [2017-12-12T21:50:45.627310 #261] DEBUG -- : [8eadfcb9-9111-469b-81cc-11e777e6a799]   [1m[35m (0.7ms)[0m  [1m[34mSELECT `users`.`id` FROM `users` INNER JOIN `friends` ON `users`.`id` = `friends`.`to_user_id` WHERE `friends`.`from_user_id` = 1[0m
D, [2017-12-12T21:50:45.629620 #261] DEBUG -- : [8eadfcb9-9111-469b-81cc-11e777e6a799]   [1m[35m (0.4ms)[0m  [1m[34mSELECT `users`.`id` FROM `users` INNER JOIN `friends` ON `users`.`id` = `friends`.`from_user_id` WHERE `friends`.`to_user_id` = 1[0m
D, [2017-12-12T21:50:45.631100 #261] DEBUG -- : [8eadfcb9-9111-469b-81cc-11e777e6a799]   [1m[36mFeed Load (0.6ms)[0m  [1m[34mSELECT feeds.*,users.name FROM `feeds` INNER JOIN `users` ON `users`.`id` = `feeds`.`user_id` WHERE (user_id IN (1) and feeds.id > 5) ORDER BY id DESC[0m
I, [2017-12-12T21:50:45.632113 #261]  INFO -- : [8eadfcb9-9111-469b-81cc-11e777e6a799] Completed 200 OK in 11ms (Views: 0.2ms | ActiveRecord: 2.6ms)
I, [2017-12-12T21:50:48.365533 #261]  INFO -- : [be296cfc-a09d-4b44-b5dc-07d3989906e5] Started POST "/feeds" for 127.0.0.1 at 2017-12-12 21:50:48 +0000
I, [2017-12-12T21:50:48.432962 #261]  INFO -- : [be296cfc-a09d-4b44-b5dc-07d3989906e5] Processing by FeedsController#create as */*
