I, [2017-12-12T21:56:03.275073 #258]  INFO -- : [4b335c1e-1dd0-496d-9b41-3167d2770a71] Processing by FeedsController#index as */*
D, [2017-12-12T21:56:03.277599 #261] DEBUG -- : [a21165b6-23d1-459a-a044-e0f8357693a1]   [1m[35m (1.3ms)[0m  [1m[34mSELECT `users`.`id` FROM `users` INNER JOIN `friends` ON `users`.`id` = `friends`.`from_user_id` WHERE `friends`.`to_user_id` = 4[0m
D, [2017-12-12T21:56:03.277751 #258] DEBUG -- : [4b335c1e-1dd0-496d-9b41-3167d2770a71]   [1m[36mUser Load (0.7ms)[0m  [1m[34mSELECT  `users`.* FROM `users` WHERE `users`.`id` = 5 LIMIT 1[0m
D, [2017-12-12T21:56:03.280371 #261] DEBUG -- : [a21165b6-23d1-459a-a044-e0f8357693a1]   [1m[36mFeed Load (0.8ms)[0m  [1m[34mSELECT feeds.*,users.name FROM `feeds` INNER JOIN `users` ON `users`.`id` = `feeds`.`user_id` WHERE (user_id IN (3, 4) and feeds.id > 21) ORDER BY id DESC[0m
I, [2017-12-12T21:56:03.281303 #261]  INFO -- : [a21165b6-23d1-459a-a044-e0f8357693a1] Completed 200 OK in 14ms (Views: 0.3ms | ActiveRecord: 3.9ms)
D, [2017-12-12T21:56:03.283164 #258] DEBUG -- : [4b335c1e-1dd0-496d-9b41-3167d2770a71]   [1m[35m (1.6ms)[0m  [1m[34mSELECT `users`.`id` FROM `users` INNER JOIN `friends` ON `users`.`id` = `friends`.`to_user_id` WHERE `friends`.`from_user_id` = 5[0m
I, [2017-12-12T21:56:03.284429 #261]  INFO -- : [5af3b911-9177-474f-ac64-b005a55780d8] Started GET "/users/5/icon" for 127.0.0.1 at 2017-12-12 21:56:03 +0000
I, [2017-12-12T21:56:03.285518 #261]  INFO -- : [5af3b911-9177-474f-ac64-b005a55780d8] Processing by UsersController#icon as HTML
I, [2017-12-12T21:56:03.285706 #261]  INFO -- : [5af3b911-9177-474f-ac64-b005a55780d8]   Parameters: {"id"=>"5"}
D, [2017-12-12T21:56:03.287284 #258] DEBUG -- : [4b335c1e-1dd0-496d-9b41-3167d2770a71]   [1m[35m (1.5ms)[0m  [1m[34mSELECT `users`.`id` FROM `users` INNER JOIN `friends` ON `users`.`id` = `friends`.`from_user_id` WHERE `friends`.`to_user_id` = 5[0m
D, [2017-12-12T21:56:03.292265 #261] DEBUG -- : [5af3b911-9177-474f-ac64-b005a55780d8]   [1m[36mUser Load (1.2ms)[0m  [1m[34mSELECT  `users`.* FROM `users` WHERE `users`.`id` = 5 LIMIT 1[0m
D, [2017-12-12T21:56:03.293012 #258] DEBUG -- : [4b335c1e-1dd0-496d-9b41-3167d2770a71]   [1m[35m (1.1ms)[0m  [1m[34mSELECT COUNT(count_column) FROM (SELECT  feeds.*,users.name AS count_column FROM `feeds` INNER JOIN `users` ON `users`.`id` = `feeds`.`user_id` WHERE (user_id IN (5)) ORDER BY id DESC LIMIT 30) subquery_for_count[0m
I, [2017-12-12T21:56:03.293385 #261]  INFO -- : [5af3b911-9177-474f-ac64-b005a55780d8] Sent data  (0.3ms)
I, [2017-12-12T21:56:03.293585 #261]  INFO -- : [5af3b911-9177-474f-ac64-b005a55780d8] Completed 200 OK in 7ms (Views: 0.1ms | ActiveRecord: 1.2ms)
D, [2017-12-12T21:56:03.294689 #258] DEBUG -- : [4b335c1e-1dd0-496d-9b41-3167d2770a71]   [1m[36mFeed Load (0.6ms)[0m  [1m[34mSELECT  feeds.*,users.name FROM `feeds` INNER JOIN `users` ON `users`.`id` = `feeds`.`user_id` WHERE (user_id IN (5)) ORDER BY id DESC LIMIT 30[0m
I, [2017-12-12T21:56:03.295280 #258]  INFO -- : [4b335c1e-1dd0-496d-9b41-3167d2770a71] Completed 200 OK in 20ms (Views: 1.2ms | ActiveRecord: 5.5ms)
I, [2017-12-12T21:56:09.318188 #258]  INFO -- : [eb2f8bce-c815-4731-b467-4a9a9bcb11d5] Started GET "/feeds/21/find_new" for 127.0.0.1 at 2017-12-12 21:56:09 +0000
I, [2017-12-12T21:56:09.319023 #258]  INFO -- : [eb2f8bce-c815-4731-b467-4a9a9bcb11d5] Processing by FeedsController#find_new as */*
I, [2017-12-12T21:56:09.319090 #258]  INFO -- : [eb2f8bce-c815-4731-b467-4a9a9bcb11d5]   Parameters: {"id"=>"21"}
D, [2017-12-12T21:56:09.320622 #258] DEBUG -- : [eb2f8bce-c815-4731-b467-4a9a9bcb11d5]   [1m[36mUser Load (0.6ms)[0m  [1m[34mSELECT  `users`.* FROM `users` WHERE `users`.`id` = 4 LIMIT 1[0m
D, [2017-12-12T21:56:09.323190 #258] DEBUG -- : [eb2f8bce-c815-4731-b467-4a9a9bcb11d5]   [1m[35m (0.8ms)[0m  [1m[34mSELECT `users`.`id` FROM `users` INNER JOIN `friends` ON `users`.`id` = `friends`.`to_user_id` WHERE `friends`.`from_user_id` = 4[0m
D, [2017-12-12T21:56:09.325397 #258] DEBUG -- : [eb2f8bce-c815-4731-b467-4a9a9bcb11d5]   [1m[35m (0.7ms)[0m  [1m[34mSELECT `users`.`id` FROM `users` INNER JOIN `friends` ON `users`.`id` = `friends`.`from_user_id` WHERE `friends`.`to_user_id` = 4[0m
D, [2017-12-12T21:56:09.326840 #258] DEBUG -- : [eb2f8bce-c815-4731-b467-4a9a9bcb11d5]   [1m[36mFeed Load (0.6ms)[0m  [1m[34mSELECT feeds.*,users.name FROM `feeds` INNER JOIN `users` ON `users`.`id` = `feeds`.`user_id` WHERE (user_id IN (3, 4) and feeds.id > 21) ORDER BY id DESC[0m
I, [2017-12-12T21:56:09.327334 #258]  INFO -- : [eb2f8bce-c815-4731-b467-4a9a9bcb11d5] Completed 200 OK in 8ms (Views: 0.2ms | ActiveRecord: 2.7ms)
I, [2017-12-12T21:56:09.329952 #258]  INFO -- : [a6cbb258-883b-43b3-990a-50968aa40504] Started GET "/feeds/0/find_new" for 127.0.0.1 at 2017-12-12 21:56:09 +0000
I, [2017-12-12T21:56:09.330766 #258]  INFO -- : [a6cbb258-883b-43b3-990a-50968aa40504] Processing by FeedsController#find_new as */*
I, [2017-12-12T21:56:09.331032 #258]  INFO -- : [a6cbb258-883b-43b3-990a-50968aa40504]   Parameters: {"id"=>"0"}
D, [2017-12-12T21:56:09.332820 #258] DEBUG -- : [a6cbb258-883b-43b3-990a-50968aa40504]   [1m[36mUser Load (0.6ms)[0m  [1m[34mSELECT  `users`.* FROM `users` WHERE `users`.`id` = 5 LIMIT 1[0m
D, [2017-12-12T21:56:09.335178 #258] DEBUG -- : [a6cbb258-883b-43b3-990a-50968aa40504]   [1m[35m (0.6ms)[0m  [1m[34mSELECT `users`.`id` FROM `users` INNER JOIN `friends` ON `users`.`id` = `friends`.`to_user_id` WHERE `friends`.`from_user_id` = 5[0m
D, [2017-12-12T21:56:09.337709 #258] DEBUG -- : [a6cbb258-883b-43b3-990a-50968aa40504]   [1m[35m (1.0ms)[0m  [1m[34mSELECT `users`.`id` FROM `users` INNER JOIN `friends` ON `users`.`id` = `friends`.`from_user_id` WHERE `friends`.`to_user_id` = 5[0m
D, [2017-12-12T21:56:09.340004 #258] DEBUG -- : [a6cbb258-883b-43b3-990a-50968aa40504]   [1m[36mFeed Load (0.9ms)[0m  [1m[34mSELECT feeds.*,users.name FROM `feeds` INNER JOIN `users` ON `users`.`id` = `feeds`.`user_id` WHERE (user_id IN (5) and feeds.id > 0) ORDER BY id DESC[0m
I, [2017-12-12T21:56:09.340881 #258]  INFO -- : [a6cbb258-883b-43b3-990a-50968aa40504] Completed 200 OK in 10ms (Views: 0.2ms | ActiveRecord: 3.1ms)
I, [2017-12-12T21:56:15.036118 #258]  INFO -- : [1b5baa2c-d6ed-4885-b5b8-44cbe7ed4427] Started GET "/feeds/21/find_new" for 127.0.0.1 at 2017-12-12 21:56:15 +0000
I, [2017-12-12T21:56:15.036891 #258]  INFO -- : [1b5baa2c-d6ed-4885-b5b8-44cbe7ed4427] Processing by FeedsController#find_new as */*
I, [2017-12-12T21:56:15.036989 #258]  INFO -- : [1b5baa2c-d6ed-4885-b5b8-44cbe7ed4427]   Parameters: {"id"=>"21"}
D, [2017-12-12T21:56:15.038360 #258] DEBUG -- : [1b5baa2c-d6ed-4885-b5b8-44cbe7ed4427]   [1m[36mUser Load (0.4ms)[0m  [1m[34mSELECT  `users`.* FROM `users` WHERE `users`.`id` = 4 LIMIT 1[0m
D, [2017-12-12T21:56:15.040770 #258] DEBUG -- : [1b5baa2c-d6ed-4885-b5b8-44cbe7ed4427]   [1m[35m (0.5ms)[0m  [1m[34mSELECT `users`.`id` FROM `users` INNER JOIN `friends` ON `users`.`id` = `friends`.`to_user_id` WHERE `friends`.`from_user_id` = 4[0m
D, [2017-12-12T21:56:15.042852 #258] DEBUG -- : [1b5baa2c-d6ed-4885-b5b8-44cbe7ed4427]   [1m[35m (0.6ms)[0m  [1m[34mSELECT `users`.`id` FROM `users` INNER JOIN `friends` ON `users`.`id` = `friends`.`from_user_id` WHERE `friends`.`to_user_id` = 4[0m
I, [2017-12-12T21:56:15.045010 #261]  INFO -- : [6e4037e3-aa41-4d3d-a224-04d689ce48d5] Started GET "/feeds/0/find_new" for 127.0.0.1 at 2017-12-12 21:56:15 +0000
D, [2017-12-12T21:56:15.045363 #258] DEBUG -- : [1b5baa2c-d6ed-4885-b5b8-44cbe7ed4427]   [1m[36mFeed Load (1.0ms)[0m  [1m[34mSELECT feeds.*,users.name FROM `feeds` INNER JOIN `users` ON `users`.`id` = `feeds`.`user_id` WHERE (user_id IN (3, 4) and feeds.id > 21) ORDER BY id DESC[0m
I, [2017-12-12T21:56:15.045611 #261]  INFO -- : [6e4037e3-aa41-4d3d-a224-04d689ce48d5] Processing by FeedsController#find_new as */*
I, [2017-12-12T21:56:15.045692 #261]  INFO -- : [6e4037e3-aa41-4d3d-a224-04d689ce48d5]   Parameters: {"id"=>"0"}
I, [2017-12-12T21:56:15.045949 #258]  INFO -- : [1b5baa2c-d6ed-4885-b5b8-44cbe7ed4427] Completed 200 OK in 9ms (Views: 0.2ms | ActiveRecord: 2.5ms)
D, [2017-12-12T21:56:15.046835 #261] DEBUG -- : [6e4037e3-aa41-4d3d-a224-04d689ce48d5]   [1m[36mUser Load (0.4ms)[0m  [1m[34mSELECT  `users`.* FROM `users` WHERE `users`.`id` = 5 LIMIT 1[0m
D, [2017-12-12T21:56:15.049357 #261] DEBUG -- : [6e4037e3-aa41-4d3d-a224-04d689ce48d5]   [1m[35m (0.5ms)[0m  [1m[34mSELECT `users`.`id` FROM `users` INNER JOIN `friends` ON `users`.`id` = `friends`.`to_user_id` WHERE `friends`.`from_user_id` = 5[0m
D, [2017-12-12T21:56:15.050979 #261] DEBUG -- : [6e4037e3-aa41-4d3d-a224-04d689ce48d5]   [1m[35m (0.4ms)[0m  [1m[34mSELECT `users`.`id` FROM `users` INNER JOIN `friends` ON `users`.`id` = `friends`.`from_user_id` WHERE `friends`.`to_user_id` = 5[0m
D, [2017-12-12T21:56:15.052267 #261] DEBUG -- : [6e4037e3-aa41-4d3d-a224-04d689ce48d5]   [1m[36mFeed Load (0.5ms)[0m  [1m[34mSELECT feeds.*,users.name FROM `feeds` INNER JOIN `users` ON `users`.`id` = `feeds`.`user_id` WHERE (user_id IN (5) and feeds.id > 0) ORDER BY id DESC[0m
I, [2017-12-12T21:56:15.052742 #261]  INFO -- : [6e4037e3-aa41-4d3d-a224-04d689ce48d5] Completed 200 OK in 7ms (Views: 0.2ms | ActiveRecord: 1.6ms)
I, [2017-12-12T21:56:21.304896 #258]  INFO -- : [1451ad81-108c-46fb-8cb6-e42c25404ca2] Started GET "/feeds/21/find_new" for 127.0.0.1 at 2017-12-12 21:56:21 +0000
I, [2017-12-12T21:56:21.307991 #258]  INFO -- : [1451ad81-108c-46fb-8cb6-e42c25404ca2] Processing by FeedsController#find_new as */*
I, [2017-12-12T21:56:21.308605 #258]  INFO -- : [1451ad81-108c-46fb-8cb6-e42c25404ca2]   Parameters: {"id"=>"21"}
I, [2017-12-12T21:56:21.308957 #261]  INFO -- : [2c1a3abd-acc7-404d-a3e6-0d2cfab1bc20] Started GET "/feeds/0/find_new" for 127.0.0.1 at 2017-12-12 21:56:21 +0000
I, [2017-12-12T21:56:21.309719 #261]  INFO -- : [2c1a3abd-acc7-404d-a3e6-0d2cfab1bc20] Processing by FeedsController#find_new as */*
I, [2017-12-12T21:56:21.309846 #261]  INFO -- : [2c1a3abd-acc7-404d-a3e6-0d2cfab1bc20]   Parameters: {"id"=>"0"}
D, [2017-12-12T21:56:21.311514 #261] DEBUG -- : [2c1a3abd-acc7-404d-a3e6-0d2cfab1bc20]   [1m[36mUser Load (0.6ms)[0m  [1m[34mSELECT  `users`.* FROM `users` WHERE `users`.`id` = 5 LIMIT 1[0m
D, [2017-12-12T21:56:21.311694 #258] DEBUG -- : [1451ad81-108c-46fb-8cb6-e42c25404ca2]   [1m[36mUser Load (0.6ms)[0m  [1m[34mSELECT  `users`.* FROM `users` WHERE `users`.`id` = 4 LIMIT 1[0m
D, [2017-12-12T21:56:21.316195 #261] DEBUG -- : [2c1a3abd-acc7-404d-a3e6-0d2cfab1bc20]   [1m[35m (0.7ms)[0m  [1m[34mSELECT `users`.`id` FROM `users` INNER JOIN `friends` ON `users`.`id` = `friends`.`to_user_id` WHERE `friends`.`from_user_id` = 5[0m
D, [2017-12-12T21:56:21.316274 #258] DEBUG -- : [1451ad81-108c-46fb-8cb6-e42c25404ca2]   [1m[35m (0.5ms)[0m  [1m[34mSELECT `users`.`id` FROM `users` INNER JOIN `friends` ON `users`.`id` = `friends`.`to_user_id` WHERE `friends`.`from_user_id` = 4[0m
D, [2017-12-12T21:56:21.318364 #261] DEBUG -- : [2c1a3abd-acc7-404d-a3e6-0d2cfab1bc20]   [1m[35m (0.4ms)[0m  [1m[34mSELECT `users`.`id` FROM `users` INNER JOIN `friends` ON `users`.`id` = `friends`.`from_user_id` WHERE `friends`.`to_user_id` = 5[0m
D, [2017-12-12T21:56:21.320691 #261] DEBUG -- : [2c1a3abd-acc7-404d-a3e6-0d2cfab1bc20]   [1m[36mFeed Load (0.7ms)[0m  [1m[34mSELECT feeds.*,users.name FROM `feeds` INNER JOIN `users` ON `users`.`id` = `feeds`.`user_id` WHERE (user_id IN (5) and feeds.id > 0) ORDER BY id DESC[0m
I, [2017-12-12T21:56:21.321344 #261]  INFO -- : [2c1a3abd-acc7-404d-a3e6-0d2cfab1bc20] Completed 200 OK in 11ms (Views: 0.2ms | ActiveRecord: 2.4ms)
D, [2017-12-12T21:56:21.322991 #258] DEBUG -- : [1451ad81-108c-46fb-8cb6-e42c25404ca2]   [1m[35m (1.0ms)[0m  [1m[34mSELECT `users`.`id` FROM `users` INNER JOIN `friends` ON `users`.`id` = `friends`.`from_user_id` WHERE `friends`.`to_user_id` = 4[0m
D, [2017-12-12T21:56:21.327439 #258] DEBUG -- : [1451ad81-108c-46fb-8cb6-e42c25404ca2]   [1m[36mFeed Load (1.1ms)[0m  [1m[34mSELECT feeds.*,users.name FROM `feeds` INNER JOIN `users` ON `users`.`id` = `feeds`.`user_id` WHERE (user_id IN (3, 4) and feeds.id > 21) ORDER BY id DESC[0m
I, [2017-12-12T21:56:21.328128 #258]  INFO -- : [1451ad81-108c-46fb-8cb6-e42c25404ca2] Completed 200 OK in 19ms (Views: 0.2ms | ActiveRecord: 3.1ms)
I, [2017-12-12T21:56:24.033928 #261]  INFO -- : [ce15b626-a004-4473-9b9e-61b616d081ed] Started POST "/feeds" for 127.0.0.1 at 2017-12-12 21:56:24 +0000
I, [2017-12-12T21:56:24.035456 #261]  INFO -- : [ce15b626-a004-4473-9b9e-61b616d081ed] Processing by FeedsController#create as */*
I, [2017-12-12T21:56:24.035698 #261]  INFO -- : [ce15b626-a004-4473-9b9e-61b616d081ed]   Parameters: {"comment"=>"ä»Šæ—¥ã‚‚é‡Žèœãƒžã‚·ãƒžã‚·ã£ã™ã€‚å¥åº·æ„Ÿã˜ã‚‹ã£ã™ã€‚", "feed_type"=>"text"}
D, [2017-12-12T21:56:24.038191 #261] DEBUG -- : [ce15b626-a004-4473-9b9e-61b616d081ed]   [1m[36mUser Load (0.6ms)[0m  [1m[34mSELECT  `users`.* FROM `users` WHERE `users`.`id` = 4 LIMIT 1[0m
D, [2017-12-12T21:56:24.039531 #261] DEBUG -- : [ce15b626-a004-4473-9b9e-61b616d081ed]   [1m[35m (0.3ms)[0m  [1m[35mBEGIN[0m
D, [2017-12-12T21:56:24.042382 #261] DEBUG -- : [ce15b626-a004-4473-9b9e-61b616d081ed]   [1m[35mSQL (0.4ms)[0m  [1m[32mINSERT INTO `feeds` (`feed_type`, `user_id`, `comment`, `created_at`, `updated_at`) VALUES ('text', 4, 'ä»Šæ—¥ã‚‚é‡Žèœãƒžã‚·ãƒžã‚·ã£ã™ã€‚å¥åº·æ„Ÿã˜ã‚‹ã£ã™ã€‚', '2017-12-12 21:56:24', '2017-12-12 21:56:24')[0m
D, [2017-12-12T21:56:24.074116 #261] DEBUG -- : [ce15b626-a004-4473-9b9e-61b616d081ed]   [1m[35m (31.2ms)[0m  [1m[35mCOMMIT[0m
I, [2017-12-12T21:56:24.075137 #261]  INFO -- : [ce15b626-a004-4473-9b9e-61b616d081ed] Completed 200 OK in 39ms (Views: 0.4ms | ActiveRecord: 32.4ms)
I, [2017-12-12T21:56:24.171839 #258]  INFO -- : [e2a433ba-9210-4605-ab55-53a2702289bd] Started GET "/users/4/icon" for 127.0.0.1 at 2017-12-12 21:56:24 +0000
I, [2017-12-12T21:56:24.174097 #261]  INFO -- : [3c839ba5-75a6-4198-bba9-5f4d559aecc7] Started GET "/feeds" for 127.0.0.1 at 2017-12-12 21:56:24 +0000
I, [2017-12-12T21:56:24.175179 #258]  INFO -- : [e2a433ba-9210-4605-ab55-53a2702289bd] Processing by UsersController#icon as */*
I, [2017-12-12T21:56:24.175534 #258]  INFO -- : [e2a433ba-9210-4605-ab55-53a2702289bd]   Parameters: {"id"=>"4"}
I, [2017-12-12T21:56:24.181727 #261]  INFO -- : [3c839ba5-75a6-4198-bba9-5f4d559aecc7] Processing by FeedsController#index as */*
D, [2017-12-12T21:56:24.181853 #258] DEBUG -- : [e2a433ba-9210-4605-ab55-53a2702289bd]   [1m[36mUser Load (0.8ms)[0m  [1m[34mSELECT  `users`.* FROM `users` WHERE `users`.`id` = 4 LIMIT 1[0m
I, [2017-12-12T21:56:24.183369 #258]  INFO -- : [e2a433ba-9210-4605-ab55-53a2702289bd] Sent data  (0.7ms)
I, [2017-12-12T21:56:24.184225 #258]  INFO -- : [e2a433ba-9210-4605-ab55-53a2702289bd] Completed 200 OK in 8ms (Views: 0.3ms | ActiveRecord: 0.8ms)
D, [2017-12-12T21:56:24.184433 #261] DEBUG -- : [3c839ba5-75a6-4198-bba9-5f4d559aecc7]   [1m[36mUser Load (0.7ms)[0m  [1m[34mSELECT  `users`.* FROM `users` WHERE `users`.`id` = 4 LIMIT 1[0m
D, [2017-12-12T21:56:24.195137 #261] DEBUG -- : [3c839ba5-75a6-4198-bba9-5f4d559aecc7]   [1m[35m (1.9ms)[0m  [1m[34mSELECT `users`.`id` FROM `users` INNER JOIN `friends` ON `users`.`id` = `friends`.`to_user_id` WHERE `friends`.`from_user_id` = 4[0m
D, [2017-12-12T21:56:24.199876 #261] DEBUG -- : [3c839ba5-75a6-4198-bba9-5f4d559aecc7]   [1m[35m (0.8ms)[0m  [1m[34mSELECT `users`.`id` FROM `users` INNER JOIN `friends` ON `users`.`id` = `friends`.`from_user_id` WHERE `friends`.`to_user_id` = 4[0m
D, [2017-12-12T21:56:24.204972 #261] DEBUG -- : [3c839ba5-75a6-4198-bba9-5f4d559aecc7]   [1m[35m (1.6ms)[0m  [1m[34mSELECT COUNT(count_column) FROM (SELECT  feeds.*,users.name AS count_column FROM `feeds` INNER JOIN `users` ON `users`.`id` = `feeds`.`user_id` WHERE (user_id IN (3, 4)) ORDER BY id DESC LIMIT 30) subquery_for_count[0m
D, [2017-12-12T21:56:24.208154 #261] DEBUG -- : [3c839ba5-75a6-4198-bba9-5f4d559aecc7]   [1m[36mFeed Load (1.4ms)[0m  [1m[34mSELECT  feeds.*,users.name FROM `feeds` INNER JOIN `users` ON `users`.`id` = `feeds`.`user_id` WHERE (user_id IN (3, 4)) ORDER BY id DESC LIMIT 30[0m
I, [2017-12-12T21:56:24.213797 #261]  INFO -- : [3c839ba5-75a6-4198-bba9-5f4d559aecc7] Completed 200 OK in 32ms (Views: 6.8ms | ActiveRecord: 6.3ms)
I, [2017-12-12T21:56:24.277571 #258]  INFO -- : [e748af22-c5ef-4d83-84a5-c3c1d5125701] Started GET "/users/3/icon" for 127.0.0.1 at 2017-12-12 21:56:24 +0000
I, [2017-12-12T21:56:24.279815 #258]  INFO -- : [e748af22-c5ef-4d83-84a5-c3c1d5125701] Processing by UsersController#icon as */*
I, [2017-12-12T21:56:24.279938 #258]  INFO -- : [e748af22-c5ef-4d83-84a5-c3c1d5125701]   Parameters: {"id"=>"3"}
D, [2017-12-12T21:56:24.281358 #258] DEBUG -- : [e748af22-c5ef-4d83-84a5-c3c1d5125701]   [1m[36mUser Load (0.6ms)[0m  [1m[34mSELECT  `users`.* FROM `users` WHERE `users`.`id` = 3 LIMIT 1[0m
I, [2017-12-12T21:56:24.282046 #258]  INFO -- : [e748af22-c5ef-4d83-84a5-c3c1d5125701] Sent data  (0.3ms)
I, [2017-12-12T21:56:24.282198 #258]  INFO -- : [e748af22-c5ef-4d83-84a5-c3c1d5125701] Completed 200 OK in 2ms (Views: 0.1ms | ActiveRecord: 0.6ms)
I, [2017-12-12T21:56:25.274267 #258]  INFO -- : [02032487-37cc-4078-afcc-547a922a37c5] Started GET "/feeds/19/find_old" for 127.0.0.1 at 2017-12-12 21:56:25 +0000
I, [2017-12-12T21:56:25.275023 #258]  INFO -- : [02032487-37cc-4078-afcc-547a922a37c5] Processing by FeedsController#find_old as */*
I, [2017-12-12T21:56:25.275217 #258]  INFO -- : [02032487-37cc-4078-afcc-547a922a37c5]   Parameters: {"id"=>"19"}
D, [2017-12-12T21:56:25.276710 #258] DEBUG -- : [02032487-37cc-4078-afcc-547a922a37c5]   [1m[36mUser Load (0.5ms)[0m  [1m[34mSELECT  `users`.* FROM `users` WHERE `users`.`id` = 4 LIMIT 1[0m
D, [2017-12-12T21:56:25.278937 #258] DEBUG -- : [02032487-37cc-4078-afcc-547a922a37c5]   [1m[35m (0.6ms)[0m  [1m[34mSELECT `users`.`id` FROM `users` INNER JOIN `friends` ON `users`.`id` = `friends`.`to_user_id` WHERE `friends`.`from_user_id` = 4[0m
D, [2017-12-12T21:56:25.281884 #258] DEBUG -- : [02032487-37cc-4078-afcc-547a922a37c5]   [1m[35m (0.9ms)[0m  [1m[34mSELECT `users`.`id` FROM `users` INNER JOIN `friends` ON `users`.`id` = `friends`.`from_user_id` WHERE `friends`.`to_user_id` = 4[0m
D, [2017-12-12T21:56:25.283613 #258] DEBUG -- : [02032487-37cc-4078-afcc-547a922a37c5]   [1m[36mFeed Load (0.6ms)[0m  [1m[34mSELECT  feeds.*,users.name FROM `feeds` INNER JOIN `users` ON `users`.`id` = `feeds`.`user_id` WHERE (user_id IN (3, 4) and feeds.id < 19) ORDER BY id DESC LIMIT 30[0m
I, [2017-12-12T21:56:25.284223 #258]  INFO -- : [02032487-37cc-4078-afcc-547a922a37c5] Completed 200 OK in 9ms (Views: 0.2ms | ActiveRecord: 2.6ms)
I, [2017-12-12T21:56:27.317058 #258]  INFO -- : [31c7006b-9aae-419d-b407-0e96bfc2abc8] Started GET "/feeds/0/find_new" for 127.0.0.1 at 2017-12-12 21:56:27 +0000
I, [2017-12-12T21:56:27.317745 #258]  INFO -- : [31c7006b-9aae-419d-b407-0e96bfc2abc8] Processing by FeedsController#find_new as */*
I, [2017-12-12T21:56:27.317807 #258]  INFO -- : [31c7006b-9aae-419d-b407-0e96bfc2abc8]   Parameters: {"id"=>"0"}
D, [2017-12-12T21:56:27.319493 #258] DEBUG -- : [31c7006b-9aae-419d-b407-0e96bfc2abc8]   [1m[36mUser Load (0.5ms)[0m  [1m[34mSELECT  `users`.* FROM `users` WHERE `users`.`id` = 5 LIMIT 1[0m
D, [2017-12-12T21:56:27.323279 #258] DEBUG -- : [31c7006b-9aae-419d-b407-0e96bfc2abc8]   [1m[35m (0.6ms)[0m  [1m[34mSELECT `users`.`id` FROM `users` INNER JOIN `friends` ON `users`.`id` = `friends`.`to_user_id` WHERE `friends`.`from_user_id` = 5[0m
D, [2017-12-12T21:56:27.326614 #258] DEBUG -- : [31c7006b-9aae-419d-b407-0e96bfc2abc8]   [1m[35m (0.5ms)[0m  [1m[34mSELECT `users`.`id` FROM `users` INNER JOIN `friends` ON `users`.`id` = `friends`.`from_user_id` WHERE `friends`.`to_user_id` = 5[0m
D, [2017-12-12T21:56:27.327995 #258] DEBUG -- : [31c7006b-9aae-419d-b407-0e96bfc2abc8]   [1m[36mFeed Load (0.5ms)[0m  [1m[34mSELECT feeds.*,users.name FROM `feeds` INNER JOIN `users` ON `users`.`id` = `feeds`.`user_id` WHERE (user_id IN (5) and feeds.id > 0) ORDER BY id DESC[0m
I, [2017-12-12T21:56:27.328491 #258]  INFO -- : [31c7006b-9aae-419d-b407-0e96bfc2abc8] Completed 200 OK in 11ms (Views: 0.2ms | ActiveRecord: 2.2ms)
I, [2017-12-12T21:56:30.181020 #258]  INFO -- : [3bd60f43-e7e3-4a0f-8969-abcd41cf4632] Started GET "/feeds/22/find_new" for 127.0.0.1 at 2017-12-12 21:56:30 +0000
I, [2017-12-12T21:56:30.183905 #258]  INFO -- : [3bd60f43-e7e3-4a0f-8969-abcd41cf4632] Processing by FeedsController#find_new as */*
I, [2017-12-12T21:56:30.184338 #258]  INFO -- : [3bd60f43-e7e3-4a0f-8969-abcd41cf4632]   Parameters: {"id"=>"22"}
D, [2017-12-12T21:56:30.186444 #258] DEBUG -- : [3bd60f43-e7e3-4a0f-8969-abcd41cf4632]   [1m[36mUser Load (0.6ms)[0m  [1m[34mSELECT  `users`.* FROM `users` WHERE `users`.`id` = 4 LIMIT 1[0m
D, [2017-12-12T21:56:30.191352 #258] DEBUG -- : [3bd60f43-e7e3-4a0f-8969-abcd41cf4632]   [1m[35m (1.4ms)[0m  [1m[34mSELECT `users`.`id` FROM `users` INNER JOIN `friends` ON `users`.`id` = `friends`.`to_user_id` WHERE `friends`.`from_user_id` = 4[0m
D, [2017-12-12T21:56:30.195301 #258] DEBUG -- : [3bd60f43-e7e3-4a0f-8969-abcd41cf4632]   [1m[35m (1.1ms)[0m  [1m[34mSELECT `users`.`id` FROM `users` INNER JOIN `friends` ON `users`.`id` = `friends`.`from_user_id` WHERE `friends`.`to_user_id` = 4[0m
D, [2017-12-12T21:56:30.197435 #258] DEBUG -- : [3bd60f43-e7e3-4a0f-8969-abcd41cf4632]   [1m[36mFeed Load (0.7ms)[0m  [1m[34mSELECT feeds.*,users.name FROM `feeds` INNER JOIN `users` ON `users`.`id` = `feeds`.`user_id` WHERE (user_id IN (3, 4) and feeds.id > 22) ORDER BY id DESC[0m
I, [2017-12-12T21:56:30.197922 #258]  INFO -- : [3bd60f43-e7e3-4a0f-8969-abcd41cf4632] Completed 200 OK in 13ms (Views: 0.2ms | ActiveRecord: 3.8ms)
I, [2017-12-12T21:56:30.972824 #258]  INFO -- : [243b3087-7ec5-4140-b17e-f91d94bcd510] Started POST "/friends" for 127.0.0.1 at 2017-12-12 21:56:30 +0000
I, [2017-12-12T21:56:30.973727 #258]  INFO -- : [243b3087-7ec5-4140-b17e-f91d94bcd510] Processing by FriendsController#create as */*
I, [2017-12-12T21:56:30.973834 #258]  INFO -- : [243b3087-7ec5-4140-b17e-f91d94bcd510]   Parameters: {"login_id"=>"saburo"}
D, [2017-12-12T21:56:30.975899 #258] DEBUG -- : [243b3087-7ec5-4140-b17e-f91d94bcd510]   [1m[36mUser Load (1.0ms)[0m  [1m[34mSELECT  `users`.* FROM `users` WHERE `users`.`id` = 4 LIMIT 1[0m
D, [2017-12-12T21:56:30.977174 #258] DEBUG -- : [243b3087-7ec5-4140-b17e-f91d94bcd510]   [1m[36mUser Load (0.6ms)[0m  [1m[34mSELECT  `users`.* FROM `users` WHERE `users`.`login_id` = 'saburo' LIMIT 1[0m
D, [2017-12-12T21:56:30.977937 #258] DEBUG -- : [243b3087-7ec5-4140-b17e-f91d94bcd510]   [1m[35m (0.3ms)[0m  [1m[35mBEGIN[0m
D, [2017-12-12T21:56:30.979492 #258] DEBUG -- : [243b3087-7ec5-4140-b17e-f91d94bcd510]   [1m[36mCACHE User Load (0.0ms)[0m  [1m[34mSELECT  `users`.* FROM `users` WHERE `users`.`id` = 4 LIMIT 1[0m  [["id", 4], ["LIMIT", 1]]
D, [2017-12-12T21:56:30.980724 #258] DEBUG -- : [243b3087-7ec5-4140-b17e-f91d94bcd510]   [1m[36mUser Load (0.5ms)[0m  [1m[34mSELECT  `users`.* FROM `users` WHERE `users`.`id` = 5 LIMIT 1[0m
D, [2017-12-12T21:56:30.981807 #258] DEBUG -- : [243b3087-7ec5-4140-b17e-f91d94bcd510]   [1m[36mFriend Load (0.4ms)[0m  [1m[34mSELECT  `friends`.* FROM `friends` WHERE `friends`.`from_user_id` = 4 AND `friends`.`to_user_id` = 5 LIMIT 1[0m
D, [2017-12-12T21:56:30.983488 #258] DEBUG -- : [243b3087-7ec5-4140-b17e-f91d94bcd510]   [1m[35mSQL (0.4ms)[0m  [1m[32mINSERT INTO `friends` (`from_user_id`, `to_user_id`, `created_at`, `updated_at`) VALUES (4, 5, '2017-12-12 21:56:30', '2017-12-12 21:56:30')[0m
D, [2017-12-12T21:56:31.015710 #258] DEBUG -- : [243b3087-7ec5-4140-b17e-f91d94bcd510]   [1m[35m (31.7ms)[0m  [1m[35mCOMMIT[0m
I, [2017-12-12T21:56:31.016168 #258]  INFO -- : [243b3087-7ec5-4140-b17e-f91d94bcd510] Completed 200 OK in 42ms (Views: 0.2ms | ActiveRecord: 34.9ms)
I, [2017-12-12T21:56:31.110369 #261]  INFO -- : [9c66b6c4-f3a8-4bcc-bdb0-7bdedb92519d] Started GET "/users/4/icon" for 127.0.0.1 at 2017-12-12 21:56:31 +0000
I, [2017-12-12T21:56:31.113455 #258]  INFO -- : [e9748036-3be0-459b-9fac-67fd9761b6fc] Started GET "/feeds" for 127.0.0.1 at 2017-12-12 21:56:31 +0000
I, [2017-12-12T21:56:31.115150 #261]  INFO -- : [9c66b6c4-f3a8-4bcc-bdb0-7bdedb92519d] Processing by UsersController#icon as */*
I, [2017-12-12T21:56:31.115969 #261]  INFO -- : [9c66b6c4-f3a8-4bcc-bdb0-7bdedb92519d]   Parameters: {"id"=>"4"}
I, [2017-12-12T21:56:31.117948 #258]  INFO -- : [e9748036-3be0-459b-9fac-67fd9761b6fc] Processing by FeedsController#index as */*
D, [2017-12-12T21:56:31.122797 #261] DEBUG -- : [9c66b6c4-f3a8-4bcc-bdb0-7bdedb92519d]   [1m[36mUser Load (1.0ms)[0m  [1m[34mSELECT  `users`.* FROM `users` WHERE `users`.`id` = 4 LIMIT 1[0m
D, [2017-12-12T21:56:31.123664 #258] DEBUG -- : [e9748036-3be0-459b-9fac-67fd9761b6fc]   [1m[36mUser Load (0.5ms)[0m  [1m[34mSELECT  `users`.* FROM `users` WHERE `users`.`id` = 4 LIMIT 1[0m
I, [2017-12-12T21:56:31.124434 #261]  INFO -- : [9c66b6c4-f3a8-4bcc-bdb0-7bdedb92519d] Sent data  (0.5ms)
I, [2017-12-12T21:56:31.124704 #261]  INFO -- : [9c66b6c4-f3a8-4bcc-bdb0-7bdedb92519d] Completed 200 OK in 8ms (Views: 0.1ms | ActiveRecord: 1.0ms)
D, [2017-12-12T21:56:31.134241 #258] DEBUG -- : [e9748036-3be0-459b-9fac-67fd9761b6fc]   [1m[35m (1.8ms)[0m  [1m[34mSELECT `users`.`id` FROM `users` INNER JOIN `friends` ON `users`.`id` = `friends`.`to_user_id` WHERE `friends`.`from_user_id` = 4[0m
D, [2017-12-12T21:56:31.142092 #258] DEBUG -- : [e9748036-3be0-459b-9fac-67fd9761b6fc]   [1m[35m (0.9ms)[0m  [1m[34mSELECT `users`.`id` FROM `users` INNER JOIN `friends` ON `users`.`id` = `friends`.`from_user_id` WHERE `friends`.`to_user_id` = 4[0m
D, [2017-12-12T21:56:31.147346 #258] DEBUG -- : [e9748036-3be0-459b-9fac-67fd9761b6fc]   [1m[35m (2.2ms)[0m  [1m[34mSELECT COUNT(count_column) FROM (SELECT  feeds.*,users.name AS count_column FROM `feeds` INNER JOIN `users` ON `users`.`id` = `feeds`.`user_id` WHERE (user_id IN (5, 3, 4)) ORDER BY id DESC LIMIT 30) subquery_for_count[0m
D, [2017-12-12T21:56:31.150097 #258] DEBUG -- : [e9748036-3be0-459b-9fac-67fd9761b6fc]   [1m[36mFeed Load (1.3ms)[0m  [1m[34mSELECT  feeds.*,users.name FROM `feeds` INNER JOIN `users` ON `users`.`id` = `feeds`.`user_id` WHERE (user_id IN (5, 3, 4)) ORDER BY id DESC LIMIT 30[0m
I, [2017-12-12T21:56:31.156207 #258]  INFO -- : [e9748036-3be0-459b-9fac-67fd9761b6fc] Completed 200 OK in 37ms (Views: 6.9ms | ActiveRecord: 6.8ms)
I, [2017-12-12T21:56:31.233503 #261]  INFO -- : [f5462fcf-1052-412f-b999-5678b2f7f10d] Started GET "/users/3/icon" for 127.0.0.1 at 2017-12-12 21:56:31 +0000
I, [2017-12-12T21:56:31.235619 #261]  INFO -- : [f5462fcf-1052-412f-b999-5678b2f7f10d] Processing by UsersController#icon as */*
I, [2017-12-12T21:56:31.236564 #261]  INFO -- : [f5462fcf-1052-412f-b999-5678b2f7f10d]   Parameters: {"id"=>"3"}
D, [2017-12-12T21:56:31.240147 #261] DEBUG -- : [f5462fcf-1052-412f-b999-5678b2f7f10d]   [1m[36mUser Load (1.0ms)[0m  [1m[34mSELECT  `users`.* FROM `users` WHERE `users`.`id` = 3 LIMIT 1[0m
I, [2017-12-12T21:56:31.242793 #261]  INFO -- : [f5462fcf-1052-412f-b999-5678b2f7f10d] Sent data  (0.6ms)
I, [2017-12-12T21:56:31.243231 #261]  INFO -- : [f5462fcf-1052-412f-b999-5678b2f7f10d] Completed 200 OK in 6ms (Views: 0.2ms | ActiveRecord: 1.0ms)
I, [2017-12-12T21:56:32.240111 #261]  INFO -- : [ed114741-b470-4b25-893b-7de48fee7bc3] Started GET "/feeds/19/find_old" for 127.0.0.1 at 2017-12-12 21:56:32 +0000
I, [2017-12-12T21:56:32.240860 #261]  INFO -- : [ed114741-b470-4b25-893b-7de48fee7bc3] Processing by FeedsController#find_old as */*
I, [2017-12-12T21:56:32.240920 #261]  INFO -- : [ed114741-b470-4b25-893b-7de48fee7bc3]   Parameters: {"id"=>"19"}
D, [2017-12-12T21:56:32.242331 #261] DEBUG -- : [ed114741-b470-4b25-893b-7de48fee7bc3]   [1m[36mUser Load (0.6ms)[0m  [1m[34mSELECT  `users`.* FROM `users` WHERE `users`.`id` = 4 LIMIT 1[0m
D, [2017-12-12T21:56:32.244546 #261] DEBUG -- : [ed114741-b470-4b25-893b-7de48fee7bc3]   [1m[35m (0.7ms)[0m  [1m[34mSELECT `users`.`id` FROM `users` INNER JOIN `friends` ON `users`.`id` = `friends`.`to_user_id` WHERE `friends`.`from_user_id` = 4[0m
D, [2017-12-12T21:56:32.246327 #261] DEBUG -- : [ed114741-b470-4b25-893b-7de48fee7bc3]   [1m[35m (0.5ms)[0m  [1m[34mSELECT `users`.`id` FROM `users` INNER JOIN `friends` ON `users`.`id` = `friends`.`from_user_id` WHERE `friends`.`to_user_id` = 4[0m
D, [2017-12-12T21:56:32.247941 #261] DEBUG -- : [ed114741-b470-4b25-893b-7de48fee7bc3]   [1m[36mFeed Load (0.5ms)[0m  [1m[34mSELECT  feeds.*,users.name FROM `feeds` INNER JOIN `users` ON `users`.`id` = `feeds`.`user_id` WHERE (user_id IN (5, 3, 4) and feeds.id < 19) ORDER BY id DESC LIMIT 30[0m
I, [2017-12-12T21:56:32.248391 #261]  INFO -- : [ed114741-b470-4b25-893b-7de48fee7bc3] Completed 200 OK in 7ms (Views: 0.1ms | ActiveRecord: 2.3ms)
I, [2017-12-12T21:56:33.331713 #258]  INFO -- : [5872ea96-2d61-4120-8b77-5b2255d86f25] Started GET "/feeds/0/find_new" for 127.0.0.1 at 2017-12-12 21:56:33 +0000
I, [2017-12-12T21:56:33.332456 #258]  INFO -- : [5872ea96-2d61-4120-8b77-5b2255d86f25] Processing by FeedsController#find_new as */*
I, [2017-12-12T21:56:33.332564 #258]  INFO -- : [5872ea96-2d61-4120-8b77-5b2255d86f25]   Parameters: {"id"=>"0"}
D, [2017-12-12T21:56:33.334896 #258] DEBUG -- : [5872ea96-2d61-4120-8b77-5b2255d86f25]   [1m[36mUser Load (0.7ms)[0m  [1m[34mSELECT  `users`.* FROM `users` WHERE `users`.`id` = 5 LIMIT 1[0m
D, [2017-12-12T21:56:33.337938 #258] DEBUG -- : [5872ea96-2d61-4120-8b77-5b2255d86f25]   [1m[35m (0.7ms)[0m  [1m[34mSELECT `users`.`id` FROM `users` INNER JOIN `friends` ON `users`.`id` = `friends`.`to_user_id` WHERE `friends`.`from_user_id` = 5[0m
D, [2017-12-12T21:56:33.340391 #258] DEBUG -- : [5872ea96-2d61-4120-8b77-5b2255d86f25]   [1m[35m (0.6ms)[0m  [1m[34mSELECT `users`.`id` FROM `users` INNER JOIN `friends` ON `users`.`id` = `friends`.`from_user_id` WHERE `friends`.`to_user_id` = 5[0m
D, [2017-12-12T21:56:33.342642 #258] DEBUG -- : [5872ea96-2d61-4120-8b77-5b2255d86f25]   [1m[36mFeed Load (0.7ms)[0m  [1m[34mSELECT feeds.*,users.name FROM `feeds` INNER JOIN `users` ON `users`.`id` = `feeds`.`user_id` WHERE (user_id IN (4, 5) and feeds.id > 0) ORDER BY id DESC[0m
I, [2017-12-12T21:56:33.343443 #258]  INFO -- : [5872ea96-2d61-4120-8b77-5b2255d86f25] Completed 200 OK in 11ms (Views: 0.2ms | ActiveRecord: 2.7ms)
I, [2017-12-12T21:56:37.137868 #261]  INFO -- : [554bb80a-d76e-4bdb-9299-2b867d136eff] Started GET "/feeds/22/find_new" for 127.0.0.1 at 2017-12-12 21:56:37 +0000
I, [2017-12-12T21:56:37.138548 #261]  INFO -- : [554bb80a-d76e-4bdb-9299-2b867d136eff] Processing by FeedsController#find_new as */*
I, [2017-12-12T21:56:37.138637 #261]  INFO -- : [554bb80a-d76e-4bdb-9299-2b867d136eff]   Parameters: {"id"=>"22"}
D, [2017-12-12T21:56:37.139851 #261] DEBUG -- : [554bb80a-d76e-4bdb-9299-2b867d136eff]   [1m[36mUser Load (0.4ms)[0m  [1m[34mSELECT  `users`.* FROM `users` WHERE `users`.`id` = 4 LIMIT 1[0m
D, [2017-12-12T21:56:37.141946 #261] DEBUG -- : [554bb80a-d76e-4bdb-9299-2b867d136eff]   [1m[35m (0.4ms)[0m  [1m[34mSELECT `users`.`id` FROM `users` INNER JOIN `friends` ON `users`.`id` = `friends`.`to_user_id` WHERE `friends`.`from_user_id` = 4[0m
D, [2017-12-12T21:56:37.143927 #261] DEBUG -- : [554bb80a-d76e-4bdb-9299-2b867d136eff]   [1m[35m (0.5ms)[0m  [1m[34mSELECT `users`.`id` FROM `users` INNER JOIN `friends` ON `users`.`id` = `friends`.`from_user_id` WHERE `friends`.`to_user_id` = 4[0m
D, [2017-12-12T21:56:37.145482 #261] DEBUG -- : [554bb80a-d76e-4bdb-9299-2b867d136eff]   [1m[36mFeed Load (0.5ms)[0m  [1m[34mSELECT feeds.*,users.name FROM `feeds` INNER JOIN `users` ON `users`.`id` = `feeds`.`user_id` WHERE (user_id IN (5, 3, 4) and feeds.id > 22) ORDER BY id DESC[0m
I, [2017-12-12T21:56:37.145984 #261]  INFO -- : [554bb80a-d76e-4bdb-9299-2b867d136eff] Completed 200 OK in 7ms (Views: 0.2ms | ActiveRecord: 1.7ms)
I, [2017-12-12T21:56:38.579433 #258]  INFO -- : [f0a140a6-2180-44f9-b1a8-832092dc937f] Started POST "/feeds" for 127.0.0.1 at 2017-12-12 21:56:38 +0000
I, [2017-12-12T21:56:38.580888 #258]  INFO -- : [f0a140a6-2180-44f9-b1a8-832092dc937f] Processing by FeedsController#create as */*
I, [2017-12-12T21:56:38.581043 #258]  INFO -- : [f0a140a6-2180-44f9-b1a8-832092dc937f]   Parameters: {"comment"=>"ã˜ã‚ã†ãã‚“ã€ãŠã²ã•ã—ã¶ã‚Šãƒ¼ã€‚å‹é”ç”³è«‹ã‚ã‚ŠãŒã¨ãƒ¼", "feed_type"=>"text"}
D, [2017-12-12T21:56:38.582778 #258] DEBUG -- : [f0a140a6-2180-44f9-b1a8-832092dc937f]   [1m[36mUser Load (0.4ms)[0m  [1m[34mSELECT  `users`.* FROM `users` WHERE `users`.`id` = 5 LIMIT 1[0m
D, [2017-12-12T21:56:38.584106 #258] DEBUG -- : [f0a140a6-2180-44f9-b1a8-832092dc937f]   [1m[35m (0.3ms)[0m  [1m[35mBEGIN[0m
D, [2017-12-12T21:56:38.587234 #258] DEBUG -- : [f0a140a6-2180-44f9-b1a8-832092dc937f]   [1m[35mSQL (0.4ms)[0m  [1m[32mINSERT INTO `feeds` (`feed_type`, `user_id`, `comment`, `created_at`, `updated_at`) VALUES ('text', 5, 'ã˜ã‚ã†ãã‚“ã€ãŠã²ã•ã—ã¶ã‚Šãƒ¼ã€‚å‹é”ç”³è«‹ã‚ã‚ŠãŒã¨ãƒ¼', '2017-12-12 21:56:38', '2017-12-12 21:56:38')[0m
D, [2017-12-12T21:56:38.620171 #258] DEBUG -- : [f0a140a6-2180-44f9-b1a8-832092dc937f]   [1m[35m (32.3ms)[0m  [1m[35mCOMMIT[0m
I, [2017-12-12T21:56:38.620833 #258]  INFO -- : [f0a140a6-2180-44f9-b1a8-832092dc937f] Completed 200 OK in 40ms (Views: 0.3ms | ActiveRecord: 33.4ms)
I, [2017-12-12T21:56:38.670827 #258]  INFO -- : [fba5cc18-4b9e-46ce-94f1-e1a46473b677] Started GET "/users/5/icon" for 127.0.0.1 at 2017-12-12 21:56:38 +0000
I, [2017-12-12T21:56:38.673096 #261]  INFO -- : [f87cf88d-b1ad-4cd4-8e25-3d82a448384f] Started GET "/feeds" for 127.0.0.1 at 2017-12-12 21:56:38 +0000
I, [2017-12-12T21:56:38.674817 #258]  INFO -- : [fba5cc18-4b9e-46ce-94f1-e1a46473b677] Processing by UsersController#icon as HTML
I, [2017-12-12T21:56:38.675380 #258]  INFO -- : [fba5cc18-4b9e-46ce-94f1-e1a46473b677]   Parameters: {"id"=>"5"}
I, [2017-12-12T21:56:38.676547 #261]  INFO -- : [f87cf88d-b1ad-4cd4-8e25-3d82a448384f] Processing by FeedsController#index as */*
D, [2017-12-12T21:56:38.679825 #258] DEBUG -- : [fba5cc18-4b9e-46ce-94f1-e1a46473b677]   [1m[36mUser Load (0.9ms)[0m  [1m[34mSELECT  `users`.* FROM `users` WHERE `users`.`id` = 5 LIMIT 1[0m
D, [2017-12-12T21:56:38.680713 #261] DEBUG -- : [f87cf88d-b1ad-4cd4-8e25-3d82a448384f]   [1m[36mUser Load (0.7ms)[0m  [1m[34mSELECT  `users`.* FROM `users` WHERE `users`.`id` = 5 LIMIT 1[0m
I, [2017-12-12T21:56:38.681885 #258]  INFO -- : [fba5cc18-4b9e-46ce-94f1-e1a46473b677] Sent data  (0.7ms)
I, [2017-12-12T21:56:38.682229 #258]  INFO -- : [fba5cc18-4b9e-46ce-94f1-e1a46473b677] Completed 200 OK in 6ms (Views: 0.4ms | ActiveRecord: 0.9ms)
D, [2017-12-12T21:56:38.686928 #261] DEBUG -- : [f87cf88d-b1ad-4cd4-8e25-3d82a448384f]   [1m[35m (1.6ms)[0m  [1m[34mSELECT `users`.`id` FROM `users` INNER JOIN `friends` ON `users`.`id` = `friends`.`to_user_id` WHERE `friends`.`from_user_id` = 5[0m
D, [2017-12-12T21:56:38.691382 #261] DEBUG -- : [f87cf88d-b1ad-4cd4-8e25-3d82a448384f]   [1m[35m (0.9ms)[0m  [1m[34mSELECT `users`.`id` FROM `users` INNER JOIN `friends` ON `users`.`id` = `friends`.`from_user_id` WHERE `friends`.`to_user_id` = 5[0m
D, [2017-12-12T21:56:38.696259 #261] DEBUG -- : [f87cf88d-b1ad-4cd4-8e25-3d82a448384f]   [1m[35m (1.0ms)[0m  [1m[34mSELECT COUNT(count_column) FROM (SELECT  feeds.*,users.name AS count_column FROM `feeds` INNER JOIN `users` ON `users`.`id` = `feeds`.`user_id` WHERE (user_id IN (4, 5)) ORDER BY id DESC LIMIT 30) subquery_for_count[0m
D, [2017-12-12T21:56:38.697773 #261] DEBUG -- : [f87cf88d-b1ad-4cd4-8e25-3d82a448384f]   [1m[36mFeed Load (0.6ms)[0m  [1m[34mSELECT  feeds.*,users.name FROM `feeds` INNER JOIN `users` ON `users`.`id` = `feeds`.`user_id` WHERE (user_id IN (4, 5)) ORDER BY id DESC LIMIT 30[0m
I, [2017-12-12T21:56:38.699063 #261]  INFO -- : [f87cf88d-b1ad-4cd4-8e25-3d82a448384f] Completed 200 OK in 22ms (Views: 1.7ms | ActiveRecord: 4.9ms)
I, [2017-12-12T21:56:38.719907 #261]  INFO -- : [8bde7eee-701f-4cf2-88db-7d005178f5ed] Started GET "/users/4/icon" for 127.0.0.1 at 2017-12-12 21:56:38 +0000
I, [2017-12-12T21:56:38.720719 #261]  INFO -- : [8bde7eee-701f-4cf2-88db-7d005178f5ed] Processing by UsersController#icon as HTML
I, [2017-12-12T21:56:38.720839 #261]  INFO -- : [8bde7eee-701f-4cf2-88db-7d005178f5ed]   Parameters: {"id"=>"4"}
D, [2017-12-12T21:56:38.722759 #261] DEBUG -- : [8bde7eee-701f-4cf2-88db-7d005178f5ed]   [1m[36mUser Load (0.7ms)[0m  [1m[34mSELECT  `users`.* FROM `users` WHERE `users`.`id` = 4 LIMIT 1[0m
I, [2017-12-12T21:56:38.723834 #261]  INFO -- : [8bde7eee-701f-4cf2-88db-7d005178f5ed] Sent data  (0.4ms)
I, [2017-12-12T21:56:38.724254 #261]  INFO -- : [8bde7eee-701f-4cf2-88db-7d005178f5ed] Completed 200 OK in 3ms (Views: 0.2ms | ActiveRecord: 0.7ms)
I, [2017-12-12T21:56:39.688907 #258]  INFO -- : [64df1001-86d6-4a9e-bd01-50caf938e695] Started GET "/feeds/21/find_old" for 127.0.0.1 at 2017-12-12 21:56:39 +0000
I, [2017-12-12T21:56:39.689923 #258]  INFO -- : [64df1001-86d6-4a9e-bd01-50caf938e695] Processing by FeedsController#find_old as */*
I, [2017-12-12T21:56:39.690047 #258]  INFO -- : [64df1001-86d6-4a9e-bd01-50caf938e695]   Parameters: {"id"=>"21"}
D, [2017-12-12T21:56:39.691861 #258] DEBUG -- : [64df1001-86d6-4a9e-bd01-50caf938e695]   [1m[36mUser Load (0.5ms)[0m  [1m[34mSELECT  `users`.* FROM `users` WHERE `users`.`id` = 5 LIMIT 1[0m
D, [2017-12-12T21:56:39.695752 #258] DEBUG -- : [64df1001-86d6-4a9e-bd01-50caf938e695]   [1m[35m (0.5ms)[0m  [1m[34mSELECT `users`.`id` FROM `users` INNER JOIN `friends` ON `users`.`id` = `friends`.`to_user_id` WHERE `friends`.`from_user_id` = 5[0m
D, [2017-12-12T21:56:39.697770 #258] DEBUG -- : [64df1001-86d6-4a9e-bd01-50caf938e695]   [1m[35m (0.6ms)[0m  [1m[34mSELECT `users`.`id` FROM `users` INNER JOIN `friends` ON `users`.`id` = `friends`.`from_user_id` WHERE `friends`.`to_user_id` = 5[0m
D, [2017-12-12T21:56:39.699668 #258] DEBUG -- : [64df1001-86d6-4a9e-bd01-50caf938e695]   [1m[36mFeed Load (0.5ms)[0m  [1m[34mSELECT  feeds.*,users.name FROM `feeds` INNER JOIN `users` ON `users`.`id` = `feeds`.`user_id` WHERE (user_id IN (4, 5) and feeds.id < 21) ORDER BY id DESC LIMIT 30[0m
I, [2017-12-12T21:56:39.700127 #258]  INFO -- : [64df1001-86d6-4a9e-bd01-50caf938e695] Completed 200 OK in 10ms (Views: 0.2ms | ActiveRecord: 2.0ms)
I, [2017-12-12T21:56:43.118073 #261]  INFO -- : [1652c368-7783-40a1-ba7a-e4cb8315e7be] Started GET "/feeds/22/find_new" for 127.0.0.1 at 2017-12-12 21:56:43 +0000
I, [2017-12-12T21:56:43.118987 #261]  INFO -- : [1652c368-7783-40a1-ba7a-e4cb8315e7be] Processing by FeedsController#find_new as */*
I, [2017-12-12T21:56:43.119119 #261]  INFO -- : [1652c368-7783-40a1-ba7a-e4cb8315e7be]   Parameters: {"id"=>"22"}
D, [2017-12-12T21:56:43.120744 #261] DEBUG -- : [1652c368-7783-40a1-ba7a-e4cb8315e7be]   [1m[36mUser Load (0.6ms)[0m  [1m[34mSELECT  `users`.* FROM `users` WHERE `users`.`id` = 4 LIMIT 1[0m
D, [2017-12-12T21:56:43.123108 #261] DEBUG -- : [1652c368-7783-40a1-ba7a-e4cb8315e7be]   [1m[35m (0.8ms)[0m  [1m[34mSELECT `users`.`id` FROM `users` INNER JOIN `friends` ON `users`.`id` = `friends`.`to_user_id` WHERE `friends`.`from_user_id` = 4[0m
D, [2017-12-12T21:56:43.124970 #261] DEBUG -- : [1652c368-7783-40a1-ba7a-e4cb8315e7be]   [1m[35m (0.6ms)[0m  [1m[34mSELECT `users`.`id` FROM `users` INNER JOIN `friends` ON `users`.`id` = `friends`.`from_user_id` WHERE `friends`.`to_user_id` = 4[0m
D, [2017-12-12T21:56:43.126469 #261] DEBUG -- : [1652c368-7783-40a1-ba7a-e4cb8315e7be]   [1m[36mFeed Load (0.6ms)[0m  [1m[34mSELECT feeds.*,users.name FROM `feeds` INNER JOIN `users` ON `users`.`id` = `feeds`.`user_id` WHERE (user_id IN (5, 3, 4) and feeds.id > 22) ORDER BY id DESC[0m
I, [2017-12-12T21:56:43.127484 #261]  INFO -- : [1652c368-7783-40a1-ba7a-e4cb8315e7be] Completed 200 OK in 8ms (Views: 0.4ms | ActiveRecord: 2.6ms)
I, [2017-12-12T21:56:44.670011 #261]  INFO -- : [d9fab040-3b84-496e-ae4d-5a368af58f73] Started GET "/feeds/23/find_new" for 127.0.0.1 at 2017-12-12 21:56:44 +0000
I, [2017-12-12T21:56:44.670898 #261]  INFO -- : [d9fab040-3b84-496e-ae4d-5a368af58f73] Processing by FeedsController#find_new as */*
I, [2017-12-12T21:56:44.671005 #261]  INFO -- : [d9fab040-3b84-496e-ae4d-5a368af58f73]   Parameters: {"id"=>"23"}
D, [2017-12-12T21:56:44.672434 #261] DEBUG -- : [d9fab040-3b84-496e-ae4d-5a368af58f73]   [1m[36mUser Load (0.5ms)[0m  [1m[34mSELECT  `users`.* FROM `users` WHERE `users`.`id` = 5 LIMIT 1[0m
D, [2017-12-12T21:56:44.675554 #261] DEBUG -- : [d9fab040-3b84-496e-ae4d-5a368af58f73]   [1m[35m (0.9ms)[0m  [1m[34mSELECT `users`.`id` FROM `users` INNER JOIN `friends` ON `users`.`id` = `friends`.`to_user_id` WHERE `friends`.`from_user_id` = 5[0m
D, [2017-12-12T21:56:44.677613 #261] DEBUG -- : [d9fab040-3b84-496e-ae4d-5a368af58f73]   [1m[35m (0.5ms)[0m  [1m[34mSELECT `users`.`id` FROM `users` INNER JOIN `friends` ON `users`.`id` = `friends`.`from_user_id` WHERE `friends`.`to_user_id` = 5[0m
D, [2017-12-12T21:56:44.679393 #261] DEBUG -- : [d9fab040-3b84-496e-ae4d-5a368af58f73]   [1m[36mFeed Load (0.6ms)[0m  [1m[34mSELECT feeds.*,users.name FROM `feeds` INNER JOIN `users` ON `users`.`id` = `feeds`.`user_id` WHERE (user_id IN (4, 5) and feeds.id > 23) ORDER BY id DESC[0m
I, [2017-12-12T21:56:44.679941 #261]  INFO -- : [d9fab040-3b84-496e-ae4d-5a368af58f73] Completed 200 OK in 9ms (Views: 0.2ms | ActiveRecord: 2.6ms)
I, [2017-12-12T21:56:48.864321 #261]  INFO -- : [ef3f257d-6e57-4a91-a544-347372f97721] Started GET "/feeds/22/find_new" for 127.0.0.1 at 2017-12-12 21:56:48 +0000
I, [2017-12-12T21:56:48.865120 #261]  INFO -- : [ef3f257d-6e57-4a91-a544-347372f97721] Processing by FeedsController#find_new as */*
I, [2017-12-12T21:56:48.865201 #261]  INFO -- : [ef3f257d-6e57-4a91-a544-347372f97721]   Parameters: {"id"=>"22"}
D, [2017-12-12T21:56:48.866527 #261] DEBUG -- : [ef3f257d-6e57-4a91-a544-347372f97721]   [1m[36mUser Load (0.4ms)[0m  [1m[34mSELECT  `users`.* FROM `users` WHERE `users`.`id` = 4 LIMIT 1[0m
D, [2017-12-12T21:56:48.868967 #261] DEBUG -- : [ef3f257d-6e57-4a91-a544-347372f97721]   [1m[35m (0.6ms)[0m  [1m[34mSELECT `users`.`id` FROM `users` INNER JOIN `friends` ON `users`.`id` = `friends`.`to_user_id` WHERE `friends`.`from_user_id` = 4[0m
D, [2017-12-12T21:56:48.870884 #261] DEBUG -- : [ef3f257d-6e57-4a91-a544-347372f97721]   [1m[35m (0.6ms)[0m  [1m[34mSELECT `users`.`id` FROM `users` INNER JOIN `friends` ON `users`.`id` = `friends`.`from_user_id` WHERE `friends`.`to_user_id` = 4[0m
D, [2017-12-12T21:56:48.872346 #261] DEBUG -- : [ef3f257d-6e57-4a91-a544-347372f97721]   [1m[36mFeed Load (0.6ms)[0m  [1m[34mSELECT feeds.*,users.name FROM `feeds` INNER JOIN `users` ON `users`.`id` = `feeds`.`user_id` WHERE (user_id IN (5, 3, 4) and feeds.id > 22) ORDER BY id DESC[0m
I, [2017-12-12T21:56:48.873024 #261]  INFO -- : [ef3f257d-6e57-4a91-a544-347372f97721] Completed 200 OK in 8ms (Views: 0.2ms | ActiveRecord: 2.2ms)
I, [2017-12-12T21:56:50.396633 #261]  INFO -- : [877805e9-a31e-462b-b1d4-7196f40c9a56] Started GET "/feeds/23/find_new" for 127.0.0.1 at 2017-12-12 21:56:50 +0000
I, [2017-12-12T21:56:50.397462 #261]  INFO -- : [877805e9-a31e-462b-b1d4-7196f40c9a56] Processing by FeedsController#find_new as */*
I, [2017-12-12T21:56:50.397558 #261]  INFO -- : [877805e9-a31e-462b-b1d4-7196f40c9a56]   Parameters: {"id"=>"23"}
D, [2017-12-12T21:56:50.399078 #261] DEBUG -- : [877805e9-a31e-462b-b1d4-7196f40c9a56]   [1m[36mUser Load (0.4ms)[0m  [1m[34mSELECT  `users`.* FROM `users` WHERE `users`.`id` = 5 LIMIT 1[0m
D, [2017-12-12T21:56:50.402714 #261] DEBUG -- : [877805e9-a31e-462b-b1d4-7196f40c9a56]   [1m[35m (0.7ms)[0m  [1m[34mSELECT `users`.`id` FROM `users` INNER JOIN `friends` ON `users`.`id` = `friends`.`to_user_id` WHERE `friends`.`from_user_id` = 5[0m
D, [2017-12-12T21:56:50.406481 #261] DEBUG -- : [877805e9-a31e-462b-b1d4-7196f40c9a56]   [1m[35m (0.4ms)[0m  [1m[34mSELECT `users`.`id` FROM `users` INNER JOIN `friends` ON `users`.`id` = `friends`.`from_user_id` WHERE `friends`.`to_user_id` = 5[0m
D, [2017-12-12T21:56:50.407708 #261] DEBUG -- : [877805e9-a31e-462b-b1d4-7196f40c9a56]   [1m[36mFeed Load (0.4ms)[0m  [1m[34mSELECT feeds.*,users.name FROM `feeds` INNER JOIN `users` ON `users`.`id` = `feeds`.`user_id` WHERE (user_id IN (4, 5) and feeds.id > 23) ORDER BY id DESC[0m
I, [2017-12-12T21:56:50.408167 #261]  INFO -- : [877805e9-a31e-462b-b1d4-7196f40c9a56] Completed 200 OK in 10ms (Views: 0.1ms | ActiveRecord: 2.0ms)
I, [2017-12-12T21:56:55.078006 #258]  INFO -- : [e2e04ba7-45d1-4828-9795-a3f63378aa9f] Started GET "/feeds/22/find_new" for 127.0.0.1 at 2017-12-12 21:56:55 +0000
I, [2017-12-12T21:56:55.079122 #258]  INFO -- : [e2e04ba7-45d1-4828-9795-a3f63378aa9f] Processing by FeedsController#find_new as */*
I, [2017-12-12T21:56:55.079216 #258]  INFO -- : [e2e04ba7-45d1-4828-9795-a3f63378aa9f]   Parameters: {"id"=>"22"}
D, [2017-12-12T21:56:55.080284 #258] DEBUG -- : [e2e04ba7-45d1-4828-9795-a3f63378aa9f]   [1m[36mUser Load (0.3ms)[0m  [1m[34mSELECT  `users`.* FROM `users` WHERE `users`.`id` = 4 LIMIT 1[0m
D, [2017-12-12T21:56:55.082208 #258] DEBUG -- : [e2e04ba7-45d1-4828-9795-a3f63378aa9f]   [1m[35m (0.4ms)[0m  [1m[34mSELECT `users`.`id` FROM `users` INNER JOIN `friends` ON `users`.`id` = `friends`.`to_user_id` WHERE `friends`.`from_user_id` = 4[0m
D, [2017-12-12T21:56:55.083813 #258] DEBUG -- : [e2e04ba7-45d1-4828-9795-a3f63378aa9f]   [1m[35m (0.4ms)[0m  [1m[34mSELECT `users`.`id` FROM `users` INNER JOIN `friends` ON `users`.`id` = `friends`.`from_user_id` WHERE `friends`.`to_user_id` = 4[0m
D, [2017-12-12T21:56:55.085024 #258] DEBUG -- : [e2e04ba7-45d1-4828-9795-a3f63378aa9f]   [1m[36mFeed Load (0.4ms)[0m  [1m[34mSELECT feeds.*,users.name FROM `feeds` INNER JOIN `users` ON `users`.`id` = `feeds`.`user_id` WHERE (user_id IN (5, 3, 4) and feeds.id > 22) ORDER BY id DESC[0m
I, [2017-12-12T21:56:55.085570 #258]  INFO -- : [e2e04ba7-45d1-4828-9795-a3f63378aa9f] Completed 200 OK in 6ms (Views: 0.2ms | ActiveRecord: 1.6ms)
I, [2017-12-12T21:56:56.611071 #261]  INFO -- : [799704ec-4649-48b3-9166-417f9ab40b46] Started GET "/feeds/23/find_new" for 127.0.0.1 at 2017-12-12 21:56:56 +0000
I, [2017-12-12T21:56:56.612495 #261]  INFO -- : [799704ec-4649-48b3-9166-417f9ab40b46] Processing by FeedsController#find_new as */*
I, [2017-12-12T21:56:56.612802 #261]  INFO -- : [799704ec-4649-48b3-9166-417f9ab40b46]   Parameters: {"id"=>"23"}
D, [2017-12-12T21:56:56.615014 #261] DEBUG -- : [799704ec-4649-48b3-9166-417f9ab40b46]   [1m[36mUser Load (0.4ms)[0m  [1m[34mSELECT  `users`.* FROM `users` WHERE `users`.`id` = 5 LIMIT 1[0m
D, [2017-12-12T21:56:56.618353 #261] DEBUG -- : [799704ec-4649-48b3-9166-417f9ab40b46]   [1m[35m (0.5ms)[0m  [1m[34mSELECT `users`.`id` FROM `users` INNER JOIN `friends` ON `users`.`id` = `friends`.`to_user_id` WHERE `friends`.`from_user_id` = 5[0m
D, [2017-12-12T21:56:56.620487 #261] DEBUG -- : [799704ec-4649-48b3-9166-417f9ab40b46]   [1m[35m (0.5ms)[0m  [1m[34mSELECT `users`.`id` FROM `users` INNER JOIN `friends` ON `users`.`id` = `friends`.`from_user_id` WHERE `friends`.`to_user_id` = 5[0m
D, [2017-12-12T21:56:56.621885 #261] DEBUG -- : [799704ec-4649-48b3-9166-417f9ab40b46]   [1m[36mFeed Load (0.5ms)[0m  [1m[34mSELECT feeds.*,users.name FROM `feeds` INNER JOIN `users` ON `users`.`id` = `feeds`.`user_id` WHERE (user_id IN (4, 5) and feeds.id > 23) ORDER BY id DESC[0m
I, [2017-12-12T21:56:56.622371 #261]  INFO -- : [799704ec-4649-48b3-9166-417f9ab40b46] Completed 200 OK in 9ms (Views: 0.1ms | ActiveRecord: 1.9ms)
I, [2017-12-12T21:57:01.054906 #258]  INFO -- : [4ed3490e-a0d8-49d8-8e25-191f7ecf0cb3] Started GET "/feeds/22/find_new" for 127.0.0.1 at 2017-12-12 21:57:01 +0000
I, [2017-12-12T21:57:01.055512 #258]  INFO -- : [4ed3490e-a0d8-49d8-8e25-191f7ecf0cb3] Processing by FeedsController#find_new as */*
I, [2017-12-12T21:57:01.055575 #258]  INFO -- : [4ed3490e-a0d8-49d8-8e25-191f7ecf0cb3]   Parameters: {"id"=>"22"}
D, [2017-12-12T21:57:01.057142 #258] DEBUG -- : [4ed3490e-a0d8-49d8-8e25-191f7ecf0cb3]   [1m[36mUser Load (0.5ms)[0m  [1m[34mSELECT  `users`.* FROM `users` WHERE `users`.`id` = 4 LIMIT 1[0m
D, [2017-12-12T21:57:01.060694 #258] DEBUG -- : [4ed3490e-a0d8-49d8-8e25-191f7ecf0cb3]   [1m[35m (0.7ms)[0m  [1m[34mSELECT `users`.`id` FROM `users` INNER JOIN `friends` ON `users`.`id` = `friends`.`to_user_id` WHERE `friends`.`from_user_id` = 4[0m
D, [2017-12-12T21:57:01.063285 #258] DEBUG -- : [4ed3490e-a0d8-49d8-8e25-191f7ecf0cb3]   [1m[35m (0.4ms)[0m  [1m[34mSELECT `users`.`id` FROM `users` INNER JOIN `friends` ON `users`.`id` = `friends`.`from_user_id` WHERE `friends`.`to_user_id` = 4[0m
D, [2017-12-12T21:57:01.064698 #258] DEBUG -- : [4ed3490e-a0d8-49d8-8e25-191f7ecf0cb3]   [1m[36mFeed Load (0.5ms)[0m  [1m[34mSELECT feeds.*,users.name FROM `feeds` INNER JOIN `users` ON `users`.`id` = `feeds`.`user_id` WHERE (user_id IN (5, 3, 4) and feeds.id > 22) ORDER BY id DESC[0m
I, [2017-12-12T21:57:01.065231 #258]  INFO -- : [4ed3490e-a0d8-49d8-8e25-191f7ecf0cb3] Completed 200 OK in 10ms (Views: 0.2ms | ActiveRecord: 2.3ms)
I, [2017-12-12T21:57:03.234448 #261]  INFO -- : [df328e48-728a-444d-8775-f0deaa80eb9c] Started GET "/feeds/23/find_new" for 127.0.0.1 at 2017-12-12 21:57:03 +0000
I, [2017-12-12T21:57:03.235441 #261]  INFO -- : [df328e48-728a-444d-8775-f0deaa80eb9c] Processing by FeedsController#find_new as */*
