D, [2017-12-12T21:55:06.493829 #258] DEBUG -- : [93602835-a24b-4fb4-9a72-279a09f1129e]   [1m[35mSQL (0.4ms)[0m  [1m[32mINSERT INTO `feeds` (`feed_type`, `user_id`, `comment`, `created_at`, `updated_at`) VALUES ('text', 3, 'ã¯ã˜ã‚ã¾ã—ã¦ï¼è„†å¼±å¤ªéƒŽï¼ˆãœã„ã˜ã‚ƒããŸã‚ã†ï¼‰ã¨è¨€ã„ã¾ã™ã€‚ä¼šç¤¾ã®ã¿ã‚“ãªã‹ã‚‰ã¯ã€ç•¥ã—ã¦ã‚¼ãƒ¼ã‚¿ã£ã¦å‘¼ã°ã‚Œã¦ã¾ã™ï¼', '2017-12-12 21:55:06', '2017-12-12 21:55:06')[0m
D, [2017-12-12T21:55:06.519752 #258] DEBUG -- : [93602835-a24b-4fb4-9a72-279a09f1129e]   [1m[35m (25.4ms)[0m  [1m[35mCOMMIT[0m
I, [2017-12-12T21:55:06.520439 #258]  INFO -- : [93602835-a24b-4fb4-9a72-279a09f1129e] Completed 200 OK in 31ms (Views: 0.3ms | ActiveRecord: 26.3ms)
I, [2017-12-12T21:55:06.565774 #261]  INFO -- : [0348d34e-48d5-44a2-ba90-2d85e1a22920] Started GET "/feeds" for 127.0.0.1 at 2017-12-12 21:55:06 +0000
I, [2017-12-12T21:55:06.565897 #258]  INFO -- : [bdcfea8f-8aa5-44ef-bd33-6652c5e15c1a] Started GET "/users/3/icon" for 127.0.0.1 at 2017-12-12 21:55:06 +0000
I, [2017-12-12T21:55:06.566728 #261]  INFO -- : [0348d34e-48d5-44a2-ba90-2d85e1a22920] Processing by FeedsController#index as */*
I, [2017-12-12T21:55:06.566986 #258]  INFO -- : [bdcfea8f-8aa5-44ef-bd33-6652c5e15c1a] Processing by UsersController#icon as HTML
I, [2017-12-12T21:55:06.567152 #258]  INFO -- : [bdcfea8f-8aa5-44ef-bd33-6652c5e15c1a]   Parameters: {"id"=>"3"}
D, [2017-12-12T21:55:06.568682 #261] DEBUG -- : [0348d34e-48d5-44a2-ba90-2d85e1a22920]   [1m[36mUser Load (0.5ms)[0m  [1m[34mSELECT  `users`.* FROM `users` WHERE `users`.`id` = 3 LIMIT 1[0m
D, [2017-12-12T21:55:06.569231 #258] DEBUG -- : [bdcfea8f-8aa5-44ef-bd33-6652c5e15c1a]   [1m[36mUser Load (0.6ms)[0m  [1m[34mSELECT  `users`.* FROM `users` WHERE `users`.`id` = 3 LIMIT 1[0m
I, [2017-12-12T21:55:06.570571 #258]  INFO -- : [bdcfea8f-8aa5-44ef-bd33-6652c5e15c1a] Sent data  (0.6ms)
I, [2017-12-12T21:55:06.570951 #258]  INFO -- : [bdcfea8f-8aa5-44ef-bd33-6652c5e15c1a] Completed 200 OK in 4ms (Views: 0.2ms | ActiveRecord: 0.6ms)
D, [2017-12-12T21:55:06.573009 #261] DEBUG -- : [0348d34e-48d5-44a2-ba90-2d85e1a22920]   [1m[35m (0.6ms)[0m  [1m[34mSELECT `users`.`id` FROM `users` INNER JOIN `friends` ON `users`.`id` = `friends`.`to_user_id` WHERE `friends`.`from_user_id` = 3[0m
D, [2017-12-12T21:55:06.578473 #261] DEBUG -- : [0348d34e-48d5-44a2-ba90-2d85e1a22920]   [1m[35m (1.6ms)[0m  [1m[34mSELECT `users`.`id` FROM `users` INNER JOIN `friends` ON `users`.`id` = `friends`.`from_user_id` WHERE `friends`.`to_user_id` = 3[0m
D, [2017-12-12T21:55:06.583851 #261] DEBUG -- : [0348d34e-48d5-44a2-ba90-2d85e1a22920]   [1m[35m (0.9ms)[0m  [1m[34mSELECT COUNT(count_column) FROM (SELECT  feeds.*,users.name AS count_column FROM `feeds` INNER JOIN `users` ON `users`.`id` = `feeds`.`user_id` WHERE (user_id IN (3)) ORDER BY id DESC LIMIT 30) subquery_for_count[0m
D, [2017-12-12T21:55:06.584977 #261] DEBUG -- : [0348d34e-48d5-44a2-ba90-2d85e1a22920]   [1m[36mFeed Load (0.5ms)[0m  [1m[34mSELECT  feeds.*,users.name FROM `feeds` INNER JOIN `users` ON `users`.`id` = `feeds`.`user_id` WHERE (user_id IN (3)) ORDER BY id DESC LIMIT 30[0m
I, [2017-12-12T21:55:06.585801 #261]  INFO -- : [0348d34e-48d5-44a2-ba90-2d85e1a22920] Completed 200 OK in 19ms (Views: 1.1ms | ActiveRecord: 4.2ms)
I, [2017-12-12T21:55:07.613113 #261]  INFO -- : [9638330c-2fc1-4327-8a7a-6fd159739f64] Started GET "/feeds/19/find_old" for 127.0.0.1 at 2017-12-12 21:55:07 +0000
I, [2017-12-12T21:55:07.614186 #261]  INFO -- : [9638330c-2fc1-4327-8a7a-6fd159739f64] Processing by FeedsController#find_old as */*
I, [2017-12-12T21:55:07.614285 #261]  INFO -- : [9638330c-2fc1-4327-8a7a-6fd159739f64]   Parameters: {"id"=>"19"}
D, [2017-12-12T21:55:07.615382 #261] DEBUG -- : [9638330c-2fc1-4327-8a7a-6fd159739f64]   [1m[36mUser Load (0.3ms)[0m  [1m[34mSELECT  `users`.* FROM `users` WHERE `users`.`id` = 3 LIMIT 1[0m
D, [2017-12-12T21:55:07.617294 #261] DEBUG -- : [9638330c-2fc1-4327-8a7a-6fd159739f64]   [1m[35m (0.4ms)[0m  [1m[34mSELECT `users`.`id` FROM `users` INNER JOIN `friends` ON `users`.`id` = `friends`.`to_user_id` WHERE `friends`.`from_user_id` = 3[0m
D, [2017-12-12T21:55:07.618836 #261] DEBUG -- : [9638330c-2fc1-4327-8a7a-6fd159739f64]   [1m[35m (0.4ms)[0m  [1m[34mSELECT `users`.`id` FROM `users` INNER JOIN `friends` ON `users`.`id` = `friends`.`from_user_id` WHERE `friends`.`to_user_id` = 3[0m
D, [2017-12-12T21:55:07.620108 #261] DEBUG -- : [9638330c-2fc1-4327-8a7a-6fd159739f64]   [1m[36mFeed Load (0.4ms)[0m  [1m[34mSELECT  feeds.*,users.name FROM `feeds` INNER JOIN `users` ON `users`.`id` = `feeds`.`user_id` WHERE (user_id IN (3) and feeds.id < 19) ORDER BY id DESC LIMIT 30[0m
I, [2017-12-12T21:55:07.620538 #261]  INFO -- : [9638330c-2fc1-4327-8a7a-6fd159739f64] Completed 200 OK in 6ms (Views: 0.1ms | ActiveRecord: 1.5ms)
I, [2017-12-12T21:55:08.768181 #261]  INFO -- : [225f3930-5401-44cb-a0c6-3a4fe444c33a] Started GET "/feeds/0/find_new" for 127.0.0.1 at 2017-12-12 21:55:08 +0000
I, [2017-12-12T21:55:08.768826 #261]  INFO -- : [225f3930-5401-44cb-a0c6-3a4fe444c33a] Processing by FeedsController#find_new as */*
I, [2017-12-12T21:55:08.768906 #261]  INFO -- : [225f3930-5401-44cb-a0c6-3a4fe444c33a]   Parameters: {"id"=>"0"}
D, [2017-12-12T21:55:08.769983 #261] DEBUG -- : [225f3930-5401-44cb-a0c6-3a4fe444c33a]   [1m[36mUser Load (0.3ms)[0m  [1m[34mSELECT  `users`.* FROM `users` WHERE `users`.`id` = 4 LIMIT 1[0m
D, [2017-12-12T21:55:08.771927 #261] DEBUG -- : [225f3930-5401-44cb-a0c6-3a4fe444c33a]   [1m[35m (0.4ms)[0m  [1m[34mSELECT `users`.`id` FROM `users` INNER JOIN `friends` ON `users`.`id` = `friends`.`to_user_id` WHERE `friends`.`from_user_id` = 4[0m
D, [2017-12-12T21:55:08.774070 #261] DEBUG -- : [225f3930-5401-44cb-a0c6-3a4fe444c33a]   [1m[35m (0.4ms)[0m  [1m[34mSELECT `users`.`id` FROM `users` INNER JOIN `friends` ON `users`.`id` = `friends`.`from_user_id` WHERE `friends`.`to_user_id` = 4[0m
D, [2017-12-12T21:55:08.775403 #261] DEBUG -- : [225f3930-5401-44cb-a0c6-3a4fe444c33a]   [1m[36mFeed Load (0.5ms)[0m  [1m[34mSELECT feeds.*,users.name FROM `feeds` INNER JOIN `users` ON `users`.`id` = `feeds`.`user_id` WHERE (user_id IN (4) and feeds.id > 0) ORDER BY id DESC[0m
I, [2017-12-12T21:55:08.776030 #261]  INFO -- : [225f3930-5401-44cb-a0c6-3a4fe444c33a] Completed 200 OK in 7ms (Views: 0.2ms | ActiveRecord: 1.7ms)
I, [2017-12-12T21:55:12.469252 #261]  INFO -- : [5b686489-ba3d-488c-8eb0-fc696ae8b0bf] Started GET "/feeds/19/find_new" for 127.0.0.1 at 2017-12-12 21:55:12 +0000
I, [2017-12-12T21:55:12.470027 #261]  INFO -- : [5b686489-ba3d-488c-8eb0-fc696ae8b0bf] Processing by FeedsController#find_new as */*
I, [2017-12-12T21:55:12.470415 #261]  INFO -- : [5b686489-ba3d-488c-8eb0-fc696ae8b0bf]   Parameters: {"id"=>"19"}
D, [2017-12-12T21:55:12.472892 #261] DEBUG -- : [5b686489-ba3d-488c-8eb0-fc696ae8b0bf]   [1m[36mUser Load (0.7ms)[0m  [1m[34mSELECT  `users`.* FROM `users` WHERE `users`.`id` = 3 LIMIT 1[0m
D, [2017-12-12T21:55:12.478665 #261] DEBUG -- : [5b686489-ba3d-488c-8eb0-fc696ae8b0bf]   [1m[35m (0.6ms)[0m  [1m[34mSELECT `users`.`id` FROM `users` INNER JOIN `friends` ON `users`.`id` = `friends`.`to_user_id` WHERE `friends`.`from_user_id` = 3[0m
D, [2017-12-12T21:55:12.493164 #261] DEBUG -- : [5b686489-ba3d-488c-8eb0-fc696ae8b0bf]   [1m[35m (1.3ms)[0m  [1m[34mSELECT `users`.`id` FROM `users` INNER JOIN `friends` ON `users`.`id` = `friends`.`from_user_id` WHERE `friends`.`to_user_id` = 3[0m
D, [2017-12-12T21:55:12.495937 #261] DEBUG -- : [5b686489-ba3d-488c-8eb0-fc696ae8b0bf]   [1m[36mFeed Load (0.7ms)[0m  [1m[34mSELECT feeds.*,users.name FROM `feeds` INNER JOIN `users` ON `users`.`id` = `feeds`.`user_id` WHERE (user_id IN (3) and feeds.id > 19) ORDER BY id DESC[0m
I, [2017-12-12T21:55:12.498904 #261]  INFO -- : [5b686489-ba3d-488c-8eb0-fc696ae8b0bf] Completed 200 OK in 28ms (Views: 0.5ms | ActiveRecord: 3.3ms)
I, [2017-12-12T21:55:15.322422 #261]  INFO -- : [0f8771a7-c63a-4ba4-ae53-0784ca0dbac6] Started GET "/feeds/0/find_new" for 127.0.0.1 at 2017-12-12 21:55:15 +0000
I, [2017-12-12T21:55:15.323078 #261]  INFO -- : [0f8771a7-c63a-4ba4-ae53-0784ca0dbac6] Processing by FeedsController#find_new as */*
I, [2017-12-12T21:55:15.323166 #261]  INFO -- : [0f8771a7-c63a-4ba4-ae53-0784ca0dbac6]   Parameters: {"id"=>"0"}
D, [2017-12-12T21:55:15.324217 #261] DEBUG -- : [0f8771a7-c63a-4ba4-ae53-0784ca0dbac6]   [1m[36mUser Load (0.3ms)[0m  [1m[34mSELECT  `users`.* FROM `users` WHERE `users`.`id` = 4 LIMIT 1[0m
D, [2017-12-12T21:55:15.326071 #261] DEBUG -- : [0f8771a7-c63a-4ba4-ae53-0784ca0dbac6]   [1m[35m (0.4ms)[0m  [1m[34mSELECT `users`.`id` FROM `users` INNER JOIN `friends` ON `users`.`id` = `friends`.`to_user_id` WHERE `friends`.`from_user_id` = 4[0m
D, [2017-12-12T21:55:15.327649 #261] DEBUG -- : [0f8771a7-c63a-4ba4-ae53-0784ca0dbac6]   [1m[35m (0.4ms)[0m  [1m[34mSELECT `users`.`id` FROM `users` INNER JOIN `friends` ON `users`.`id` = `friends`.`from_user_id` WHERE `friends`.`to_user_id` = 4[0m
D, [2017-12-12T21:55:15.328837 #261] DEBUG -- : [0f8771a7-c63a-4ba4-ae53-0784ca0dbac6]   [1m[36mFeed Load (0.4ms)[0m  [1m[34mSELECT feeds.*,users.name FROM `feeds` INNER JOIN `users` ON `users`.`id` = `feeds`.`user_id` WHERE (user_id IN (4) and feeds.id > 0) ORDER BY id DESC[0m
I, [2017-12-12T21:55:15.329255 #261]  INFO -- : [0f8771a7-c63a-4ba4-ae53-0784ca0dbac6] Completed 200 OK in 6ms (Views: 0.2ms | ActiveRecord: 1.5ms)
I, [2017-12-12T21:55:17.944917 #258]  INFO -- : [b520336d-4392-47ca-ad21-cdf04f0ffb49] Started POST "/feeds" for 127.0.0.1 at 2017-12-12 21:55:17 +0000
I, [2017-12-12T21:55:17.945701 #258]  INFO -- : [b520336d-4392-47ca-ad21-cdf04f0ffb49] Processing by FeedsController#create as */*
I, [2017-12-12T21:55:17.945785 #258]  INFO -- : [b520336d-4392-47ca-ad21-cdf04f0ffb49]   Parameters: {"comment"=>"å¥½ããªHTTPãƒ˜ãƒƒãƒ€ã¯ã€ŒWWW-Authenticateã€ã§ã™ã€‚ç†ç”±ã¯ã€ãªã‚“ã¨ãªãç¬‘ã£ã¦ãã†ãªã‚“ã§", "feed_type"=>"text"}
D, [2017-12-12T21:55:17.947280 #258] DEBUG -- : [b520336d-4392-47ca-ad21-cdf04f0ffb49]   [1m[36mUser Load (0.6ms)[0m  [1m[34mSELECT  `users`.* FROM `users` WHERE `users`.`id` = 3 LIMIT 1[0m
D, [2017-12-12T21:55:17.948514 #258] DEBUG -- : [b520336d-4392-47ca-ad21-cdf04f0ffb49]   [1m[35m (0.2ms)[0m  [1m[35mBEGIN[0m
D, [2017-12-12T21:55:17.952371 #258] DEBUG -- : [b520336d-4392-47ca-ad21-cdf04f0ffb49]   [1m[35mSQL (0.6ms)[0m  [1m[32mINSERT INTO `feeds` (`feed_type`, `user_id`, `comment`, `created_at`, `updated_at`) VALUES ('text', 3, 'å¥½ããªHTTPãƒ˜ãƒƒãƒ€ã¯ã€ŒWWW-Authenticateã€ã§ã™ã€‚ç†ç”±ã¯ã€ãªã‚“ã¨ãªãç¬‘ã£ã¦ãã†ãªã‚“ã§', '2017-12-12 21:55:17', '2017-12-12 21:55:17')[0m
D, [2017-12-12T21:55:17.982729 #258] DEBUG -- : [b520336d-4392-47ca-ad21-cdf04f0ffb49]   [1m[35m (29.7ms)[0m  [1m[35mCOMMIT[0m
I, [2017-12-12T21:55:17.983453 #258]  INFO -- : [b520336d-4392-47ca-ad21-cdf04f0ffb49] Completed 200 OK in 38ms (Views: 0.3ms | ActiveRecord: 31.1ms)
I, [2017-12-12T21:55:18.030321 #261]  INFO -- : [c7fe4be5-8bc8-481e-9a90-41dc6c871b8f] Started GET "/users/3/icon" for 127.0.0.1 at 2017-12-12 21:55:18 +0000
I, [2017-12-12T21:55:18.031504 #261]  INFO -- : [c7fe4be5-8bc8-481e-9a90-41dc6c871b8f] Processing by UsersController#icon as HTML
I, [2017-12-12T21:55:18.031647 #261]  INFO -- : [c7fe4be5-8bc8-481e-9a90-41dc6c871b8f]   Parameters: {"id"=>"3"}
I, [2017-12-12T21:55:18.032893 #258]  INFO -- : [061acfc5-388f-4674-8ffb-d755c3450795] Started GET "/feeds" for 127.0.0.1 at 2017-12-12 21:55:18 +0000
I, [2017-12-12T21:55:18.033771 #258]  INFO -- : [061acfc5-388f-4674-8ffb-d755c3450795] Processing by FeedsController#index as */*
D, [2017-12-12T21:55:18.037684 #261] DEBUG -- : [c7fe4be5-8bc8-481e-9a90-41dc6c871b8f]   [1m[36mUser Load (2.0ms)[0m  [1m[34mSELECT  `users`.* FROM `users` WHERE `users`.`id` = 3 LIMIT 1[0m
I, [2017-12-12T21:55:18.039534 #261]  INFO -- : [c7fe4be5-8bc8-481e-9a90-41dc6c871b8f] Sent data  (0.6ms)
I, [2017-12-12T21:55:18.040218 #261]  INFO -- : [c7fe4be5-8bc8-481e-9a90-41dc6c871b8f] Completed 200 OK in 8ms (Views: 0.2ms | ActiveRecord: 2.0ms)
D, [2017-12-12T21:55:18.041938 #258] DEBUG -- : [061acfc5-388f-4674-8ffb-d755c3450795]   [1m[36mUser Load (5.2ms)[0m  [1m[34mSELECT  `users`.* FROM `users` WHERE `users`.`id` = 3 LIMIT 1[0m
D, [2017-12-12T21:55:18.048988 #258] DEBUG -- : [061acfc5-388f-4674-8ffb-d755c3450795]   [1m[35m (1.7ms)[0m  [1m[34mSELECT `users`.`id` FROM `users` INNER JOIN `friends` ON `users`.`id` = `friends`.`to_user_id` WHERE `friends`.`from_user_id` = 3[0m
D, [2017-12-12T21:55:18.052813 #258] DEBUG -- : [061acfc5-388f-4674-8ffb-d755c3450795]   [1m[35m (0.8ms)[0m  [1m[34mSELECT `users`.`id` FROM `users` INNER JOIN `friends` ON `users`.`id` = `friends`.`from_user_id` WHERE `friends`.`to_user_id` = 3[0m
D, [2017-12-12T21:55:18.056205 #258] DEBUG -- : [061acfc5-388f-4674-8ffb-d755c3450795]   [1m[35m (1.2ms)[0m  [1m[34mSELECT COUNT(count_column) FROM (SELECT  feeds.*,users.name AS count_column FROM `feeds` INNER JOIN `users` ON `users`.`id` = `feeds`.`user_id` WHERE (user_id IN (3)) ORDER BY id DESC LIMIT 30) subquery_for_count[0m
D, [2017-12-12T21:55:18.058617 #258] DEBUG -- : [061acfc5-388f-4674-8ffb-d755c3450795]   [1m[36mFeed Load (1.5ms)[0m  [1m[34mSELECT  feeds.*,users.name FROM `feeds` INNER JOIN `users` ON `users`.`id` = `feeds`.`user_id` WHERE (user_id IN (3)) ORDER BY id DESC LIMIT 30[0m
I, [2017-12-12T21:55:18.061645 #258]  INFO -- : [061acfc5-388f-4674-8ffb-d755c3450795] Completed 200 OK in 27ms (Views: 3.0ms | ActiveRecord: 10.3ms)
I, [2017-12-12T21:55:19.711155 #261]  INFO -- : [e4241fe2-5438-4c65-b92f-bca3f8e18b38] Started GET "/feeds/19/find_old" for 127.0.0.1 at 2017-12-12 21:55:19 +0000
I, [2017-12-12T21:55:19.711706 #261]  INFO -- : [e4241fe2-5438-4c65-b92f-bca3f8e18b38] Processing by FeedsController#find_old as */*
I, [2017-12-12T21:55:19.711768 #261]  INFO -- : [e4241fe2-5438-4c65-b92f-bca3f8e18b38]   Parameters: {"id"=>"19"}
D, [2017-12-12T21:55:19.713045 #261] DEBUG -- : [e4241fe2-5438-4c65-b92f-bca3f8e18b38]   [1m[36mUser Load (0.5ms)[0m  [1m[34mSELECT  `users`.* FROM `users` WHERE `users`.`id` = 3 LIMIT 1[0m
D, [2017-12-12T21:55:19.715360 #261] DEBUG -- : [e4241fe2-5438-4c65-b92f-bca3f8e18b38]   [1m[35m (0.8ms)[0m  [1m[34mSELECT `users`.`id` FROM `users` INNER JOIN `friends` ON `users`.`id` = `friends`.`to_user_id` WHERE `friends`.`from_user_id` = 3[0m
D, [2017-12-12T21:55:19.717210 #261] DEBUG -- : [e4241fe2-5438-4c65-b92f-bca3f8e18b38]   [1m[35m (0.5ms)[0m  [1m[34mSELECT `users`.`id` FROM `users` INNER JOIN `friends` ON `users`.`id` = `friends`.`from_user_id` WHERE `friends`.`to_user_id` = 3[0m
D, [2017-12-12T21:55:19.718974 #261] DEBUG -- : [e4241fe2-5438-4c65-b92f-bca3f8e18b38]   [1m[36mFeed Load (0.6ms)[0m  [1m[34mSELECT  feeds.*,users.name FROM `feeds` INNER JOIN `users` ON `users`.`id` = `feeds`.`user_id` WHERE (user_id IN (3) and feeds.id < 19) ORDER BY id DESC LIMIT 30[0m
I, [2017-12-12T21:55:19.719544 #261]  INFO -- : [e4241fe2-5438-4c65-b92f-bca3f8e18b38] Completed 200 OK in 8ms (Views: 0.2ms | ActiveRecord: 2.5ms)
I, [2017-12-12T21:55:20.590014 #258]  INFO -- : [db476b70-1c8d-4f99-a169-a1c4d88251ef] Started GET "/feeds/0/find_new" for 127.0.0.1 at 2017-12-12 21:55:20 +0000
I, [2017-12-12T21:55:20.590763 #258]  INFO -- : [db476b70-1c8d-4f99-a169-a1c4d88251ef] Processing by FeedsController#find_new as */*
I, [2017-12-12T21:55:20.590832 #258]  INFO -- : [db476b70-1c8d-4f99-a169-a1c4d88251ef]   Parameters: {"id"=>"0"}
D, [2017-12-12T21:55:20.592684 #258] DEBUG -- : [db476b70-1c8d-4f99-a169-a1c4d88251ef]   [1m[36mUser Load (0.7ms)[0m  [1m[34mSELECT  `users`.* FROM `users` WHERE `users`.`id` = 4 LIMIT 1[0m
D, [2017-12-12T21:55:20.597008 #258] DEBUG -- : [db476b70-1c8d-4f99-a169-a1c4d88251ef]   [1m[35m (0.6ms)[0m  [1m[34mSELECT `users`.`id` FROM `users` INNER JOIN `friends` ON `users`.`id` = `friends`.`to_user_id` WHERE `friends`.`from_user_id` = 4[0m
D, [2017-12-12T21:55:20.599484 #258] DEBUG -- : [db476b70-1c8d-4f99-a169-a1c4d88251ef]   [1m[35m (0.5ms)[0m  [1m[34mSELECT `users`.`id` FROM `users` INNER JOIN `friends` ON `users`.`id` = `friends`.`from_user_id` WHERE `friends`.`to_user_id` = 4[0m
D, [2017-12-12T21:55:20.601238 #258] DEBUG -- : [db476b70-1c8d-4f99-a169-a1c4d88251ef]   [1m[36mFeed Load (0.6ms)[0m  [1m[34mSELECT feeds.*,users.name FROM `feeds` INNER JOIN `users` ON `users`.`id` = `feeds`.`user_id` WHERE (user_id IN (4) and feeds.id > 0) ORDER BY id DESC[0m
I, [2017-12-12T21:55:20.601697 #258]  INFO -- : [db476b70-1c8d-4f99-a169-a1c4d88251ef] Completed 200 OK in 11ms (Views: 0.2ms | ActiveRecord: 2.4ms)
I, [2017-12-12T21:55:24.570378 #258]  INFO -- : [3501c75f-c6a4-4599-944c-1cfc7ce59015] Started GET "/feeds/20/find_new" for 127.0.0.1 at 2017-12-12 21:55:24 +0000
I, [2017-12-12T21:55:24.571237 #258]  INFO -- : [3501c75f-c6a4-4599-944c-1cfc7ce59015] Processing by FeedsController#find_new as */*
I, [2017-12-12T21:55:24.571361 #258]  INFO -- : [3501c75f-c6a4-4599-944c-1cfc7ce59015]   Parameters: {"id"=>"20"}
D, [2017-12-12T21:55:24.574678 #258] DEBUG -- : [3501c75f-c6a4-4599-944c-1cfc7ce59015]   [1m[36mUser Load (2.1ms)[0m  [1m[34mSELECT  `users`.* FROM `users` WHERE `users`.`id` = 3 LIMIT 1[0m
D, [2017-12-12T21:55:24.576869 #258] DEBUG -- : [3501c75f-c6a4-4599-944c-1cfc7ce59015]   [1m[35m (0.5ms)[0m  [1m[34mSELECT `users`.`id` FROM `users` INNER JOIN `friends` ON `users`.`id` = `friends`.`to_user_id` WHERE `friends`.`from_user_id` = 3[0m
D, [2017-12-12T21:55:24.578576 #258] DEBUG -- : [3501c75f-c6a4-4599-944c-1cfc7ce59015]   [1m[35m (0.4ms)[0m  [1m[34mSELECT `users`.`id` FROM `users` INNER JOIN `friends` ON `users`.`id` = `friends`.`from_user_id` WHERE `friends`.`to_user_id` = 3[0m
D, [2017-12-12T21:55:24.580239 #258] DEBUG -- : [3501c75f-c6a4-4599-944c-1cfc7ce59015]   [1m[36mFeed Load (0.5ms)[0m  [1m[34mSELECT feeds.*,users.name FROM `feeds` INNER JOIN `users` ON `users`.`id` = `feeds`.`user_id` WHERE (user_id IN (3) and feeds.id > 20) ORDER BY id DESC[0m
I, [2017-12-12T21:55:24.580771 #258]  INFO -- : [3501c75f-c6a4-4599-944c-1cfc7ce59015] Completed 200 OK in 9ms (Views: 0.2ms | ActiveRecord: 3.5ms)
I, [2017-12-12T21:55:26.718507 #261]  INFO -- : [a01ca4d9-96ed-458d-9f2a-0cf499b2f1ec] Started GET "/feeds/0/find_new" for 127.0.0.1 at 2017-12-12 21:55:26 +0000
I, [2017-12-12T21:55:26.719350 #261]  INFO -- : [a01ca4d9-96ed-458d-9f2a-0cf499b2f1ec] Processing by FeedsController#find_new as */*
I, [2017-12-12T21:55:26.719453 #261]  INFO -- : [a01ca4d9-96ed-458d-9f2a-0cf499b2f1ec]   Parameters: {"id"=>"0"}
D, [2017-12-12T21:55:26.720796 #261] DEBUG -- : [a01ca4d9-96ed-458d-9f2a-0cf499b2f1ec]   [1m[36mUser Load (0.4ms)[0m  [1m[34mSELECT  `users`.* FROM `users` WHERE `users`.`id` = 4 LIMIT 1[0m
D, [2017-12-12T21:55:26.722807 #261] DEBUG -- : [a01ca4d9-96ed-458d-9f2a-0cf499b2f1ec]   [1m[35m (0.5ms)[0m  [1m[34mSELECT `users`.`id` FROM `users` INNER JOIN `friends` ON `users`.`id` = `friends`.`to_user_id` WHERE `friends`.`from_user_id` = 4[0m
D, [2017-12-12T21:55:26.724554 #261] DEBUG -- : [a01ca4d9-96ed-458d-9f2a-0cf499b2f1ec]   [1m[35m (0.5ms)[0m  [1m[34mSELECT `users`.`id` FROM `users` INNER JOIN `friends` ON `users`.`id` = `friends`.`from_user_id` WHERE `friends`.`to_user_id` = 4[0m
D, [2017-12-12T21:55:26.725918 #261] DEBUG -- : [a01ca4d9-96ed-458d-9f2a-0cf499b2f1ec]   [1m[36mFeed Load (0.6ms)[0m  [1m[34mSELECT feeds.*,users.name FROM `feeds` INNER JOIN `users` ON `users`.`id` = `feeds`.`user_id` WHERE (user_id IN (4) and feeds.id > 0) ORDER BY id DESC[0m
I, [2017-12-12T21:55:26.726418 #261]  INFO -- : [a01ca4d9-96ed-458d-9f2a-0cf499b2f1ec] Completed 200 OK in 7ms (Views: 0.2ms | ActiveRecord: 1.9ms)
I, [2017-12-12T21:55:29.050481 #258]  INFO -- : [fe9df728-eacd-410e-8631-fff0b7c513e8] Started POST "/friends" for 127.0.0.1 at 2017-12-12 21:55:29 +0000
I, [2017-12-12T21:55:29.051484 #258]  INFO -- : [fe9df728-eacd-410e-8631-fff0b7c513e8] Processing by FriendsController#create as */*
I, [2017-12-12T21:55:29.051553 #258]  INFO -- : [fe9df728-eacd-410e-8631-fff0b7c513e8]   Parameters: {"login_id"=>"jiro"}
D, [2017-12-12T21:55:29.053085 #258] DEBUG -- : [fe9df728-eacd-410e-8631-fff0b7c513e8]   [1m[36mUser Load (0.5ms)[0m  [1m[34mSELECT  `users`.* FROM `users` WHERE `users`.`id` = 3 LIMIT 1[0m
D, [2017-12-12T21:55:29.055188 #258] DEBUG -- : [fe9df728-eacd-410e-8631-fff0b7c513e8]   [1m[36mUser Load (0.5ms)[0m  [1m[34mSELECT  `users`.* FROM `users` WHERE `users`.`login_id` = 'jiro' LIMIT 1[0m
D, [2017-12-12T21:55:29.056054 #258] DEBUG -- : [fe9df728-eacd-410e-8631-fff0b7c513e8]   [1m[35m (0.2ms)[0m  [1m[35mBEGIN[0m
D, [2017-12-12T21:55:29.063421 #258] DEBUG -- : [fe9df728-eacd-410e-8631-fff0b7c513e8]   [1m[36mCACHE User Load (0.0ms)[0m  [1m[34mSELECT  `users`.* FROM `users` WHERE `users`.`id` = 3 LIMIT 1[0m  [["id", 3], ["LIMIT", 1]]
D, [2017-12-12T21:55:29.064874 #258] DEBUG -- : [fe9df728-eacd-410e-8631-fff0b7c513e8]   [1m[36mUser Load (0.4ms)[0m  [1m[34mSELECT  `users`.* FROM `users` WHERE `users`.`id` = 4 LIMIT 1[0m
D, [2017-12-12T21:55:29.066199 #258] DEBUG -- : [fe9df728-eacd-410e-8631-fff0b7c513e8]   [1m[36mFriend Load (0.3ms)[0m  [1m[34mSELECT  `friends`.* FROM `friends` WHERE `friends`.`from_user_id` = 3 AND `friends`.`to_user_id` = 4 LIMIT 1[0m
D, [2017-12-12T21:55:29.067569 #258] DEBUG -- : [fe9df728-eacd-410e-8631-fff0b7c513e8]   [1m[35mSQL (0.4ms)[0m  [1m[32mINSERT INTO `friends` (`from_user_id`, `to_user_id`, `created_at`, `updated_at`) VALUES (3, 4, '2017-12-12 21:55:29', '2017-12-12 21:55:29')[0m
D, [2017-12-12T21:55:29.126507 #258] DEBUG -- : [fe9df728-eacd-410e-8631-fff0b7c513e8]   [1m[35m (58.2ms)[0m  [1m[35mCOMMIT[0m
I, [2017-12-12T21:55:29.127490 #258]  INFO -- : [fe9df728-eacd-410e-8631-fff0b7c513e8] Completed 200 OK in 76ms (Views: 0.3ms | ActiveRecord: 61.5ms)
I, [2017-12-12T21:55:29.175778 #261]  INFO -- : [ac049aa1-0697-46af-bbec-18a6972a8de2] Started GET "/feeds" for 127.0.0.1 at 2017-12-12 21:55:29 +0000
I, [2017-12-12T21:55:29.175889 #258]  INFO -- : [9b9d12a1-56ae-43bf-bb01-edefa5b3e8a4] Started GET "/users/3/icon" for 127.0.0.1 at 2017-12-12 21:55:29 +0000
I, [2017-12-12T21:55:29.176673 #261]  INFO -- : [ac049aa1-0697-46af-bbec-18a6972a8de2] Processing by FeedsController#index as */*
I, [2017-12-12T21:55:29.177514 #258]  INFO -- : [9b9d12a1-56ae-43bf-bb01-edefa5b3e8a4] Processing by UsersController#icon as HTML
I, [2017-12-12T21:55:29.177998 #258]  INFO -- : [9b9d12a1-56ae-43bf-bb01-edefa5b3e8a4]   Parameters: {"id"=>"3"}
D, [2017-12-12T21:55:29.179149 #261] DEBUG -- : [ac049aa1-0697-46af-bbec-18a6972a8de2]   [1m[36mUser Load (0.9ms)[0m  [1m[34mSELECT  `users`.* FROM `users` WHERE `users`.`id` = 3 LIMIT 1[0m
D, [2017-12-12T21:55:29.181539 #258] DEBUG -- : [9b9d12a1-56ae-43bf-bb01-edefa5b3e8a4]   [1m[36mUser Load (0.9ms)[0m  [1m[34mSELECT  `users`.* FROM `users` WHERE `users`.`id` = 3 LIMIT 1[0m
I, [2017-12-12T21:55:29.183669 #258]  INFO -- : [9b9d12a1-56ae-43bf-bb01-edefa5b3e8a4] Sent data  (0.6ms)
I, [2017-12-12T21:55:29.184356 #258]  INFO -- : [9b9d12a1-56ae-43bf-bb01-edefa5b3e8a4] Completed 200 OK in 5ms (Views: 0.2ms | ActiveRecord: 0.9ms)
D, [2017-12-12T21:55:29.186970 #261] DEBUG -- : [ac049aa1-0697-46af-bbec-18a6972a8de2]   [1m[35m (1.8ms)[0m  [1m[34mSELECT `users`.`id` FROM `users` INNER JOIN `friends` ON `users`.`id` = `friends`.`to_user_id` WHERE `friends`.`from_user_id` = 3[0m
D, [2017-12-12T21:55:29.191941 #261] DEBUG -- : [ac049aa1-0697-46af-bbec-18a6972a8de2]   [1m[35m (0.8ms)[0m  [1m[34mSELECT `users`.`id` FROM `users` INNER JOIN `friends` ON `users`.`id` = `friends`.`from_user_id` WHERE `friends`.`to_user_id` = 3[0m
D, [2017-12-12T21:55:29.196129 #261] DEBUG -- : [ac049aa1-0697-46af-bbec-18a6972a8de2]   [1m[35m (0.7ms)[0m  [1m[34mSELECT COUNT(count_column) FROM (SELECT  feeds.*,users.name AS count_column FROM `feeds` INNER JOIN `users` ON `users`.`id` = `feeds`.`user_id` WHERE (user_id IN (4, 3)) ORDER BY id DESC LIMIT 30) subquery_for_count[0m
D, [2017-12-12T21:55:29.197197 #261] DEBUG -- : [ac049aa1-0697-46af-bbec-18a6972a8de2]   [1m[36mFeed Load (0.5ms)[0m  [1m[34mSELECT  feeds.*,users.name FROM `feeds` INNER JOIN `users` ON `users`.`id` = `feeds`.`user_id` WHERE (user_id IN (4, 3)) ORDER BY id DESC LIMIT 30[0m
I, [2017-12-12T21:55:29.200308 #261]  INFO -- : [ac049aa1-0697-46af-bbec-18a6972a8de2] Completed 200 OK in 23ms (Views: 3.2ms | ActiveRecord: 4.7ms)
I, [2017-12-12T21:55:30.226077 #258]  INFO -- : [94201ec1-3b6b-4e18-a79e-19c26a5240a4] Started GET "/feeds/19/find_old" for 127.0.0.1 at 2017-12-12 21:55:30 +0000
I, [2017-12-12T21:55:30.226781 #258]  INFO -- : [94201ec1-3b6b-4e18-a79e-19c26a5240a4] Processing by FeedsController#find_old as */*
I, [2017-12-12T21:55:30.226871 #258]  INFO -- : [94201ec1-3b6b-4e18-a79e-19c26a5240a4]   Parameters: {"id"=>"19"}
D, [2017-12-12T21:55:30.227985 #258] DEBUG -- : [94201ec1-3b6b-4e18-a79e-19c26a5240a4]   [1m[36mUser Load (0.3ms)[0m  [1m[34mSELECT  `users`.* FROM `users` WHERE `users`.`id` = 3 LIMIT 1[0m
D, [2017-12-12T21:55:30.230059 #258] DEBUG -- : [94201ec1-3b6b-4e18-a79e-19c26a5240a4]   [1m[35m (0.4ms)[0m  [1m[34mSELECT `users`.`id` FROM `users` INNER JOIN `friends` ON `users`.`id` = `friends`.`to_user_id` WHERE `friends`.`from_user_id` = 3[0m
D, [2017-12-12T21:55:30.231643 #258] DEBUG -- : [94201ec1-3b6b-4e18-a79e-19c26a5240a4]   [1m[35m (0.4ms)[0m  [1m[34mSELECT `users`.`id` FROM `users` INNER JOIN `friends` ON `users`.`id` = `friends`.`from_user_id` WHERE `friends`.`to_user_id` = 3[0m
D, [2017-12-12T21:55:30.233347 #258] DEBUG -- : [94201ec1-3b6b-4e18-a79e-19c26a5240a4]   [1m[36mFeed Load (0.6ms)[0m  [1m[34mSELECT  feeds.*,users.name FROM `feeds` INNER JOIN `users` ON `users`.`id` = `feeds`.`user_id` WHERE (user_id IN (4, 3) and feeds.id < 19) ORDER BY id DESC LIMIT 30[0m
I, [2017-12-12T21:55:30.234126 #258]  INFO -- : [94201ec1-3b6b-4e18-a79e-19c26a5240a4] Completed 200 OK in 7ms (Views: 0.2ms | ActiveRecord: 1.7ms)
I, [2017-12-12T21:55:32.773430 #261]  INFO -- : [1b6081d3-a2ee-4679-b8fd-88568da7e3a5] Started GET "/feeds/0/find_new" for 127.0.0.1 at 2017-12-12 21:55:32 +0000
I, [2017-12-12T21:55:32.774321 #261]  INFO -- : [1b6081d3-a2ee-4679-b8fd-88568da7e3a5] Processing by FeedsController#find_new as */*
I, [2017-12-12T21:55:32.774396 #261]  INFO -- : [1b6081d3-a2ee-4679-b8fd-88568da7e3a5]   Parameters: {"id"=>"0"}
D, [2017-12-12T21:55:32.775478 #261] DEBUG -- : [1b6081d3-a2ee-4679-b8fd-88568da7e3a5]   [1m[36mUser Load (0.3ms)[0m  [1m[34mSELECT  `users`.* FROM `users` WHERE `users`.`id` = 4 LIMIT 1[0m
D, [2017-12-12T21:55:32.777459 #261] DEBUG -- : [1b6081d3-a2ee-4679-b8fd-88568da7e3a5]   [1m[35m (0.4ms)[0m  [1m[34mSELECT `users`.`id` FROM `users` INNER JOIN `friends` ON `users`.`id` = `friends`.`to_user_id` WHERE `friends`.`from_user_id` = 4[0m
D, [2017-12-12T21:55:32.780363 #261] DEBUG -- : [1b6081d3-a2ee-4679-b8fd-88568da7e3a5]   [1m[35m (0.5ms)[0m  [1m[34mSELECT `users`.`id` FROM `users` INNER JOIN `friends` ON `users`.`id` = `friends`.`from_user_id` WHERE `friends`.`to_user_id` = 4[0m
D, [2017-12-12T21:55:32.781836 #261] DEBUG -- : [1b6081d3-a2ee-4679-b8fd-88568da7e3a5]   [1m[36mFeed Load (0.5ms)[0m  [1m[34mSELECT feeds.*,users.name FROM `feeds` INNER JOIN `users` ON `users`.`id` = `feeds`.`user_id` WHERE (user_id IN (3, 4) and feeds.id > 0) ORDER BY id DESC[0m
I, [2017-12-12T21:55:32.783101 #261]  INFO -- : [1b6081d3-a2ee-4679-b8fd-88568da7e3a5] Completed 200 OK in 9ms (Views: 0.2ms | ActiveRecord: 1.7ms)
I, [2017-12-12T21:55:35.191681 #258]  INFO -- : [839abcc5-215f-4b5a-9b7b-f7cffbfc37d8] Started GET "/feeds/20/find_new" for 127.0.0.1 at 2017-12-12 21:55:35 +0000
I, [2017-12-12T21:55:35.192220 #258]  INFO -- : [839abcc5-215f-4b5a-9b7b-f7cffbfc37d8] Processing by FeedsController#find_new as */*
I, [2017-12-12T21:55:35.192285 #258]  INFO -- : [839abcc5-215f-4b5a-9b7b-f7cffbfc37d8]   Parameters: {"id"=>"20"}
D, [2017-12-12T21:55:35.193396 #258] DEBUG -- : [839abcc5-215f-4b5a-9b7b-f7cffbfc37d8]   [1m[36mUser Load (0.3ms)[0m  [1m[34mSELECT  `users`.* FROM `users` WHERE `users`.`id` = 3 LIMIT 1[0m
D, [2017-12-12T21:55:35.195417 #258] DEBUG -- : [839abcc5-215f-4b5a-9b7b-f7cffbfc37d8]   [1m[35m (0.4ms)[0m  [1m[34mSELECT `users`.`id` FROM `users` INNER JOIN `friends` ON `users`.`id` = `friends`.`to_user_id` WHERE `friends`.`from_user_id` = 3[0m
D, [2017-12-12T21:55:35.197023 #258] DEBUG -- : [839abcc5-215f-4b5a-9b7b-f7cffbfc37d8]   [1m[35m (0.4ms)[0m  [1m[34mSELECT `users`.`id` FROM `users` INNER JOIN `friends` ON `users`.`id` = `friends`.`from_user_id` WHERE `friends`.`to_user_id` = 3[0m
D, [2017-12-12T21:55:35.198239 #258] DEBUG -- : [839abcc5-215f-4b5a-9b7b-f7cffbfc37d8]   [1m[36mFeed Load (0.4ms)[0m  [1m[34mSELECT feeds.*,users.name FROM `feeds` INNER JOIN `users` ON `users`.`id` = `feeds`.`user_id` WHERE (user_id IN (4, 3) and feeds.id > 20) ORDER BY id DESC[0m
I, [2017-12-12T21:55:35.198649 #258]  INFO -- : [839abcc5-215f-4b5a-9b7b-f7cffbfc37d8] Completed 200 OK in 6ms (Views: 0.1ms | ActiveRecord: 1.5ms)
I, [2017-12-12T21:55:38.660145 #261]  INFO -- : [0e10baa4-7599-445b-af5d-ada44a9794ef] Started GET "/feeds/0/find_new" for 127.0.0.1 at 2017-12-12 21:55:38 +0000
I, [2017-12-12T21:55:38.661079 #261]  INFO -- : [0e10baa4-7599-445b-af5d-ada44a9794ef] Processing by FeedsController#find_new as */*
I, [2017-12-12T21:55:38.661210 #261]  INFO -- : [0e10baa4-7599-445b-af5d-ada44a9794ef]   Parameters: {"id"=>"0"}
D, [2017-12-12T21:55:38.664034 #261] DEBUG -- : [0e10baa4-7599-445b-af5d-ada44a9794ef]   [1m[36mUser Load (0.7ms)[0m  [1m[34mSELECT  `users`.* FROM `users` WHERE `users`.`id` = 4 LIMIT 1[0m
D, [2017-12-12T21:55:38.666044 #261] DEBUG -- : [0e10baa4-7599-445b-af5d-ada44a9794ef]   [1m[35m (0.4ms)[0m  [1m[34mSELECT `users`.`id` FROM `users` INNER JOIN `friends` ON `users`.`id` = `friends`.`to_user_id` WHERE `friends`.`from_user_id` = 4[0m
D, [2017-12-12T21:55:38.667643 #261] DEBUG -- : [0e10baa4-7599-445b-af5d-ada44a9794ef]   [1m[35m (0.4ms)[0m  [1m[34mSELECT `users`.`id` FROM `users` INNER JOIN `friends` ON `users`.`id` = `friends`.`from_user_id` WHERE `friends`.`to_user_id` = 4[0m
D, [2017-12-12T21:55:38.668980 #261] DEBUG -- : [0e10baa4-7599-445b-af5d-ada44a9794ef]   [1m[36mFeed Load (0.5ms)[0m  [1m[34mSELECT feeds.*,users.name FROM `feeds` INNER JOIN `users` ON `users`.`id` = `feeds`.`user_id` WHERE (user_id IN (3, 4) and feeds.id > 0) ORDER BY id DESC[0m
I, [2017-12-12T21:55:38.670461 #261]  INFO -- : [0e10baa4-7599-445b-af5d-ada44a9794ef] Completed 200 OK in 9ms (Views: 0.3ms | ActiveRecord: 2.1ms)
I, [2017-12-12T21:55:39.048190 #261]  INFO -- : [1e637894-5e0e-4d41-b78f-b231384b1534] Started POST "/feeds" for 127.0.0.1 at 2017-12-12 21:55:39 +0000
I, [2017-12-12T21:55:39.049048 #261]  INFO -- : [1e637894-5e0e-4d41-b78f-b231384b1534] Processing by FeedsController#create as */*
I, [2017-12-12T21:55:39.049148 #261]  INFO -- : [1e637894-5e0e-4d41-b78f-b231384b1534]   Parameters: {"comment"=>"ã“ã‚“ã«ã¡ã¯ãƒ¼ã€‚å¥½ããªé£Ÿã¹ç‰©ã¯ãƒ©ãƒ¼ãƒ¡ãƒ³ã£ã™ã€‚", "feed_type"=>"text"}
D, [2017-12-12T21:55:39.050380 #261] DEBUG -- : [1e637894-5e0e-4d41-b78f-b231384b1534]   [1m[36mUser Load (0.4ms)[0m  [1m[34mSELECT  `users`.* FROM `users` WHERE `users`.`id` = 4 LIMIT 1[0m
D, [2017-12-12T21:55:39.051337 #261] DEBUG -- : [1e637894-5e0e-4d41-b78f-b231384b1534]   [1m[35m (0.2ms)[0m  [1m[35mBEGIN[0m
D, [2017-12-12T21:55:39.054268 #261] DEBUG -- : [1e637894-5e0e-4d41-b78f-b231384b1534]   [1m[35mSQL (0.4ms)[0m  [1m[32mINSERT INTO `feeds` (`feed_type`, `user_id`, `comment`, `created_at`, `updated_at`) VALUES ('text', 4, 'ã“ã‚“ã«ã¡ã¯ãƒ¼ã€‚å¥½ããªé£Ÿã¹ç‰©ã¯ãƒ©ãƒ¼ãƒ¡ãƒ³ã£ã™ã€‚', '2017-12-12 21:55:39', '2017-12-12 21:55:39')[0m
D, [2017-12-12T21:55:39.098969 #261] DEBUG -- : [1e637894-5e0e-4d41-b78f-b231384b1534]   [1m[35m (44.1ms)[0m  [1m[35mCOMMIT[0m
I, [2017-12-12T21:55:39.099556 #261]  INFO -- : [1e637894-5e0e-4d41-b78f-b231384b1534] Completed 200 OK in 50ms (Views: 0.2ms | ActiveRecord: 45.1ms)
I, [2017-12-12T21:55:39.178722 #261]  INFO -- : [3831ab23-6f4b-45a3-9e3b-32a99abdc211] Started GET "/users/4/icon" for 127.0.0.1 at 2017-12-12 21:55:39 +0000
I, [2017-12-12T21:55:39.178983 #258]  INFO -- : [153862c7-86c3-4c5e-a9be-9adaef450fcf] Started GET "/feeds" for 127.0.0.1 at 2017-12-12 21:55:39 +0000
I, [2017-12-12T21:55:39.179587 #261]  INFO -- : [3831ab23-6f4b-45a3-9e3b-32a99abdc211] Processing by UsersController#icon as */*
I, [2017-12-12T21:55:39.179669 #261]  INFO -- : [3831ab23-6f4b-45a3-9e3b-32a99abdc211]   Parameters: {"id"=>"4"}
I, [2017-12-12T21:55:39.179974 #258]  INFO -- : [153862c7-86c3-4c5e-a9be-9adaef450fcf] Processing by FeedsController#index as */*
D, [2017-12-12T21:55:39.180635 #261] DEBUG -- : [3831ab23-6f4b-45a3-9e3b-32a99abdc211]   [1m[36mUser Load (0.3ms)[0m  [1m[34mSELECT  `users`.* FROM `users` WHERE `users`.`id` = 4 LIMIT 1[0m
D, [2017-12-12T21:55:39.181787 #258] DEBUG -- : [153862c7-86c3-4c5e-a9be-9adaef450fcf]   [1m[36mUser Load (0.5ms)[0m  [1m[34mSELECT  `users`.* FROM `users` WHERE `users`.`id` = 4 LIMIT 1[0m
I, [2017-12-12T21:55:39.181829 #261]  INFO -- : [3831ab23-6f4b-45a3-9e3b-32a99abdc211] Sent data  (0.6ms)
I, [2017-12-12T21:55:39.182017 #261]  INFO -- : [3831ab23-6f4b-45a3-9e3b-32a99abdc211] Completed 200 OK in 2ms (Views: 0.1ms | ActiveRecord: 0.3ms)
D, [2017-12-12T21:55:39.184819 #258] DEBUG -- : [153862c7-86c3-4c5e-a9be-9adaef450fcf]   [1m[35m (0.8ms)[0m  [1m[34mSELECT `users`.`id` FROM `users` INNER JOIN `friends` ON `users`.`id` = `friends`.`to_user_id` WHERE `friends`.`from_user_id` = 4[0m
D, [2017-12-12T21:55:39.187106 #258] DEBUG -- : [153862c7-86c3-4c5e-a9be-9adaef450fcf]   [1m[35m (0.6ms)[0m  [1m[34mSELECT `users`.`id` FROM `users` INNER JOIN `friends` ON `users`.`id` = `friends`.`from_user_id` WHERE `friends`.`to_user_id` = 4[0m
D, [2017-12-12T21:55:39.189670 #258] DEBUG -- : [153862c7-86c3-4c5e-a9be-9adaef450fcf]   [1m[35m (1.0ms)[0m  [1m[34mSELECT COUNT(count_column) FROM (SELECT  feeds.*,users.name AS count_column FROM `feeds` INNER JOIN `users` ON `users`.`id` = `feeds`.`user_id` WHERE (user_id IN (3, 4)) ORDER BY id DESC LIMIT 30) subquery_for_count[0m
D, [2017-12-12T21:55:39.191383 #258] DEBUG -- : [153862c7-86c3-4c5e-a9be-9adaef450fcf]   [1m[36mFeed Load (0.8ms)[0m  [1m[34mSELECT  feeds.*,users.name FROM `feeds` INNER JOIN `users` ON `users`.`id` = `feeds`.`user_id` WHERE (user_id IN (3, 4)) ORDER BY id DESC LIMIT 30[0m
I, [2017-12-12T21:55:39.193863 #258]  INFO -- : [153862c7-86c3-4c5e-a9be-9adaef450fcf] Completed 200 OK in 14ms (Views: 2.9ms | ActiveRecord: 3.7ms)
I, [2017-12-12T21:55:39.251789 #261]  INFO -- : [e630ecbc-c19b-4063-be8e-9107d80f78a7] Started GET "/users/3/icon" for 127.0.0.1 at 2017-12-12 21:55:39 +0000
I, [2017-12-12T21:55:39.252432 #261]  INFO -- : [e630ecbc-c19b-4063-be8e-9107d80f78a7] Processing by UsersController#icon as */*
I, [2017-12-12T21:55:39.252514 #261]  INFO -- : [e630ecbc-c19b-4063-be8e-9107d80f78a7]   Parameters: {"id"=>"3"}
D, [2017-12-12T21:55:39.253510 #261] DEBUG -- : [e630ecbc-c19b-4063-be8e-9107d80f78a7]   [1m[36mUser Load (0.4ms)[0m  [1m[34mSELECT  `users`.* FROM `users` WHERE `users`.`id` = 3 LIMIT 1[0m
I, [2017-12-12T21:55:39.254087 #261]  INFO -- : [e630ecbc-c19b-4063-be8e-9107d80f78a7] Sent data  (0.2ms)
I, [2017-12-12T21:55:39.254199 #261]  INFO -- : [e630ecbc-c19b-4063-be8e-9107d80f78a7] Completed 200 OK in 2ms (Views: 0.1ms | ActiveRecord: 0.4ms)
I, [2017-12-12T21:55:40.255777 #258]  INFO -- : [4ec90cd4-cfae-40d5-a748-4a3da8d90650] Started GET "/feeds/19/find_old" for 127.0.0.1 at 2017-12-12 21:55:40 +0000
I, [2017-12-12T21:55:40.256623 #258]  INFO -- : [4ec90cd4-cfae-40d5-a748-4a3da8d90650] Processing by FeedsController#find_old as */*
I, [2017-12-12T21:55:40.256718 #258]  INFO -- : [4ec90cd4-cfae-40d5-a748-4a3da8d90650]   Parameters: {"id"=>"19"}
D, [2017-12-12T21:55:40.258422 #258] DEBUG -- : [4ec90cd4-cfae-40d5-a748-4a3da8d90650]   [1m[36mUser Load (0.5ms)[0m  [1m[34mSELECT  `users`.* FROM `users` WHERE `users`.`id` = 4 LIMIT 1[0m
D, [2017-12-12T21:55:40.261367 #258] DEBUG -- : [4ec90cd4-cfae-40d5-a748-4a3da8d90650]   [1m[35m (0.6ms)[0m  [1m[34mSELECT `users`.`id` FROM `users` INNER JOIN `friends` ON `users`.`id` = `friends`.`to_user_id` WHERE `friends`.`from_user_id` = 4[0m
D, [2017-12-12T21:55:40.264132 #258] DEBUG -- : [4ec90cd4-cfae-40d5-a748-4a3da8d90650]   [1m[35m (0.6ms)[0m  [1m[34mSELECT `users`.`id` FROM `users` INNER JOIN `friends` ON `users`.`id` = `friends`.`from_user_id` WHERE `friends`.`to_user_id` = 4[0m
D, [2017-12-12T21:55:40.266704 #258] DEBUG -- : [4ec90cd4-cfae-40d5-a748-4a3da8d90650]   [1m[36mFeed Load (1.0ms)[0m  [1m[34mSELECT  feeds.*,users.name FROM `feeds` INNER JOIN `users` ON `users`.`id` = `feeds`.`user_id` WHERE (user_id IN (3, 4) and feeds.id < 19) ORDER BY id DESC LIMIT 30[0m
I, [2017-12-12T21:55:40.267503 #258]  INFO -- : [4ec90cd4-cfae-40d5-a748-4a3da8d90650] Completed 200 OK in 11ms (Views: 0.2ms | ActiveRecord: 2.8ms)
I, [2017-12-12T21:55:41.076836 #261]  INFO -- : [3cf3f8e4-f990-495b-aabb-5222b23a138c] Started GET "/feeds/20/find_new" for 127.0.0.1 at 2017-12-12 21:55:41 +0000
I, [2017-12-12T21:55:41.077398 #261]  INFO -- : [3cf3f8e4-f990-495b-aabb-5222b23a138c] Processing by FeedsController#find_new as */*
I, [2017-12-12T21:55:41.077458 #261]  INFO -- : [3cf3f8e4-f990-495b-aabb-5222b23a138c]   Parameters: {"id"=>"20"}
D, [2017-12-12T21:55:41.078890 #261] DEBUG -- : [3cf3f8e4-f990-495b-aabb-5222b23a138c]   [1m[36mUser Load (0.5ms)[0m  [1m[34mSELECT  `users`.* FROM `users` WHERE `users`.`id` = 3 LIMIT 1[0m
D, [2017-12-12T21:55:41.082670 #261] DEBUG -- : [3cf3f8e4-f990-495b-aabb-5222b23a138c]   [1m[35m (0.6ms)[0m  [1m[34mSELECT `users`.`id` FROM `users` INNER JOIN `friends` ON `users`.`id` = `friends`.`to_user_id` WHERE `friends`.`from_user_id` = 3[0m
D, [2017-12-12T21:55:41.085098 #261] DEBUG -- : [3cf3f8e4-f990-495b-aabb-5222b23a138c]   [1m[35m (0.4ms)[0m  [1m[34mSELECT `users`.`id` FROM `users` INNER JOIN `friends` ON `users`.`id` = `friends`.`from_user_id` WHERE `friends`.`to_user_id` = 3[0m
D, [2017-12-12T21:55:41.086529 #261] DEBUG -- : [3cf3f8e4-f990-495b-aabb-5222b23a138c]   [1m[36mFeed Load (0.5ms)[0m  [1m[34mSELECT feeds.*,users.name FROM `feeds` INNER JOIN `users` ON `users`.`id` = `feeds`.`user_id` WHERE (user_id IN (4, 3) and feeds.id > 20) ORDER BY id DESC[0m
I, [2017-12-12T21:55:41.087165 #261]  INFO -- : [3cf3f8e4-f990-495b-aabb-5222b23a138c] Completed 200 OK in 10ms (Views: 0.2ms | ActiveRecord: 2.0ms)
I, [2017-12-12T21:55:42.309124 #258]  INFO -- : [e4b2ad6a-4a30-474d-85a8-aa2338e6f100] Started GET "/feeds/20/find_new?include_items=1" for 127.0.0.1 at 2017-12-12 21:55:42 +0000
I, [2017-12-12T21:55:42.309837 #258]  INFO -- : [e4b2ad6a-4a30-474d-85a8-aa2338e6f100] Processing by FeedsController#find_new as */*
I, [2017-12-12T21:55:42.309943 #258]  INFO -- : [e4b2ad6a-4a30-474d-85a8-aa2338e6f100]   Parameters: {"include_items"=>"1", "id"=>"20"}
D, [2017-12-12T21:55:42.312102 #258] DEBUG -- : [e4b2ad6a-4a30-474d-85a8-aa2338e6f100]   [1m[36mUser Load (1.0ms)[0m  [1m[34mSELECT  `users`.* FROM `users` WHERE `users`.`id` = 3 LIMIT 1[0m
D, [2017-12-12T21:55:42.315261 #258] DEBUG -- : [e4b2ad6a-4a30-474d-85a8-aa2338e6f100]   [1m[35m (1.2ms)[0m  [1m[34mSELECT `users`.`id` FROM `users` INNER JOIN `friends` ON `users`.`id` = `friends`.`to_user_id` WHERE `friends`.`from_user_id` = 3[0m
D, [2017-12-12T21:55:42.318395 #258] DEBUG -- : [e4b2ad6a-4a30-474d-85a8-aa2338e6f100]   [1m[35m (0.8ms)[0m  [1m[34mSELECT `users`.`id` FROM `users` INNER JOIN `friends` ON `users`.`id` = `friends`.`from_user_id` WHERE `friends`.`to_user_id` = 3[0m
D, [2017-12-12T21:55:42.320932 #258] DEBUG -- : [e4b2ad6a-4a30-474d-85a8-aa2338e6f100]   [1m[36mFeed Load (1.0ms)[0m  [1m[34mSELECT feeds.*,users.name FROM `feeds` INNER JOIN `users` ON `users`.`id` = `feeds`.`user_id` WHERE (user_id IN (4, 3) and feeds.id > 20) ORDER BY id DESC[0m
I, [2017-12-12T21:55:42.322191 #258]  INFO -- : [e4b2ad6a-4a30-474d-85a8-aa2338e6f100] Completed 200 OK in 12ms (Views: 0.7ms | ActiveRecord: 3.9ms)
I, [2017-12-12T21:55:42.327421 #258]  INFO -- : [d8d59b69-9110-40d6-91d2-8d4fdfba80d2] Started GET "/users/4/icon" for 127.0.0.1 at 2017-12-12 21:55:42 +0000
I, [2017-12-12T21:55:42.328664 #258]  INFO -- : [d8d59b69-9110-40d6-91d2-8d4fdfba80d2] Processing by UsersController#icon as HTML
I, [2017-12-12T21:55:42.328880 #258]  INFO -- : [d8d59b69-9110-40d6-91d2-8d4fdfba80d2]   Parameters: {"id"=>"4"}
D, [2017-12-12T21:55:42.331065 #258] DEBUG -- : [d8d59b69-9110-40d6-91d2-8d4fdfba80d2]   [1m[36mUser Load (0.7ms)[0m  [1m[34mSELECT  `users`.* FROM `users` WHERE `users`.`id` = 4 LIMIT 1[0m
I, [2017-12-12T21:55:42.333186 #258]  INFO -- : [d8d59b69-9110-40d6-91d2-8d4fdfba80d2] Sent data  (1.0ms)
I, [2017-12-12T21:55:42.333694 #258]  INFO -- : [d8d59b69-9110-40d6-91d2-8d4fdfba80d2] Completed 200 OK in 5ms (Views: 0.2ms | ActiveRecord: 0.7ms)
I, [2017-12-12T21:55:45.361834 #258]  INFO -- : [5e81b65f-3bcc-4da1-80d8-fdcf46ed6e4d] Started GET "/feeds/21/find_new" for 127.0.0.1 at 2017-12-12 21:55:45 +0000
I, [2017-12-12T21:55:45.363871 #258]  INFO -- : [5e81b65f-3bcc-4da1-80d8-fdcf46ed6e4d] Processing by FeedsController#find_new as */*
I, [2017-12-12T21:55:45.364211 #258]  INFO -- : [5e81b65f-3bcc-4da1-80d8-fdcf46ed6e4d]   Parameters: {"id"=>"21"}
D, [2017-12-12T21:55:45.368603 #258] DEBUG -- : [5e81b65f-3bcc-4da1-80d8-fdcf46ed6e4d]   [1m[36mUser Load (0.5ms)[0m  [1m[34mSELECT  `users`.* FROM `users` WHERE `users`.`id` = 4 LIMIT 1[0m
D, [2017-12-12T21:55:45.371291 #258] DEBUG -- : [5e81b65f-3bcc-4da1-80d8-fdcf46ed6e4d]   [1m[35m (0.5ms)[0m  [1m[34mSELECT `users`.`id` FROM `users` INNER JOIN `friends` ON `users`.`id` = `friends`.`to_user_id` WHERE `friends`.`from_user_id` = 4[0m
D, [2017-12-12T21:55:45.373165 #258] DEBUG -- : [5e81b65f-3bcc-4da1-80d8-fdcf46ed6e4d]   [1m[35m (0.6ms)[0m  [1m[34mSELECT `users`.`id` FROM `users` INNER JOIN `friends` ON `users`.`id` = `friends`.`from_user_id` WHERE `friends`.`to_user_id` = 4[0m
D, [2017-12-12T21:55:45.374618 #258] DEBUG -- : [5e81b65f-3bcc-4da1-80d8-fdcf46ed6e4d]   [1m[36mFeed Load (0.6ms)[0m  [1m[34mSELECT feeds.*,users.name FROM `feeds` INNER JOIN `users` ON `users`.`id` = `feeds`.`user_id` WHERE (user_id IN (3, 4) and feeds.id > 21) ORDER BY id DESC[0m
I, [2017-12-12T21:55:45.375110 #258]  INFO -- : [5e81b65f-3bcc-4da1-80d8-fdcf46ed6e4d] Completed 200 OK in 11ms (Views: 0.2ms | ActiveRecord: 2.3ms)
I, [2017-12-12T21:55:45.505776 #261]  INFO -- : [72ba6855-d5f2-47f9-982d-d2d8f8f0a910] Started DELETE "/sessions" for 127.0.0.1 at 2017-12-12 21:55:45 +0000
I, [2017-12-12T21:55:45.506827 #261]  INFO -- : [72ba6855-d5f2-47f9-982d-d2d8f8f0a910] Processing by SessionsController#clear as */*
D, [2017-12-12T21:55:45.512991 #261] DEBUG -- : [72ba6855-d5f2-47f9-982d-d2d8f8f0a910]   [1m[36mUser Load (0.9ms)[0m  [1m[34mSELECT  `users`.* FROM `users` WHERE `users`.`id` = 3 LIMIT 1[0m
I, [2017-12-12T21:55:45.514236 #261]  INFO -- : [72ba6855-d5f2-47f9-982d-d2d8f8f0a910] Completed 200 OK in 7ms (Views: 0.2ms | ActiveRecord: 0.9ms)
I, [2017-12-12T21:55:51.282612 #258]  INFO -- : [cd884710-5ccc-4dfe-aa13-8231d604c92d] Started GET "/feeds/21/find_new" for 127.0.0.1 at 2017-12-12 21:55:51 +0000
I, [2017-12-12T21:55:51.283904 #258]  INFO -- : [cd884710-5ccc-4dfe-aa13-8231d604c92d] Processing by FeedsController#find_new as */*
I, [2017-12-12T21:55:51.284075 #258]  INFO -- : [cd884710-5ccc-4dfe-aa13-8231d604c92d]   Parameters: {"id"=>"21"}
D, [2017-12-12T21:55:51.286372 #258] DEBUG -- : [cd884710-5ccc-4dfe-aa13-8231d604c92d]   [1m[36mUser Load (0.6ms)[0m  [1m[34mSELECT  `users`.* FROM `users` WHERE `users`.`id` = 4 LIMIT 1[0m
D, [2017-12-12T21:55:51.290480 #258] DEBUG -- : [cd884710-5ccc-4dfe-aa13-8231d604c92d]   [1m[35m (0.6ms)[0m  [1m[34mSELECT `users`.`id` FROM `users` INNER JOIN `friends` ON `users`.`id` = `friends`.`to_user_id` WHERE `friends`.`from_user_id` = 4[0m
D, [2017-12-12T21:55:51.293835 #258] DEBUG -- : [cd884710-5ccc-4dfe-aa13-8231d604c92d]   [1m[35m (0.6ms)[0m  [1m[34mSELECT `users`.`id` FROM `users` INNER JOIN `friends` ON `users`.`id` = `friends`.`from_user_id` WHERE `friends`.`to_user_id` = 4[0m
D, [2017-12-12T21:55:51.295502 #258] DEBUG -- : [cd884710-5ccc-4dfe-aa13-8231d604c92d]   [1m[36mFeed Load (0.6ms)[0m  [1m[34mSELECT feeds.*,users.name FROM `feeds` INNER JOIN `users` ON `users`.`id` = `feeds`.`user_id` WHERE (user_id IN (3, 4) and feeds.id > 21) ORDER BY id DESC[0m
I, [2017-12-12T21:55:51.296410 #258]  INFO -- : [cd884710-5ccc-4dfe-aa13-8231d604c92d] Completed 200 OK in 12ms (Views: 0.2ms | ActiveRecord: 2.4ms)
I, [2017-12-12T21:55:57.252352 #258]  INFO -- : [19c384a5-ad33-4351-b2a3-157f25994bdf] Started GET "/feeds/21/find_new" for 127.0.0.1 at 2017-12-12 21:55:57 +0000
I, [2017-12-12T21:55:57.253276 #258]  INFO -- : [19c384a5-ad33-4351-b2a3-157f25994bdf] Processing by FeedsController#find_new as */*
I, [2017-12-12T21:55:57.253383 #258]  INFO -- : [19c384a5-ad33-4351-b2a3-157f25994bdf]   Parameters: {"id"=>"21"}
D, [2017-12-12T21:55:57.255037 #258] DEBUG -- : [19c384a5-ad33-4351-b2a3-157f25994bdf]   [1m[36mUser Load (0.5ms)[0m  [1m[34mSELECT  `users`.* FROM `users` WHERE `users`.`id` = 4 LIMIT 1[0m
D, [2017-12-12T21:55:57.258583 #258] DEBUG -- : [19c384a5-ad33-4351-b2a3-157f25994bdf]   [1m[35m (0.6ms)[0m  [1m[34mSELECT `users`.`id` FROM `users` INNER JOIN `friends` ON `users`.`id` = `friends`.`to_user_id` WHERE `friends`.`from_user_id` = 4[0m
D, [2017-12-12T21:55:57.261196 #258] DEBUG -- : [19c384a5-ad33-4351-b2a3-157f25994bdf]   [1m[35m (0.5ms)[0m  [1m[34mSELECT `users`.`id` FROM `users` INNER JOIN `friends` ON `users`.`id` = `friends`.`from_user_id` WHERE `friends`.`to_user_id` = 4[0m
D, [2017-12-12T21:55:57.262566 #258] DEBUG -- : [19c384a5-ad33-4351-b2a3-157f25994bdf]   [1m[36mFeed Load (0.5ms)[0m  [1m[34mSELECT feeds.*,users.name FROM `feeds` INNER JOIN `users` ON `users`.`id` = `feeds`.`user_id` WHERE (user_id IN (3, 4) and feeds.id > 21) ORDER BY id DESC[0m
I, [2017-12-12T21:55:57.262986 #258]  INFO -- : [19c384a5-ad33-4351-b2a3-157f25994bdf] Completed 200 OK in 9ms (Views: 0.1ms | ActiveRecord: 2.0ms)
I, [2017-12-12T21:56:03.155338 #258]  INFO -- : [5dd60812-9741-46b7-a6f8-c16ade653549] Started POST "/users" for 127.0.0.1 at 2017-12-12 21:56:03 +0000
I, [2017-12-12T21:56:03.156209 #258]  INFO -- : [5dd60812-9741-46b7-a6f8-c16ade653549] Processing by UsersController#create as */*
I, [2017-12-12T21:56:03.156288 #258]  INFO -- : [5dd60812-9741-46b7-a6f8-c16ade653549]   Parameters: {"login_id"=>"saburo", "name"=>"ã•ã¶ã‚ã†", "pass"=>"hEZzv9AG", "icon_file_name"=>""}
D, [2017-12-12T21:56:03.157524 #258] DEBUG -- : [5dd60812-9741-46b7-a6f8-c16ade653549]   [1m[35m (0.3ms)[0m  [1m[35mBEGIN[0m
D, [2017-12-12T21:56:03.158704 #258] DEBUG -- : [5dd60812-9741-46b7-a6f8-c16ade653549]   [1m[36mUser Exists (0.4ms)[0m  [1m[34mSELECT  1 AS one FROM `users` WHERE `users`.`login_id` = BINARY 'saburo' LIMIT 1[0m
D, [2017-12-12T21:56:03.160361 #258] DEBUG -- : [5dd60812-9741-46b7-a6f8-c16ade653549]   [1m[35mSQL (0.4ms)[0m  [1m[32mINSERT INTO `users` (`login_id`, `name`, `pass`, `icon_file_name`, `created_at`, `updated_at`) VALUES ('saburo', 'ã•ã¶ã‚ã†', 'e7d01253b2b10a96943736b83c018b6f8c007b96f47f44f3e8af9cc21e0465f8', '', '2017-12-12 21:56:03', '2017-12-12 21:56:03')[0m
D, [2017-12-12T21:56:03.186618 #258] DEBUG -- : [5dd60812-9741-46b7-a6f8-c16ade653549]   [1m[35m (25.7ms)[0m  [1m[35mCOMMIT[0m
D, [2017-12-12T21:56:03.187662 #258] DEBUG -- : [5dd60812-9741-46b7-a6f8-c16ade653549]   [1m[36mUser Load (0.4ms)[0m  [1m[34mSELECT  `users`.* FROM `users` WHERE (login_id = 'saburo') LIMIT 1[0m
D, [2017-12-12T21:56:03.188825 #258] DEBUG -- : [5dd60812-9741-46b7-a6f8-c16ade653549]   [1m[35m (0.3ms)[0m  [1m[35mBEGIN[0m
D, [2017-12-12T21:56:03.191557 #258] DEBUG -- : [5dd60812-9741-46b7-a6f8-c16ade653549]   [1m[36mUser Exists (0.7ms)[0m  [1m[34mSELECT  1 AS one FROM `users` WHERE `users`.`login_id` = BINARY 'saburo' AND (`users`.`id` != 5) LIMIT 1[0m
D, [2017-12-12T21:56:03.194054 #258] DEBUG -- : [5dd60812-9741-46b7-a6f8-c16ade653549]   [1m[35mSQL (0.7ms)[0m  [1m[33mUPDATE `users` SET `icon_file_name` = 'presets/5.png' WHERE `users`.`id` = 5[0m
D, [2017-12-12T21:56:03.217867 #258] DEBUG -- : [5dd60812-9741-46b7-a6f8-c16ade653549]   [1m[35m (23.2ms)[0m  [1m[35mCOMMIT[0m
I, [2017-12-12T21:56:03.218802 #258]  INFO -- : [5dd60812-9741-46b7-a6f8-c16ade653549] Completed 200 OK in 62ms (Views: 0.2ms | ActiveRecord: 52.0ms)
I, [2017-12-12T21:56:03.264459 #261]  INFO -- : [a21165b6-23d1-459a-a044-e0f8357693a1] Started GET "/feeds/21/find_new" for 127.0.0.1 at 2017-12-12 21:56:03 +0000
I, [2017-12-12T21:56:03.266666 #261]  INFO -- : [a21165b6-23d1-459a-a044-e0f8357693a1] Processing by FeedsController#find_new as */*
I, [2017-12-12T21:56:03.266998 #261]  INFO -- : [a21165b6-23d1-459a-a044-e0f8357693a1]   Parameters: {"id"=>"21"}
D, [2017-12-12T21:56:03.269801 #261] DEBUG -- : [a21165b6-23d1-459a-a044-e0f8357693a1]   [1m[36mUser Load (0.7ms)[0m  [1m[34mSELECT  `users`.* FROM `users` WHERE `users`.`id` = 4 LIMIT 1[0m
D, [2017-12-12T21:56:03.273855 #261] DEBUG -- : [a21165b6-23d1-459a-a044-e0f8357693a1]   [1m[35m (1.2ms)[0m  [1m[34mSELECT `users`.`id` FROM `users` INNER JOIN `friends` ON `users`.`id` = `friends`.`to_user_id` WHERE `friends`.`from_user_id` = 4[0m
I, [2017-12-12T21:56:03.274117 #258]  INFO -- : [4b335c1e-1dd0-496d-9b41-3167d2770a71] Started GET "/feeds" for 127.0.0.1 at 2017-12-12 21:56:03 +0000
